Component: ARM Compiler 5.06 update 2 (build 183) Tool: armlink [4d35b7]

==============================================================================

Section Cross References

    main.o(i.LM75B_set_mode) refers to nrf_drv_twi.o(i.nrf_drv_twi_tx) for nrf_drv_twi_tx
    main.o(i.LM75B_set_mode) refers to app_error.o(i.app_error_handler_bare) for app_error_handler_bare
    main.o(i.LM75B_set_mode) refers to main.o(.constdata) for .constdata
    main.o(i.LM75B_set_mode) refers to main.o(.data) for .data
    main.o(i.ack_timer_handler) refers to main.o(i.send_data) for send_data
    main.o(i.advertising_init) refers to memseta.o(.text) for __aeabi_memclr4
    main.o(i.advertising_init) refers to ble_advertising.o(i.ble_advertising_init) for ble_advertising_init
    main.o(i.advertising_init) refers to app_error.o(i.app_error_handler_bare) for app_error_handler_bare
    main.o(i.advertising_init) refers to main.o(.data) for .data
    main.o(i.advertising_init) refers to main.o(i.on_adv_evt) for on_adv_evt
    main.o(i.assert_nrf_callback) refers to app_error.o(i.app_error_handler) for app_error_handler
    main.o(i.ble_evt_dispatch) refers to ble_conn_params.o(i.ble_conn_params_on_ble_evt) for ble_conn_params_on_ble_evt
    main.o(i.ble_evt_dispatch) refers to ble_nus.o(i.ble_nus_on_ble_evt) for ble_nus_on_ble_evt
    main.o(i.ble_evt_dispatch) refers to main.o(i.on_ble_evt) for on_ble_evt
    main.o(i.ble_evt_dispatch) refers to ble_advertising.o(i.ble_advertising_on_ble_evt) for ble_advertising_on_ble_evt
    main.o(i.ble_evt_dispatch) refers to bsp_btn_ble.o(i.bsp_btn_ble_on_ble_evt) for bsp_btn_ble_on_ble_evt
    main.o(i.ble_evt_dispatch) refers to main.o(.bss) for .bss
    main.o(i.ble_stack_init) refers to softdevice_handler.o(i.softdevice_handler_init) for softdevice_handler_init
    main.o(i.ble_stack_init) refers to app_error.o(i.app_error_handler_bare) for app_error_handler_bare
    main.o(i.ble_stack_init) refers to softdevice_handler.o(i.softdevice_enable_get_default_config) for softdevice_enable_get_default_config
    main.o(i.ble_stack_init) refers to softdevice_handler.o(i.softdevice_enable) for softdevice_enable
    main.o(i.ble_stack_init) refers to softdevice_handler.o(i.softdevice_ble_evt_handler_set) for softdevice_ble_evt_handler_set
    main.o(i.ble_stack_init) refers to main.o(.constdata) for .constdata
    main.o(i.ble_stack_init) refers to main.o(.bss) for .bss
    main.o(i.ble_stack_init) refers to main.o(i.ble_evt_dispatch) for ble_evt_dispatch
    main.o(i.bsp_event_handler) refers to main.o(i.sleep_mode_enter) for sleep_mode_enter
    main.o(i.bsp_event_handler) refers to nrf_log_frontend.o(i.nrf_log_frontend_std_0) for nrf_log_frontend_std_0
    main.o(i.bsp_event_handler) refers to ble_advertising.o(i.ble_advertising_restart_without_whitelist) for ble_advertising_restart_without_whitelist
    main.o(i.bsp_event_handler) refers to app_error.o(i.app_error_handler_bare) for app_error_handler_bare
    main.o(i.bsp_event_handler) refers to main.o(.data) for .data
    main.o(i.conn_params_error_handler) refers to app_error.o(i.app_error_handler_bare) for app_error_handler_bare
    main.o(i.init_data) refers to main.o(.data) for .data
    main.o(i.main) refers to app_timer.o(i.app_timer_init) for app_timer_init
    main.o(i.main) refers to app_error.o(i.app_error_handler_bare) for app_error_handler_bare
    main.o(i.main) refers to app_timer.o(i.app_timer_create) for app_timer_create
    main.o(i.main) refers to app_timer.o(i.app_timer_start) for app_timer_start
    main.o(i.main) refers to main.o(i.twi_init) for twi_init
    main.o(i.main) refers to main.o(i.LM75B_set_mode) for LM75B_set_mode
    main.o(i.main) refers to bsp.o(i.bsp_init) for bsp_init
    main.o(i.main) refers to bsp_btn_ble.o(i.bsp_btn_ble_init) for bsp_btn_ble_init
    main.o(i.main) refers to boards.o(i.bsp_board_leds_init) for bsp_board_leds_init
    main.o(i.main) refers to nrf_log_frontend.o(i.nrf_log_init) for nrf_log_init
    main.o(i.main) refers to nrf_log_frontend.o(i.nrf_log_frontend_std_0) for nrf_log_frontend_std_0
    main.o(i.main) refers to main.o(i.ble_stack_init) for ble_stack_init
    main.o(i.main) refers to ble_nus.o(i.ble_nus_init) for ble_nus_init
    main.o(i.main) refers to main.o(i.advertising_init) for advertising_init
    main.o(i.main) refers to memseta.o(.text) for __aeabi_memclr4
    main.o(i.main) refers to ble_conn_params.o(i.ble_conn_params_init) for ble_conn_params_init
    main.o(i.main) refers to main.o(i.init_data) for init_data
    main.o(i.main) refers to main.o(i.update_state) for update_state
    main.o(i.main) refers to main.o(i.thermostate) for thermostate
    main.o(i.main) refers to ble_advertising.o(i.ble_advertising_start) for ble_advertising_start
    main.o(i.main) refers to nrf_log_frontend.o(i.nrf_log_frontend_dequeue) for nrf_log_frontend_dequeue
    main.o(i.main) refers to nrf_drv_twi.o(i.nrf_drv_twi_rx) for nrf_drv_twi_rx
[...]
    i.nrf_gpio_pin_write                     0x00022962   Section        0  boards.o(i.nrf_gpio_pin_write)
    nrf_gpio_pin_write                       0x00022963   Thumb Code    22  boards.o(i.nrf_gpio_pin_write)
    i.nrf_gpio_ports_read                    0x00022978   Section        0  nrf_drv_gpiote.o(i.nrf_gpio_ports_read)
    nrf_gpio_ports_read                      0x00022979   Thumb Code    34  nrf_drv_gpiote.o(i.nrf_gpio_ports_read)
    i.nrf_gpiote_event_clear                 0x000229a0   Section        0  nrf_drv_gpiote.o(i.nrf_gpiote_event_clear)
    nrf_gpiote_event_clear                   0x000229a1   Thumb Code    16  nrf_drv_gpiote.o(i.nrf_gpiote_event_clear)
    i.nrf_gpiote_event_is_set                0x000229b4   Section        0  nrf_drv_gpiote.o(i.nrf_gpiote_event_is_set)
    nrf_gpiote_event_is_set                  0x000229b5   Thumb Code    12  nrf_drv_gpiote.o(i.nrf_gpiote_event_is_set)
    i.nrf_log_backend_hexdump_handler_get    0x000229c4   Section        0  nrf_log_backend_serial.o(i.nrf_log_backend_hexdump_handler_get)
    i.nrf_log_backend_init                   0x000229cc   Section        0  nrf_log_backend_serial.o(i.nrf_log_backend_init)
    i.nrf_log_backend_serial_hexdump_handler 0x00022a3c   Section        0  nrf_log_backend_serial.o(i.nrf_log_backend_serial_hexdump_handler)
    nrf_log_backend_serial_hexdump_handler   0x00022a3d   Thumb Code   302  nrf_log_backend_serial.o(i.nrf_log_backend_serial_hexdump_handler)
    i.nrf_log_backend_serial_std_handler     0x00022b6a   Section        0  nrf_log_backend_serial.o(i.nrf_log_backend_serial_std_handler)
    nrf_log_backend_serial_std_handler       0x00022b6b   Thumb Code   276  nrf_log_backend_serial.o(i.nrf_log_backend_serial_std_handler)
    i.nrf_log_backend_std_handler_get        0x00022c80   Section        0  nrf_log_backend_serial.o(i.nrf_log_backend_std_handler_get)
    i.nrf_log_blocking_backend_set           0x00022c88   Section        0  nrf_log_frontend.o(i.nrf_log_blocking_backend_set)
    i.nrf_log_frontend_dequeue               0x00022c90   Section        0  nrf_log_frontend.o(i.nrf_log_frontend_dequeue)
    i.nrf_log_frontend_init                  0x00022dc0   Section        0  nrf_log_frontend.o(i.nrf_log_frontend_init)
    i.nrf_log_frontend_std_0                 0x00022dd4   Section        0  nrf_log_frontend.o(i.nrf_log_frontend_std_0)
    i.nrf_log_frontend_std_1                 0x00022e20   Section        0  nrf_log_frontend.o(i.nrf_log_frontend_std_1)
    i.nrf_log_handlers_set                   0x00022e78   Section        0  nrf_log_frontend.o(i.nrf_log_handlers_set)
    i.nrf_log_init                           0x00022e88   Section        0  nrf_log_frontend.o(i.nrf_log_init)
    i.nrf_twim_event_check                   0x00022eac   Section        0  nrf_drv_twi.o(i.nrf_twim_event_check)
    nrf_twim_event_check                     0x00022ead   Thumb Code    10  nrf_drv_twi.o(i.nrf_twim_event_check)
    i.nrf_twim_event_clear                   0x00022eb6   Section        0  nrf_drv_twi.o(i.nrf_twim_event_clear)
    nrf_twim_event_clear                     0x00022eb7   Thumb Code    12  nrf_drv_twi.o(i.nrf_twim_event_clear)
    i.nrf_uart_event_check                   0x00022ec2   Section        0  nrf_drv_uart.o(i.nrf_uart_event_check)
    nrf_uart_event_check                     0x00022ec3   Thumb Code    10  nrf_drv_uart.o(i.nrf_uart_event_check)
    i.nrf_uart_event_clear                   0x00022ecc   Section        0  nrf_drv_uart.o(i.nrf_uart_event_clear)
    nrf_uart_event_clear                     0x00022ecd   Thumb Code    12  nrf_drv_uart.o(i.nrf_uart_event_clear)
    i.nrf_uart_int_enable_check              0x00022ed8   Section        0  nrf_drv_uart.o(i.nrf_uart_int_enable_check)
    nrf_uart_int_enable_check                0x00022ed9   Thumb Code    12  nrf_drv_uart.o(i.nrf_uart_int_enable_check)
    i.nrf_uarte_event_check                  0x00022ee4   Section        0  nrf_drv_uart.o(i.nrf_uarte_event_check)
    nrf_uarte_event_check                    0x00022ee5   Thumb Code    10  nrf_drv_uart.o(i.nrf_uarte_event_check)
    i.nrf_uarte_event_clear                  0x00022eee   Section        0  nrf_drv_uart.o(i.nrf_uarte_event_clear)
    nrf_uarte_event_clear                    0x00022eef   Thumb Code    12  nrf_drv_uart.o(i.nrf_uarte_event_clear)
    i.nus_data_handler                       0x00022efc   Section        0  main.o(i.nus_data_handler)
    nus_data_handler                         0x00022efd   Thumb Code   164  main.o(i.nus_data_handler)
    i.on_adv_evt                             0x000230f4   Section        0  main.o(i.on_adv_evt)
    on_adv_evt                               0x000230f5   Thumb Code   104  main.o(i.on_adv_evt)
    i.on_ble_evt                             0x000231e4   Section        0  main.o(i.on_ble_evt)
    on_ble_evt                               0x000231e5   Thumb Code   296  main.o(i.on_ble_evt)
    i.on_conn_params_evt                     0x00023368   Section        0  main.o(i.on_conn_params_evt)
    on_conn_params_evt                       0x00023369   Thumb Code    24  main.o(i.on_conn_params_evt)
    i.page_offsets_update                    0x00023384   Section        0  fds.o(i.page_offsets_update)
    page_offsets_update                      0x00023385   Thumb Code    18  fds.o(i.page_offsets_update)
    i.page_tag_write_data                    0x00023398   Section        0  fds.o(i.page_tag_write_data)
    page_tag_write_data                      0x00023399   Thumb Code    20  fds.o(i.page_tag_write_data)
    i.page_tag_write_swap                    0x000233b4   Section        0  fds.o(i.page_tag_write_swap)
    page_tag_write_swap                      0x000233b5   Thumb Code    22  fds.o(i.page_tag_write_swap)
    i.pin_in_use_by_port                     0x000233d8   Section        0  nrf_drv_gpiote.o(i.pin_in_use_by_port)
    pin_in_use_by_port                       0x000233d9   Thumb Code    20  nrf_drv_gpiote.o(i.pin_in_use_by_port)
    i.pin_in_use_by_te                       0x000233f0   Section        0  nrf_drv_gpiote.o(i.pin_in_use_by_te)
    pin_in_use_by_te                         0x000233f1   Thumb Code    20  nrf_drv_gpiote.o(i.pin_in_use_by_te)
    i.pins_to_default                        0x00023408   Section        0  nrf_drv_uart.o(i.pins_to_default)
    pins_to_default                          0x00023409   Thumb Code   114  nrf_drv_uart.o(i.pins_to_default)
    i.print_slave_data                       0x00023480   Section        0  main.o(i.print_slave_data)
    i.queue_get_next_free                    0x0002359c   Section        0  fstorage.o(i.queue_get_next_free)
    queue_get_next_free                      0x0002359d   Thumb Code    52  fstorage.o(i.queue_get_next_free)
    i.queue_process                          0x000235d4   Section        0  fstorage.o(i.queue_process)
    queue_process                            0x000235d5   Thumb Code   104  fstorage.o(i.queue_process)
    i.queue_process                          0x00023644   Section        0  fds.o(i.queue_process)
    queue_process                            0x00023645   Thumb Code   184  fds.o(i.queue_process)
    i.queue_start                            0x00023700   Section        0  fstorage.o(i.queue_start)
    queue_start                              0x00023701   Thumb Code    22  fstorage.o(i.queue_start)
    i.ram_end_address_get                    0x0002371c   Section        0  softdevice_handler.o(i.ram_end_address_get)
    ram_end_address_get                      0x0002371d   Thumb Code    16  softdevice_handler.o(i.ram_end_address_get)
    i.record_find                            0x0002372c   Section        0  fds.o(i.record_find)
    record_find                              0x0002372d   Thumb Code   128  fds.o(i.record_find)
    i.record_find_by_desc                    0x000237b4   Section        0  fds.o(i.record_find_by_desc)
    record_find_by_desc                      0x000237b5   Thumb Code   148  fds.o(i.record_find_by_desc)
    i.record_find_next                       0x00023850   Section        0  fds.o(i.record_find_next)
    record_find_next                         0x00023851   Thumb Code    70  fds.o(i.record_find_next)
    i.record_header_flag_dirty               0x0002389c   Section        0  fds.o(i.record_header_flag_dirty)
    record_header_flag_dirty                 0x0002389d   Thumb Code    26  fds.o(i.record_header_flag_dirty)
    i.record_write_chunk                     0x000238c0   Section        0  fds.o(i.record_write_chunk)
    record_write_chunk                       0x000238c1   Thumb Code    82  fds.o(i.record_write_chunk)
    i.rtc1_stop                              0x0002391c   Section        0  app_timer.o(i.rtc1_stop)
    rtc1_stop                                0x0002391d   Thumb Code    52  app_timer.o(i.rtc1_stop)
    i.rx_byte                                0x00023958   Section        0  nrf_drv_uart.o(i.rx_byte)
    rx_byte                                  0x00023959   Thumb Code    50  nrf_drv_uart.o(i.rx_byte)
    i.rx_char_add                            0x0002398a   Section        0  ble_nus.o(i.rx_char_add)
    rx_char_add                              0x0002398b   Thumb Code   220  ble_nus.o(i.rx_char_add)
    i.rx_done_event                          0x00023a66   Section        0  nrf_drv_uart.o(i.rx_done_event)
    rx_done_event                            0x00023a67   Thumb Code    24  nrf_drv_uart.o(i.rx_done_event)
    i.sd_nvic_EnableIRQ                      0x00023a80   Section        0  softdevice_handler.o(i.sd_nvic_EnableIRQ)
    sd_nvic_EnableIRQ                        0x00023a81   Thumb Code   106  softdevice_handler.o(i.sd_nvic_EnableIRQ)
    i.send_ack                               0x00023af0   Section        0  main.o(i.send_ack)
    i.send_data                              0x00023b84   Section        0  main.o(i.send_data)
    i.send_event                             0x00023c50   Section        0  fstorage.o(i.send_event)
    send_event                               0x00023c51   Thumb Code    76  fstorage.o(i.send_event)
    i.serial_is_busy                         0x00023c9c   Section        0  nrf_log_backend_serial.o(i.serial_is_busy)
    serial_is_busy                           0x00023c9d   Thumb Code     6  nrf_log_backend_serial.o(i.serial_is_busy)
    i.serial_tx                              0x00023ca8   Section        0  nrf_log_backend_serial.o(i.serial_tx)
    serial_tx                                0x00023ca9   Thumb Code    34  nrf_log_backend_serial.o(i.serial_tx)
    i.service_data_encode                    0x00023cd4   Section        0  ble_advdata.o(i.service_data_encode)
    service_data_encode                      0x00023cd5   Thumb Code   136  ble_advdata.o(i.service_data_encode)
    i.set_adv_mode_fast                      0x00023d5c   Section        0  ble_advertising.o(i.set_adv_mode_fast)
    set_adv_mode_fast                        0x00023d5d   Thumb Code    64  ble_advertising.o(i.set_adv_mode_fast)
    i.set_adv_mode_slow                      0x00023da4   Section        0  ble_advertising.o(i.set_adv_mode_slow)
    set_adv_mode_slow                        0x00023da5   Thumb Code    60  ble_advertising.o(i.set_adv_mode_slow)
    i.sleep_mode_enter                       0x00023de8   Section        0  main.o(i.sleep_mode_enter)
    sleep_mode_enter                         0x00023de9   Thumb Code    40  main.o(i.sleep_mode_enter)
    i.softdevice_ble_evt_handler_set         0x00023e10   Section        0  softdevice_handler.o(i.softdevice_ble_evt_handler_set)
    i.softdevice_enable                      0x00023e24   Section        0  softdevice_handler.o(i.softdevice_enable)
    i.softdevice_enable_get_default_config   0x00023f04   Section        0  softdevice_handler.o(i.softdevice_enable_get_default_config)
    i.softdevice_fault_handler               0x00023f2a   Section        0  softdevice_handler.o(i.softdevice_fault_handler)
    i.softdevice_handler_init                0x00023f30   Section        0  softdevice_handler.o(i.softdevice_handler_init)
    i.softdevice_handler_is_enabled          0x00023f94   Section        0  softdevice_handler.o(i.softdevice_handler_is_enabled)
    i.thermostate                            0x00023fa0   Section        0  main.o(i.thermostate)
    i.timer_handler                          0x00024010   Section        0  main.o(i.timer_handler)
    timer_handler                            0x00024011   Thumb Code    86  main.o(i.timer_handler)
    i.timer_list_handler                     0x000240cc   Section        0  app_timer.o(i.timer_list_handler)
    timer_list_handler                       0x000240cd   Thumb Code   134  app_timer.o(i.timer_list_handler)
    i.timer_list_insert                      0x00024158   Section        0  app_timer.o(i.timer_list_insert)
    timer_list_insert                        0x00024159   Thumb Code    56  app_timer.o(i.timer_list_insert)
    i.timer_stop_op_schedule                 0x00024194   Section        0  app_timer.o(i.timer_stop_op_schedule)
    timer_stop_op_schedule                   0x00024195   Thumb Code    68  app_timer.o(i.timer_stop_op_schedule)
    i.timer_timeouts_check                   0x000241dc   Section        0  app_timer.o(i.timer_timeouts_check)
    timer_timeouts_check                     0x000241dd   Thumb Code   124  app_timer.o(i.timer_timeouts_check)
    i.timestamp_process                      0x00024260   Section        0  nrf_log_backend_serial.o(i.timestamp_process)
    timestamp_process                        0x00024261   Thumb Code    44  nrf_log_backend_serial.o(i.timestamp_process)
    i.twi_clear_bus                          0x00024294   Section        0  nrf_drv_twi.o(i.twi_clear_bus)
    twi_clear_bus                            0x00024295   Thumb Code   170  nrf_drv_twi.o(i.twi_clear_bus)
    i.twi_handler                            0x00024340   Section        0  main.o(i.twi_handler)
    i.twi_init                               0x00024354   Section        0  main.o(i.twi_init)
    i.twim_xfer                              0x00024384   Section        0  nrf_drv_twi.o(i.twim_xfer)
    twim_xfer                                0x00024385   Thumb Code   570  nrf_drv_twi.o(i.twim_xfer)
    i.tx_byte                                0x000245c4   Section        0  nrf_drv_uart.o(i.tx_byte)
    tx_byte                                  0x000245c5   Thumb Code    32  nrf_drv_uart.o(i.tx_byte)
    i.tx_char_add                            0x000245e4   Section        0  ble_nus.o(i.tx_char_add)
    tx_char_add                              0x000245e5   Thumb Code   160  ble_nus.o(i.tx_char_add)
    i.tx_done_event                          0x00024684   Section        0  nrf_drv_uart.o(i.tx_done_event)
    tx_done_event                            0x00024685   Thumb Code    28  nrf_drv_uart.o(i.tx_done_event)
    i.uart_event_handler                     0x000246a0   Section        0  nrf_log_backend_serial.o(i.uart_event_handler)
    uart_event_handler                       0x000246a1   Thumb Code    12  nrf_log_backend_serial.o(i.uart_event_handler)
    i.uart_irq_handler                       0x000246b0   Section        0  nrf_drv_uart.o(i.uart_irq_handler)
    uart_irq_handler                         0x000246b1   Thumb Code   286  nrf_drv_uart.o(i.uart_irq_handler)
    i.uarte_irq_handler                      0x000247ce   Section        0  nrf_drv_uart.o(i.uarte_irq_handler)
    uarte_irq_handler                        0x000247cf   Thumb Code   240  nrf_drv_uart.o(i.uarte_irq_handler)
    i.uint16_encode                          0x000248be   Section        0  ble_advdata.o(i.uint16_encode)
    uint16_encode                            0x000248bf   Thumb Code    10  ble_advdata.o(i.uint16_encode)
    i.update_priority                        0x000248c8   Section        0  main.o(i.update_priority)
    i.update_state                           0x00024948   Section        0  main.o(i.update_state)
    i.update_timeout_handler                 0x00024988   Section        0  ble_conn_params.o(i.update_timeout_handler)
    update_timeout_handler                   0x00024989   Thumb Code    88  ble_conn_params.o(i.update_timeout_handler)
    i.user_op_alloc                          0x000249e8   Section        0  app_timer.o(i.user_op_alloc)
    user_op_alloc                            0x000249e9   Thumb Code    42  app_timer.o(i.user_op_alloc)
    i.uuid_list_encode                       0x00024a18   Section        0  ble_advdata.o(i.uuid_list_encode)
    uuid_list_encode                         0x00024a19   Thumb Code    48  ble_advdata.o(i.uuid_list_encode)
    i.uuid_list_sized_encode                 0x00024a48   Section        0  ble_advdata.o(i.uuid_list_sized_encode)
    uuid_list_sized_encode                   0x00024a49   Thumb Code   158  ble_advdata.o(i.uuid_list_sized_encode)
    i.write_execute                          0x00024ae8   Section        0  fds.o(i.write_execute)
    write_execute                            0x00024ae9   Thumb Code   222  fds.o(i.write_execute)
    .constdata                               0x00024bd0   Section       44  main.o(.constdata)
    m_temp_timer                             0x00024bd0   Data           4  main.o(.constdata)
    ack_timer                                0x00024bd4   Data           4  main.o(.constdata)
    m_target_central_addr                    0x00024bdc   Data           7  main.o(.constdata)
    m_twi                                    0x00024be4   Data           8  main.o(.constdata)
    .constdata                               0x00024bfc   Section        8  boards.o(.constdata)
    m_board_led_list                         0x00024bfc   Data           4  boards.o(.constdata)
    m_board_btn_list                         0x00024c00   Data           4  boards.o(.constdata)
    .constdata                               0x00024c04   Section       44  bsp.o(.constdata)
    m_leds_timer_id                          0x00024c04   Data           4  bsp.o(.constdata)
    m_alert_timer_id                         0x00024c08   Data           4  bsp.o(.constdata)
    m_button_timer_id                        0x00024c0c   Data           4  bsp.o(.constdata)
    app_buttons                              0x00024c10   Data          32  bsp.o(.constdata)
    .constdata                               0x00024c30   Section        4  ble_conn_params.o(.constdata)
    m_conn_params_timer_id                   0x00024c30   Data           4  ble_conn_params.o(.constdata)
    .constdata                               0x00024c34   Section       16  ble_nus.o(.constdata)
    .constdata                               0x00024c44   Section        4  nrf_drv_gpiote.o(.constdata)
    .constdata                               0x00024c48   Section       12  nrf_drv_twi.o(.constdata)
    .constdata                               0x00024c54   Section        8  app_button.o(.constdata)
    m_detection_delay_timer_id               0x00024c54   Data           4  app_button.o(.constdata)
    .constdata                               0x00024c5c   Section       20  fds.o(.constdata)
    m_fds_tl_dirty                           0x00024c5c   Data           4  fds.o(.constdata)
    page_tag_swap                            0x00024c60   Data           8  fds.o(.constdata)
    page_tag_data                            0x00024c68   Data           8  fds.o(.constdata)
    .constdata                               0x00024c70   Section       32  nrf_log_backend_serial.o(.constdata)
    .constdata                               0x00024c90   Section       36  nrf_log_frontend.o(.constdata)
    .constdata                               0x00024cb4   Section      129  ctype_o.o(.constdata)
    .constdata                               0x00024d38   Section        4  ctype_o.o(.constdata)
    table                                    0x00024d38   Data           4  ctype_o.o(.constdata)
    .conststring                             0x00024d3c   Section       11  nrf_log_frontend.o(.conststring)
    .conststring                             0x00024d48   Section       66  softdevice_handler.o(.conststring)
    .data                                    0x20002128   Section       17  main.o(.data)
    m_xfer_done                              0x20002129   Data           1  main.o(.data)
    is_connect_per_addr                      0x2000212a   Data           1  main.o(.data)
    m_sample                                 0x2000212b   Data           1  main.o(.data)
    m_conn_handle                            0x2000212c   Data           2  main.o(.data)
    m_adv_uuids                              0x2000212e   Data           4  main.o(.data)
    .data                                    0x2000213c   Section       20  bsp.o(.data)
    m_stable_state                           0x2000213c   Data           1  bsp.o(.data)
    m_leds_clear                             0x2000213d   Data           1  bsp.o(.data)
    current_long_push_pin_no                 0x2000213e   Data           1  bsp.o(.data)
    m_app_ticks_per_100ms                    0x20002140   Data           4  bsp.o(.data)
    m_indication_type                        0x20002144   Data           4  bsp.o(.data)
    m_registered_callback                    0x20002148   Data           4  bsp.o(.data)
    release_event_at_push                    0x2000214c   Data           4  bsp.o(.data)
    .data                                    0x20002150   Section        8  bsp_btn_ble.o(.data)
    m_error_handler                          0x20002150   Data           4  bsp_btn_ble.o(.data)
    m_num_connections                        0x20002154   Data           4  bsp_btn_ble.o(.data)
    .data                                    0x20002158   Section       31  ble_advertising.o(.data)
    m_initialized                            0x20002158   Data           1  ble_advertising.o(.data)
    m_advertising_start_pending              0x20002159   Data           1  ble_advertising.o(.data)
    m_adv_evt                                0x2000215a   Data           1  ble_advertising.o(.data)
    m_adv_mode_current                       0x2000215b   Data           1  ble_advertising.o(.data)
    m_peer_addr_reply_expected               0x2000215c   Data           1  ble_advertising.o(.data)
    m_whitelist_temporarily_disabled         0x2000215d   Data           1  ble_advertising.o(.data)
    m_whitelist_reply_expected               0x2000215e   Data           1  ble_advertising.o(.data)
    m_whitelist_in_use                       0x2000215f   Data           1  ble_advertising.o(.data)
    m_current_slave_link_conn_handle         0x20002160   Data           2  ble_advertising.o(.data)
    m_slave_conn_int                         0x20002162   Data           4  ble_advertising.o(.data)
    m_evt_handler                            0x20002168   Data           4  ble_advertising.o(.data)
    m_error_handler                          0x2000216c   Data           4  ble_advertising.o(.data)
    m_peer_address                           0x20002170   Data           7  ble_advertising.o(.data)
    .data                                    0x20002178   Section       20  ble_conn_params.o(.data)
    m_change_param                           0x20002178   Data           1  ble_conn_params.o(.data)
    m_update_count                           0x20002179   Data           1  ble_conn_params.o(.data)
    m_conn_handle                            0x2000217a   Data           2  ble_conn_params.o(.data)
    m_preferred_conn_params                  0x2000217c   Data           8  ble_conn_params.o(.data)
    m_current_conn_params                    0x20002184   Data           8  ble_conn_params.o(.data)
    .data                                    0x2000218c   Section       20  app_button.o(.data)
    m_button_count                           0x2000218c   Data           1  app_button.o(.data)
    mp_buttons                               0x20002190   Data           4  app_button.o(.data)
    m_detection_delay                        0x20002194   Data           4  app_button.o(.data)
    m_pin_state                              0x20002198   Data           4  app_button.o(.data)
    m_pin_transition                         0x2000219c   Data           4  app_button.o(.data)
    .data                                    0x200021a0   Section       32  app_timer.o(.data)
    m_ticks_elapsed_q_read_ind               0x200021a0   Data           1  app_timer.o(.data)
    m_ticks_elapsed_q_write_ind              0x200021a1   Data           1  app_timer.o(.data)
    m_rtc1_running                           0x200021a2   Data           1  app_timer.o(.data)
    m_rtc1_reset                             0x200021a3   Data           1  app_timer.o(.data)
    mp_timer_id_head                         0x200021a4   Data           4  app_timer.o(.data)
    m_ticks_latest                           0x200021a8   Data           4  app_timer.o(.data)
    m_evt_schedule_func                      0x200021ac   Data           4  app_timer.o(.data)
    m_op_queue                               0x200021b0   Data           8  app_timer.o(.data)
    m_ticks_elapsed                          0x200021b8   Data           8  app_timer.o(.data)
    .data                                    0x200021c0   Section        2  fstorage.o(.data)
    m_flags                                  0x200021c0   Data           1  fstorage.o(.data)
    m_retry_count                            0x200021c1   Data           1  fstorage.o(.data)
    .data                                    0x200021c4   Section       24  fds.o(.data)
    m_flags                                  0x200021c4   Data           1  fds.o(.data)
    m_users                                  0x200021c5   Data           1  fds.o(.data)
    m_latest_rec_id                          0x200021c8   Data           4  fds.o(.data)
    tok                                      0x200021cc   Data           8  fds.o(.data)
    m_swap_page                              0x200021d4   Data           8  fds.o(.data)
    .data                                    0x200021dc   Section       12  nrf_log_backend_serial.o(.data)
    m_initialized                            0x200021dc   Data           1  nrf_log_backend_serial.o(.data)
    m_blocking_mode                          0x200021dd   Data           1  nrf_log_backend_serial.o(.data)
    m_rx_done                                0x200021de   Data           1  nrf_log_backend_serial.o(.data)
    m_uart                                   0x200021e0   Data           8  nrf_log_backend_serial.o(.data)
    .data                                    0x200021e8   Section        4  nrf_log_frontend.o(.data)
    m_overflow_info                          0x200021e8   Data           4  nrf_log_frontend.o(.data)
    .data                                    0x200021ec   Section       20  softdevice_handler.o(.data)
    m_softdevice_enabled                     0x200021ec   Data           1  softdevice_handler.o(.data)
    m_suspended                              0x200021ed   Data           1  softdevice_handler.o(.data)
    m_ble_evt_buffer_size                    0x200021ee   Data           2  softdevice_handler.o(.data)
    m_evt_schedule_func                      0x200021f0   Data           4  softdevice_handler.o(.data)
    mp_ble_evt_buffer                        0x200021f4   Data           4  softdevice_handler.o(.data)
    m_ble_evt_handler                        0x200021f8   Data           4  softdevice_handler.o(.data)
    m_sys_evt_handler                        0x200021fc   Data           4  softdevice_handler.o(.data)
    .data                                    0x20002200   Section        4  system_nrf52.o(.data)
    __tagsym$$used                           0x20002200   Number         0  system_nrf52.o(.data)
    fs_data                                  0x20002204   Section       16  fds.o(fs_data)
    __tagsym$$used                           0x20002204   Number         0  fds.o(fs_data)
    fs_config                                0x20002204   Data          16  fds.o(fs_data)
    .bss                                     0x20002214   Section       32  main.o(.bss)
    m_temp_timer_data                        0x20002214   Data          32  main.o(.bss)
    .bss                                     0x20002234   Section       32  main.o(.bss)
    ack_timer_data                           0x20002234   Data          32  main.o(.bss)
    .bss                                     0x20002254   Section      252  main.o(.bss)
    BLE_EVT_BUFFER                           0x20002254   Data          80  main.o(.bss)
    APP_TIMER_BUF                            0x200022a4   Data         144  main.o(.bss)
    m_nus                                    0x20002334   Data          28  main.o(.bss)
    .bss                                     0x20002350   Section       32  bsp.o(.bss)
    m_leds_timer_id_data                     0x20002350   Data          32  bsp.o(.bss)
    .bss                                     0x20002370   Section       32  bsp.o(.bss)
    m_alert_timer_id_data                    0x20002370   Data          32  bsp.o(.bss)
    .bss                                     0x20002390   Section       12  bsp.o(.bss)
    m_events_list                            0x20002390   Data          12  bsp.o(.bss)
    .bss                                     0x2000239c   Section       32  bsp.o(.bss)
    m_button_timer_id_data                   0x2000239c   Data          32  bsp.o(.bss)
    .bss                                     0x200023bc   Section      179  ble_advertising.o(.bss)
    m_adv_modes_config                       0x200023bc   Data          32  ble_advertising.o(.bss)
    m_advdata                                0x200023dc   Data          60  ble_advertising.o(.bss)
    m_manuf_specific_data                    0x20002418   Data          12  ble_advertising.o(.bss)
    m_manuf_data_array                       0x20002424   Data          31  ble_advertising.o(.bss)
    m_service_data                           0x20002444   Data          12  ble_advertising.o(.bss)
    m_service_data_array                     0x20002450   Data          31  ble_advertising.o(.bss)
    .bss                                     0x20002470   Section       32  ble_conn_params.o(.bss)
    m_conn_params_timer_id_data              0x20002470   Data          32  ble_conn_params.o(.bss)
    .bss                                     0x20002490   Section       28  ble_conn_params.o(.bss)
    m_conn_params_config                     0x20002490   Data          28  ble_conn_params.o(.bss)
    .bss                                     0x200024ac   Section       20  nrf_drv_clock.o(.bss)
    m_clock_cb                               0x200024ac   Data          20  nrf_drv_clock.o(.bss)
    .bss                                     0x200024c0   Section       88  nrf_drv_gpiote.o(.bss)
    m_cb                                     0x200024c0   Data          88  nrf_drv_gpiote.o(.bss)
    .bss                                     0x20002518   Section       32  nrf_drv_uart.o(.bss)
    m_cb                                     0x20002518   Data          32  nrf_drv_uart.o(.bss)
    .bss                                     0x20002538   Section       40  nrf_drv_twi.o(.bss)
    m_cb                                     0x20002538   Data          40  nrf_drv_twi.o(.bss)
    .bss                                     0x20002560   Section       32  app_button.o(.bss)
    m_detection_delay_timer_id_data          0x20002560   Data          32  app_button.o(.bss)
    .bss                                     0x20002580   Section       12  app_util_platform.o(.bss)
    .bss                                     0x2000258c   Section      104  fstorage.o(.bss)
    m_queue                                  0x2000258c   Data         104  fstorage.o(.bss)
    .bss                                     0x200025f4   Section      284  fds.o(.bss)
    desc                                     0x200025f4   Data          12  fds.o(.bss)
    m_cb_table                               0x20002600   Data          32  fds.o(.bss)
    m_op_queue                               0x20002620   Data         120  fds.o(.bss)
    m_chunk_queue                            0x20002698   Data          72  fds.o(.bss)
    m_pages                                  0x200026e0   Data          32  fds.o(.bss)
    m_gc                                     0x20002700   Data          16  fds.o(.bss)
    .bss                                     0x20002710   Section      256  nrf_log_backend_serial.o(.bss)
    m_uart_buffer                            0x20002710   Data         256  nrf_log_backend_serial.o(.bss)
    .bss                                     0x20002810   Section     1048  nrf_log_frontend.o(.bss)
    m_log_data                               0x20002810   Data        1048  nrf_log_frontend.o(.bss)
    STACK                                    0x20002c28   Section     8192  arm_startup_nrf52.o(STACK)

    Global Symbols

    Symbol Name                              Value     Ov Type        Size  Object(Section)

    BuildAttributes$$THM_ISAv4$E$P$D$K$B$S$7EM$VFPi3$EXTD16$VFPS$VFMA$PE$A:L22UL41UL21$X:L11$S22US41US21$IEEE1$IW$USESV6$~STKCKD$USESV7$~SHL$OSPACE$ROPI$EBA8$MICROLIB$REQ8$PRES8$EABIv2 0x00000000   Number         0  anon$$obj.o ABSOLUTE
    __ARM_use_no_argv                        0x00000000   Number         0  main.o ABSOLUTE
    _printf_a                                0x00000000   Number         0  stubs.o ABSOLUTE
    _printf_c                                0x00000000   Number         0  stubs.o ABSOLUTE
    _printf_charcount                        0x00000000   Number         0  stubs.o ABSOLUTE
    _printf_d                                0x00000000   Number         0  stubs.o ABSOLUTE
    _printf_e                                0x00000000   Number         0  stubs.o ABSOLUTE
    _printf_f                                0x00000000   Number         0  stubs.o ABSOLUTE
    _printf_flags                            0x00000000   Number         0  stubs.o ABSOLUTE
    _printf_fp_dec                           0x00000000   Number         0  stubs.o ABSOLUTE
    _printf_fp_hex                           0x00000000   Number         0  stubs.o ABSOLUTE
    _printf_g                                0x00000000   Number         0  stubs.o ABSOLUTE
    _printf_i                                0x00000000   Number         0  stubs.o ABSOLUTE
    _printf_int_dec                          0x00000000   Number         0  stubs.o ABSOLUTE
    _printf_l                                0x00000000   Number         0  stubs.o ABSOLUTE
    _printf_lc                               0x00000000   Number         0  stubs.o ABSOLUTE
    _printf_ll                               0x00000000   Number         0  stubs.o ABSOLUTE
    _printf_lld                              0x00000000   Number         0  stubs.o ABSOLUTE
    _printf_lli                              0x00000000   Number         0  stubs.o ABSOLUTE
    _printf_llo                              0x00000000   Number         0  stubs.o ABSOLUTE
    _printf_llu                              0x00000000   Number         0  stubs.o ABSOLUTE
    _printf_llx                              0x00000000   Number         0  stubs.o ABSOLUTE
    _printf_longlong_dec                     0x00000000   Number         0  stubs.o ABSOLUTE
    _printf_longlong_hex                     0x00000000   Number         0  stubs.o ABSOLUTE
    _printf_longlong_oct                     0x00000000   Number         0  stubs.o ABSOLUTE
    _printf_ls                               0x00000000   Number         0  stubs.o ABSOLUTE
    _printf_mbtowc                           0x00000000   Number         0  stubs.o ABSOLUTE
    _printf_n                                0x00000000   Number         0  stubs.o ABSOLUTE
    _printf_o                                0x00000000   Number         0  stubs.o ABSOLUTE
    _printf_p                                0x00000000   Number         0  stubs.o ABSOLUTE
    _printf_percent                          0x00000000   Number         0  stubs.o ABSOLUTE
    _printf_pre_padding                      0x00000000   Number         0  stubs.o ABSOLUTE
    _printf_return_value                     0x00000000   Number         0  stubs.o ABSOLUTE
    _printf_s                                0x00000000   Number         0  stubs.o ABSOLUTE
    _printf_sizespec                         0x00000000   Number         0  stubs.o ABSOLUTE
    _printf_str                              0x00000000   Number         0  stubs.o ABSOLUTE
    _printf_truncate_signed                  0x00000000   Number         0  stubs.o ABSOLUTE
    _printf_truncate_unsigned                0x00000000   Number         0  stubs.o ABSOLUTE
    _printf_u                                0x00000000   Number         0  stubs.o ABSOLUTE
    _printf_wc                               0x00000000   Number         0  stubs.o ABSOLUTE
    _printf_wctomb                           0x00000000   Number         0  stubs.o ABSOLUTE
    _printf_widthprec                        0x00000000   Number         0  stubs.o ABSOLUTE
    _printf_x                                0x00000000   Number         0  stubs.o ABSOLUTE
    __cpp_initialize__aeabi_                  - Undefined Weak Reference
    __cxa_finalize                            - Undefined Weak Reference
    __decompress                              - Undefined Weak Reference
    _clock_init                               - Undefined Weak Reference
    _microlib_exit                            - Undefined Weak Reference
    __Vectors_Size                           0x00000400   Number         0  arm_startup_nrf52.o ABSOLUTE
    __Vectors                                0x0001f000   Data           4  arm_startup_nrf52.o(RESET)
    __Vectors_End                            0x0001f400   Data           0  arm_startup_nrf52.o(RESET)
    __main                                   0x0001f401   Thumb Code     0  entry.o(.ARM.Collect$$$$00000000)
    _main_stk                                0x0001f401   Thumb Code     0  entry2.o(.ARM.Collect$$$$00000001)
    _main_scatterload                        0x0001f405   Thumb Code     0  entry5.o(.ARM.Collect$$$$00000004)
    __main_after_scatterload                 0x0001f409   Thumb Code     0  entry5.o(.ARM.Collect$$$$00000004)
    _main_clock                              0x0001f409   Thumb Code     0  entry7b.o(.ARM.Collect$$$$00000008)
    _main_cpp_init                           0x0001f409   Thumb Code     0  entry8b.o(.ARM.Collect$$$$0000000A)
    _main_init                               0x0001f409   Thumb Code     0  entry9a.o(.ARM.Collect$$$$0000000B)
    __rt_final_cpp                           0x0001f411   Thumb Code     0  entry10a.o(.ARM.Collect$$$$0000000D)
    __rt_final_exit                          0x0001f411   Thumb Code     0  entry11a.o(.ARM.Collect$$$$0000000F)
    Reset_Handler                            0x0001f415   Thumb Code     8  arm_startup_nrf52.o(.text)
    NMI_Handler                              0x0001f41d   Thumb Code     2  arm_startup_nrf52.o(.text)
    HardFault_Handler                        0x0001f41f   Thumb Code     2  arm_startup_nrf52.o(.text)
    MemoryManagement_Handler                 0x0001f421   Thumb Code     2  arm_startup_nrf52.o(.text)
    BusFault_Handler                         0x0001f423   Thumb Code     2  arm_startup_nrf52.o(.text)
    UsageFault_Handler                       0x0001f425   Thumb Code     2  arm_startup_nrf52.o(.text)
    SVC_Handler                              0x0001f427   Thumb Code     2  arm_startup_nrf52.o(.text)
    DebugMon_Handler                         0x0001f429   Thumb Code     2  arm_startup_nrf52.o(.text)
    PendSV_Handler                           0x0001f42b   Thumb Code     2  arm_startup_nrf52.o(.text)
    SysTick_Handler                          0x0001f42d   Thumb Code     2  arm_startup_nrf52.o(.text)
    CCM_AAR_IRQHandler                       0x0001f42f   Thumb Code     0  arm_startup_nrf52.o(.text)
    COMP_LPCOMP_IRQHandler                   0x0001f42f   Thumb Code     0  arm_startup_nrf52.o(.text)
    ECB_IRQHandler                           0x0001f42f   Thumb Code     0  arm_startup_nrf52.o(.text)
    FPU_IRQHandler                           0x0001f42f   Thumb Code     0  arm_startup_nrf52.o(.text)
    I2S_IRQHandler                           0x0001f42f   Thumb Code     0  arm_startup_nrf52.o(.text)
    MWU_IRQHandler                           0x0001f42f   Thumb Code     0  arm_startup_nrf52.o(.text)
    NFCT_IRQHandler                          0x0001f42f   Thumb Code     0  arm_startup_nrf52.o(.text)
    PDM_IRQHandler                           0x0001f42f   Thumb Code     0  arm_startup_nrf52.o(.text)
    PWM0_IRQHandler                          0x0001f42f   Thumb Code     0  arm_startup_nrf52.o(.text)
    PWM1_IRQHandler                          0x0001f42f   Thumb Code     0  arm_startup_nrf52.o(.text)
    PWM2_IRQHandler                          0x0001f42f   Thumb Code     0  arm_startup_nrf52.o(.text)
    QDEC_IRQHandler                          0x0001f42f   Thumb Code     0  arm_startup_nrf52.o(.text)
    RADIO_IRQHandler                         0x0001f42f   Thumb Code     0  arm_startup_nrf52.o(.text)
    RNG_IRQHandler                           0x0001f42f   Thumb Code     0  arm_startup_nrf52.o(.text)
    RTC0_IRQHandler                          0x0001f42f   Thumb Code     0  arm_startup_nrf52.o(.text)
    RTC2_IRQHandler                          0x0001f42f   Thumb Code     0  arm_startup_nrf52.o(.text)
    SAADC_IRQHandler                         0x0001f42f   Thumb Code     0  arm_startup_nrf52.o(.text)
    SPIM1_SPIS1_TWIM1_TWIS1_SPI1_TWI1_IRQHandler 0x0001f42f   Thumb Code     0  arm_startup_nrf52.o(.text)
    SPIM2_SPIS2_SPI2_IRQHandler              0x0001f42f   Thumb Code     0  arm_startup_nrf52.o(.text)
    SWI1_EGU1_IRQHandler                     0x0001f42f   Thumb Code     0  arm_startup_nrf52.o(.text)
    SWI3_EGU3_IRQHandler                     0x0001f42f   Thumb Code     0  arm_startup_nrf52.o(.text)
    SWI4_EGU4_IRQHandler                     0x0001f42f   Thumb Code     0  arm_startup_nrf52.o(.text)
    SWI5_EGU5_IRQHandler                     0x0001f42f   Thumb Code     0  arm_startup_nrf52.o(.text)
    TEMP_IRQHandler                          0x0001f42f   Thumb Code     0  arm_startup_nrf52.o(.text)
    TIMER0_IRQHandler                        0x0001f42f   Thumb Code     0  arm_startup_nrf52.o(.text)
    TIMER1_IRQHandler                        0x0001f42f   Thumb Code     0  arm_startup_nrf52.o(.text)
    TIMER2_IRQHandler                        0x0001f42f   Thumb Code     0  arm_startup_nrf52.o(.text)
    TIMER3_IRQHandler                        0x0001f42f   Thumb Code     0  arm_startup_nrf52.o(.text)
    TIMER4_IRQHandler                        0x0001f42f   Thumb Code     0  arm_startup_nrf52.o(.text)
    WDT_IRQHandler                           0x0001f42f   Thumb Code     0  arm_startup_nrf52.o(.text)
    __rt_ctype_table                         0x0001f439   Thumb Code     4  ctype_o.o(.text)
    __aeabi_memcpy                           0x0001f441   Thumb Code    36  memcpya.o(.text)
    __aeabi_memcpy4                          0x0001f441   Thumb Code     0  memcpya.o(.text)
    __aeabi_memcpy8                          0x0001f441   Thumb Code     0  memcpya.o(.text)
    __aeabi_memset                           0x0001f465   Thumb Code    14  memseta.o(.text)
    __aeabi_memset4                          0x0001f465   Thumb Code     0  memseta.o(.text)
    __aeabi_memset8                          0x0001f465   Thumb Code     0  memseta.o(.text)
    __aeabi_memclr                           0x0001f473   Thumb Code     4  memseta.o(.text)
    __aeabi_memclr4                          0x0001f473   Thumb Code     0  memseta.o(.text)
    __aeabi_memclr8                          0x0001f473   Thumb Code     0  memseta.o(.text)
    _memset$wrapper                          0x0001f477   Thumb Code    18  memseta.o(.text)
    strlen                                   0x0001f489   Thumb Code    14  strlen.o(.text)
    memcmp                                   0x0001f497   Thumb Code    26  memcmp.o(.text)
    __aeabi_uldivmod                         0x0001f4b1   Thumb Code    98  uldiv.o(.text)
    __scatterload                            0x0001f515   Thumb Code    28  init.o(.text)
    __scatterload_rt2                        0x0001f515   Thumb Code     0  init.o(.text)
    __aeabi_llsl                             0x0001f539   Thumb Code    30  llshl.o(.text)
    _ll_shift_l                              0x0001f539   Thumb Code     0  llshl.o(.text)
    __aeabi_llsr                             0x0001f557   Thumb Code    32  llushr.o(.text)
    _ll_ushift_r                             0x0001f557   Thumb Code     0  llushr.o(.text)
    GPIOTE_IRQHandler                        0x0001f579   Thumb Code   362  nrf_drv_gpiote.o(i.GPIOTE_IRQHandler)
    LM75B_set_mode                           0x0001f6ed   Thumb Code    72  main.o(i.LM75B_set_mode)
    POWER_CLOCK_IRQHandler                   0x0001f7d1   Thumb Code    84  nrf_drv_clock.o(i.POWER_CLOCK_IRQHandler)
    RTC1_IRQHandler                          0x0001f829   Thumb Code    32  app_timer.o(i.RTC1_IRQHandler)
    SPIM0_SPIS0_TWIM0_TWIS0_SPI0_TWI0_IRQHandler 0x0001f84d   Thumb Code     8  nrf_drv_twi.o(i.SPIM0_SPIS0_TWIM0_TWIS0_SPI0_TWI0_IRQHandler)
    SWI0_EGU0_IRQHandler                     0x0001f85d   Thumb Code     4  app_timer.o(i.SWI0_EGU0_IRQHandler)
    SWI2_EGU2_IRQHandler                     0x0001f861   Thumb Code    32  softdevice_handler.o(i.SWI2_EGU2_IRQHandler)
    SystemInit                               0x0001f885   Thumb Code   610  system_nrf52.o(i.SystemInit)
    UARTE0_UART0_IRQHandler                  0x0001fb21   Thumb Code    20  nrf_drv_uart.o(i.UARTE0_UART0_IRQHandler)
    __0snprintf$8                            0x0001fb3d   Thumb Code    36  printf8.o(i.__0snprintf$8)
    __1snprintf$8                            0x0001fb3d   Thumb Code     0  printf8.o(i.__0snprintf$8)
    __2snprintf                              0x0001fb3d   Thumb Code     0  printf8.o(i.__0snprintf$8)
    __scatterload_copy                       0x0001fb65   Thumb Code    14  handlers.o(i.__scatterload_copy)
    __scatterload_null                       0x0001fb73   Thumb Code     2  handlers.o(i.__scatterload_null)
    __scatterload_zeroinit                   0x0001fb75   Thumb Code    14  handlers.o(i.__scatterload_zeroinit)
    adv_data_encode                          0x00020025   Thumb Code   386  ble_advdata.o(i.adv_data_encode)
    app_button_enable                        0x000202ad   Thumb Code    32  app_button.o(i.app_button_enable)
    app_button_init                          0x000202d1   Thumb Code    96  app_button.o(i.app_button_init)
    app_error_fault_handler                  0x00020341   Thumb Code    46  app_error_weak.o(i.app_error_fault_handler)
    app_error_handler_bare                   0x00020391   Thumb Code    22  app_error.o(i.app_error_handler_bare)
    app_timer_create                         0x000203a9   Thumb Code    32  app_timer.o(i.app_timer_create)
    app_timer_init                           0x000203cd   Thumb Code   102  app_timer.o(i.app_timer_init)
    app_timer_start                          0x0002043d   Thumb Code   128  app_timer.o(i.app_timer_start)
    app_timer_stop                           0x000204c5   Thumb Code    26  app_timer.o(i.app_timer_stop)
    app_util_critical_region_enter           0x000204e5   Thumb Code    64  app_util_platform.o(i.app_util_critical_region_enter)
    app_util_critical_region_exit            0x0002052d   Thumb Code    46  app_util_platform.o(i.app_util_critical_region_exit)
    ble_advdata_set                          0x00020619   Thumb Code   104  ble_advdata.o(i.ble_advdata_set)
    ble_advertising_init                     0x00020681   Thumb Code   278  ble_advertising.o(i.ble_advertising_init)
    ble_advertising_on_ble_evt               0x000207a1   Thumb Code    88  ble_advertising.o(i.ble_advertising_on_ble_evt)
    ble_advertising_restart_without_whitelist 0x000207fd   Thumb Code    50  ble_advertising.o(i.ble_advertising_restart_without_whitelist)
    ble_advertising_start                    0x00020839   Thumb Code   250  ble_advertising.o(i.ble_advertising_start)
    ble_conn_params_init                     0x0002093d   Thumb Code    72  ble_conn_params.o(i.ble_conn_params_init)
    ble_conn_params_on_ble_evt               0x00020995   Thumb Code   120  ble_conn_params.o(i.ble_conn_params_on_ble_evt)
    ble_nus_init                             0x00020aa5   Thumb Code    94  ble_nus.o(i.ble_nus_init)
    ble_nus_on_ble_evt                       0x00020b09   Thumb Code    92  ble_nus.o(i.ble_nus_on_ble_evt)
    ble_nus_string_send                      0x00020b65   Thumb Code    78  ble_nus.o(i.ble_nus_string_send)
    ble_srv_is_notification_enabled          0x00020bb3   Thumb Code     8  ble_srv_common.o(i.ble_srv_is_notification_enabled)
    bsp_board_button_idx_to_pin              0x00020c19   Thumb Code     6  boards.o(i.bsp_board_button_idx_to_pin)
    bsp_board_button_state_get               0x00020c25   Thumb Code    28  boards.o(i.bsp_board_button_state_get)
    bsp_board_led_invert                     0x00020c45   Thumb Code    32  boards.o(i.bsp_board_led_invert)
    bsp_board_led_off                        0x00020c69   Thumb Code    10  boards.o(i.bsp_board_led_off)
    bsp_board_led_on                         0x00020c79   Thumb Code    10  boards.o(i.bsp_board_led_on)
    bsp_board_led_state_get                  0x00020c89   Thumb Code    28  boards.o(i.bsp_board_led_state_get)
    bsp_board_leds_init                      0x00020ca9   Thumb Code    38  boards.o(i.bsp_board_leds_init)
    bsp_board_leds_off                       0x00020cd5   Thumb Code    18  boards.o(i.bsp_board_leds_off)
    bsp_board_leds_on                        0x00020ce7   Thumb Code    18  boards.o(i.bsp_board_leds_on)
    bsp_board_pin_to_button_idx              0x00020cf9   Thumb Code    30  boards.o(i.bsp_board_pin_to_button_idx)
    bsp_btn_ble_init                         0x00020d1d   Thumb Code    52  bsp_btn_ble.o(i.bsp_btn_ble_init)
    bsp_btn_ble_on_ble_evt                   0x00020d55   Thumb Code   106  bsp_btn_ble.o(i.bsp_btn_ble_on_ble_evt)
    bsp_btn_ble_sleep_mode_prepare           0x00020dc5   Thumb Code    30  bsp_btn_ble.o(i.bsp_btn_ble_sleep_mode_prepare)
    bsp_button_is_pressed                    0x00020e79   Thumb Code     4  bsp.o(i.bsp_button_is_pressed)
    bsp_event_handler                        0x00020e7d   Thumb Code    80  main.o(i.bsp_event_handler)
    bsp_event_to_button_action_assign        0x00020ef5   Thumb Code    64  bsp.o(i.bsp_event_to_button_action_assign)
    bsp_indication_set                       0x00020f39   Thumb Code    20  bsp.o(i.bsp_indication_set)
    bsp_init                                 0x00020f51   Thumb Code   132  bsp.o(i.bsp_init)
    bsp_wakeup_button_enable                 0x0002115d   Thumb Code    16  bsp.o(i.bsp_wakeup_button_enable)
    buffer_is_empty                          0x000211e9   Thumb Code    16  nrf_log_frontend.o(i.buffer_is_empty)
    fs_erase                                 0x0002163d   Thumb Code   110  fstorage.o(i.fs_erase)
    fs_queued_op_count_get                   0x000216b9   Thumb Code    16  fstorage.o(i.fs_queued_op_count_get)
    fs_store                                 0x000216cd   Thumb Code   124  fstorage.o(i.fs_store)
    init_data                                0x00021999   Thumb Code    32  main.o(i.init_data)
    intern_softdevice_events_execute         0x00021a7d   Thumb Code   114  softdevice_handler.o(i.intern_softdevice_events_execute)
    main                                     0x00021e59   Thumb Code   404  main.o(i.main)
    nrf_drv_clock_init                       0x0002229d   Thumb Code    64  nrf_drv_clock.o(i.nrf_drv_clock_init)
    nrf_drv_clock_on_sd_enable               0x000222e5   Thumb Code    44  nrf_drv_clock.o(i.nrf_drv_clock_on_sd_enable)
    nrf_drv_clock_on_soc_event               0x00022315   Thumb Code    10  nrf_drv_clock.o(i.nrf_drv_clock_on_soc_event)
    nrf_drv_common_irq_enable                0x00022335   Thumb Code    56  nrf_drv_common.o(i.nrf_drv_common_irq_enable)
    nrf_drv_gpiote_in_event_enable           0x00022375   Thumb Code   156  nrf_drv_gpiote.o(i.nrf_drv_gpiote_in_event_enable)
    nrf_drv_gpiote_in_init                   0x00022419   Thumb Code   172  nrf_drv_gpiote.o(i.nrf_drv_gpiote_in_init)
    nrf_drv_gpiote_in_is_set                 0x000224d1   Thumb Code    20  nrf_drv_gpiote.o(i.nrf_drv_gpiote_in_is_set)
    nrf_drv_gpiote_init                      0x000224e5   Thumb Code    84  nrf_drv_gpiote.o(i.nrf_drv_gpiote_init)
    nrf_drv_gpiote_is_init                   0x00022541   Thumb Code    14  nrf_drv_gpiote.o(i.nrf_drv_gpiote_is_init)
    nrf_drv_twi_enable                       0x00022575   Thumb Code    28  nrf_drv_twi.o(i.nrf_drv_twi_enable)
    nrf_drv_twi_init                         0x00022595   Thumb Code   134  nrf_drv_twi.o(i.nrf_drv_twi_init)
    nrf_drv_twi_rx                           0x00022621   Thumb Code    32  nrf_drv_twi.o(i.nrf_drv_twi_rx)
    nrf_drv_twi_tx                           0x00022645   Thumb Code    36  nrf_drv_twi.o(i.nrf_drv_twi_tx)
    nrf_drv_twi_xfer                         0x00022669   Thumb Code    30  nrf_drv_twi.o(i.nrf_drv_twi_xfer)
    nrf_drv_uart_init                        0x0002268d   Thumb Code    98  nrf_drv_uart.o(i.nrf_drv_uart_init)
    nrf_drv_uart_tx                          0x000226f5   Thumb Code   262  nrf_drv_uart.o(i.nrf_drv_uart_tx)
    nrf_drv_uart_tx_in_progress              0x00022801   Thumb Code    18  nrf_drv_uart.o(i.nrf_drv_uart_tx_in_progress)
    nrf_drv_uart_uninit                      0x00022819   Thumb Code    74  nrf_drv_uart.o(i.nrf_drv_uart_uninit)
    nrf_log_backend_hexdump_handler_get      0x000229c5   Thumb Code     4  nrf_log_backend_serial.o(i.nrf_log_backend_hexdump_handler_get)
    nrf_log_backend_init                     0x000229cd   Thumb Code   100  nrf_log_backend_serial.o(i.nrf_log_backend_init)
    nrf_log_backend_std_handler_get          0x00022c81   Thumb Code     4  nrf_log_backend_serial.o(i.nrf_log_backend_std_handler_get)
    nrf_log_blocking_backend_set             0x00022c89   Thumb Code     6  nrf_log_frontend.o(i.nrf_log_blocking_backend_set)
    nrf_log_frontend_dequeue                 0x00022c91   Thumb Code   298  nrf_log_frontend.o(i.nrf_log_frontend_dequeue)
    nrf_log_frontend_init                    0x00022dc1   Thumb Code    16  nrf_log_frontend.o(i.nrf_log_frontend_init)
    nrf_log_frontend_std_0                   0x00022dd5   Thumb Code    68  nrf_log_frontend.o(i.nrf_log_frontend_std_0)
    nrf_log_frontend_std_1                   0x00022e21   Thumb Code    80  nrf_log_frontend.o(i.nrf_log_frontend_std_1)
    nrf_log_handlers_set                     0x00022e79   Thumb Code    10  nrf_log_frontend.o(i.nrf_log_handlers_set)
    nrf_log_init                             0x00022e89   Thumb Code    36  nrf_log_frontend.o(i.nrf_log_init)
    print_slave_data                         0x00023481   Thumb Code    82  main.o(i.print_slave_data)
    send_ack                                 0x00023af1   Thumb Code    84  main.o(i.send_ack)
    send_data                                0x00023b85   Thumb Code   110  main.o(i.send_data)
    softdevice_ble_evt_handler_set           0x00023e11   Thumb Code    14  softdevice_handler.o(i.softdevice_ble_evt_handler_set)
    softdevice_enable                        0x00023e25   Thumb Code    74  softdevice_handler.o(i.softdevice_enable)
    softdevice_enable_get_default_config     0x00023f05   Thumb Code    38  softdevice_handler.o(i.softdevice_enable_get_default_config)
    softdevice_fault_handler                 0x00023f2b   Thumb Code     4  softdevice_handler.o(i.softdevice_fault_handler)
    softdevice_handler_init                  0x00023f31   Thumb Code    92  softdevice_handler.o(i.softdevice_handler_init)
    softdevice_handler_is_enabled            0x00023f95   Thumb Code     6  softdevice_handler.o(i.softdevice_handler_is_enabled)
    thermostate                              0x00023fa1   Thumb Code    58  main.o(i.thermostate)
    twi_handler                              0x00024341   Thumb Code    14  main.o(i.twi_handler)
    twi_init                                 0x00024355   Thumb Code    40  main.o(i.twi_init)
    update_priority                          0x000248c9   Thumb Code    54  main.o(i.update_priority)
    update_state                             0x00024949   Thumb Code    36  main.o(i.update_state)
    __ctype_table                            0x00024cb4   Data         129  ctype_o.o(.constdata)
    Region$$Table$$Base                      0x00024d8c   Number         0  anon$$obj.o(Region$$Table)
    Region$$Table$$Limit                     0x00024dac   Number         0  anon$$obj.o(Region$$Table)
    Image$$RW_IRAM1$$Base                    0x20002128   Number         0  anon$$obj.o ABSOLUTE
    waiting_ack                              0x20002128   Data           1  main.o(.data)
    slave_data                               0x20002132   Data           7  main.o(.data)
    SystemCoreClock                          0x20002200   Data           4  system_nrf52.o(.data)
    fs_data$$Base                            0x20002204   Number         0  fds.o(fs_data)
    fs_data$$Limit                           0x20002214   Number         0  fds.o(fs_data)
    nrf_nvic_state                           0x20002580   Data          12  app_util_platform.o(.bss)
    __initial_sp                             0x20004c28   Data           0  arm_startup_nrf52.o(STACK)



==============================================================================

Memory Map of the image

  Image Entry point : 0x0001f401

  Load Region LR_IROM1 (Base: 0x0001f000, Size: 0x00005e98, Max: 0x00061000, ABSOLUTE)

    Execution Region ER_IROM1 (Base: 0x0001f000, Size: 0x00005dac, Max: 0x00061000, ABSOLUTE)

    Base Addr    Size         Type   Attr      Idx    E Section Name        Object

    0x0001f000   0x00000400   Data   RO         5040    RESET               arm_startup_nrf52.o
    0x0001f400   0x00000000   Code   RO         5081  * .ARM.Collect$$$$00000000  mc_w.l(entry.o)
    0x0001f400   0x00000004   Code   RO         5385    .ARM.Collect$$$$00000001  mc_w.l(entry2.o)
    0x0001f404   0x00000004   Code   RO         5388    .ARM.Collect$$$$00000004  mc_w.l(entry5.o)
    0x0001f408   0x00000000   Code   RO         5390    .ARM.Collect$$$$00000008  mc_w.l(entry7b.o)
    0x0001f408   0x00000000   Code   RO         5392    .ARM.Collect$$$$0000000A  mc_w.l(entry8b.o)
    0x0001f408   0x00000008   Code   RO         5393    .ARM.Collect$$$$0000000B  mc_w.l(entry9a.o)
    0x0001f410   0x00000000   Code   RO         5395    .ARM.Collect$$$$0000000D  mc_w.l(entry10a.o)
    0x0001f410   0x00000000   Code   RO         5397    .ARM.Collect$$$$0000000F  mc_w.l(entry11a.o)
    0x0001f410   0x00000004   Code   RO         5386    .ARM.Collect$$$$00002712  mc_w.l(entry2.o)
    0x0001f414   0x00000024   Code   RO         5041    .text               arm_startup_nrf52.o
    0x0001f438   0x00000008   Code   RO         5084    .text               mc_w.l(ctype_o.o)
    0x0001f440   0x00000024   Code   RO         5112    .text               mc_w.l(memcpya.o)
    0x0001f464   0x00000024   Code   RO         5114    .text               mc_w.l(memseta.o)
    0x0001f488   0x0000000e   Code   RO         5116    .text               mc_w.l(strlen.o)
    0x0001f496   0x0000001a   Code   RO         5118    .text               mc_w.l(memcmp.o)
    0x0001f4b0   0x00000062   Code   RO         5401    .text               mc_w.l(uldiv.o)
    0x0001f512   0x00000002   PAD
    0x0001f514   0x00000024   Code   RO         5414    .text               mc_w.l(init.o)
    0x0001f538   0x0000001e   Code   RO         5416    .text               mc_w.l(llshl.o)
    0x0001f556   0x00000020   Code   RO         5418    .text               mc_w.l(llushr.o)
    0x0001f576   0x00000002   PAD
    0x0001f578   0x00000174   Code   RO         2844    i.GPIOTE_IRQHandler  nrf_drv_gpiote.o
    0x0001f6ec   0x00000054   Code   RO            4    i.LM75B_set_mode    main.o
    0x0001f740   0x00000016   Code   RO         3663    i.NVIC_ClearPendingIRQ  app_timer.o
    0x0001f756   0x00000016   Code   RO         4893    i.NVIC_DisableIRQ   softdevice_handler.o
    0x0001f76c   0x00000016   Code   RO         3664    i.NVIC_EnableIRQ    app_timer.o
    0x0001f782   0x00000016   Code   RO         4894    i.NVIC_EnableIRQ    softdevice_handler.o
    0x0001f798   0x00000016   Code   RO         3665    i.NVIC_SetPendingIRQ  app_timer.o
    0x0001f7ae   0x00000020   Code   RO         3666    i.NVIC_SetPriority  app_timer.o
    0x0001f7ce   0x00000002   PAD
    0x0001f7d0   0x00000058   Code   RO         2627    i.POWER_CLOCK_IRQHandler  nrf_drv_clock.o
    0x0001f828   0x00000024   Code   RO         3667    i.RTC1_IRQHandler   app_timer.o
    0x0001f84c   0x00000010   Code   RO         3316    i.SPIM0_SPIS0_TWIM0_TWIS0_SPI0_TWI0_IRQHandler  nrf_drv_twi.o
    0x0001f85c   0x00000004   Code   RO         3668    i.SWI0_EGU0_IRQHandler  app_timer.o
    0x0001f860   0x00000024   Code   RO         4895    i.SWI2_EGU2_IRQHandler  softdevice_handler.o
    0x0001f884   0x0000029c   Code   RO         5049    i.SystemInit        system_nrf52.o
    0x0001fb20   0x0000001c   Code   RO         3084    i.UARTE0_UART0_IRQHandler  nrf_drv_uart.o
    0x0001fb3c   0x00000028   Code   RO         5332    i.__0snprintf$8     mc_w.l(printf8.o)
    0x0001fb64   0x0000000e   Code   RO         5426    i.__scatterload_copy  mc_w.l(handlers.o)
    0x0001fb72   0x00000002   Code   RO         5427    i.__scatterload_null  mc_w.l(handlers.o)
    0x0001fb74   0x0000000e   Code   RO         5428    i.__scatterload_zeroinit  mc_w.l(handlers.o)
    0x0001fb82   0x00000002   PAD
    0x0001fb84   0x00000024   Code   RO         4896    i.__sd_nvic_app_accessible_irq  softdevice_handler.o
    0x0001fba8   0x00000410   Code   RO         5338    i._printf_core      mc_w.l(printf8.o)
    0x0001ffb8   0x00000024   Code   RO         5339    i._printf_post_padding  mc_w.l(printf8.o)
    0x0001ffdc   0x0000002e   Code   RO         5340    i._printf_pre_padding  mc_w.l(printf8.o)
    0x0002000a   0x00000016   Code   RO         5341    i._snputc           mc_w.l(printf8.o)
    0x00020020   0x00000004   Code   RO            5    i.ack_timer_handler  main.o
    0x00020024   0x00000182   Code   RO          736    i.adv_data_encode   ble_advdata.o
    0x000201a6   0x00000002   PAD
    0x000201a8   0x00000058   Code   RO          813    i.adv_mode_next_avail_get  ble_advertising.o
    0x00020200   0x00000036   Code   RO          654    i.advertising_buttons_configure  bsp_btn_ble.o
    0x00020236   0x00000002   PAD
    0x00020238   0x0000006c   Code   RO            6    i.advertising_init  main.o
    0x000202a4   0x00000006   Code   RO          539    i.alert_timer_handler  bsp.o
    0x000202aa   0x00000002   PAD
    0x000202ac   0x00000024   Code   RO         3458    i.app_button_enable  app_button.o
    0x000202d0   0x00000070   Code   RO         3459    i.app_button_init   app_button.o
    0x00020340   0x00000050   Code   RO         3562    i.app_error_fault_handler  app_error_weak.o
    0x00020390   0x00000016   Code   RO         3520    i.app_error_handler_bare  app_error.o
    0x000203a6   0x00000002   PAD
    0x000203a8   0x00000024   Code   RO         3671    i.app_timer_create  app_timer.o
    0x000203cc   0x00000070   Code   RO         3672    i.app_timer_init    app_timer.o
    0x0002043c   0x00000088   Code   RO         3673    i.app_timer_start   app_timer.o
    0x000204c4   0x00000020   Code   RO         3674    i.app_timer_stop    app_timer.o
    0x000204e4   0x00000048   Code   RO         3886    i.app_util_critical_region_enter  app_util_platform.o
    0x0002052c   0x00000034   Code   RO         3887    i.app_util_critical_region_exit  app_util_platform.o
    0x00020560   0x000000b8   Code   RO         3085    i.apply_config      nrf_drv_uart.o
    0x00020618   0x00000068   Code   RO          737    i.ble_advdata_set   ble_advdata.o
    0x00020680   0x00000120   Code   RO          814    i.ble_advertising_init  ble_advertising.o
    0x000207a0   0x0000005c   Code   RO          815    i.ble_advertising_on_ble_evt  ble_advertising.o
    0x000207fc   0x0000003c   Code   RO          818    i.ble_advertising_restart_without_whitelist  ble_advertising.o
    0x00020838   0x00000104   Code   RO          819    i.ble_advertising_start  ble_advertising.o
    0x0002093c   0x00000058   Code   RO          901    i.ble_conn_params_init  ble_conn_params.o
    0x00020994   0x00000084   Code   RO          902    i.ble_conn_params_on_ble_evt  ble_conn_params.o
    0x00020a18   0x00000060   Code   RO          738    i.ble_device_addr_encode  ble_advdata.o
    0x00020a78   0x0000002c   Code   RO            8    i.ble_evt_dispatch  main.o
    0x00020aa4   0x00000064   Code   RO         2580    i.ble_nus_init      ble_nus.o
    0x00020b08   0x0000005c   Code   RO         2581    i.ble_nus_on_ble_evt  ble_nus.o
    0x00020b64   0x0000004e   Code   RO         2582    i.ble_nus_string_send  ble_nus.o
    0x00020bb2   0x00000008   Code   RO          971    i.ble_srv_is_notification_enabled  ble_srv_common.o
    0x00020bba   0x00000002   PAD
    0x00020bbc   0x0000005c   Code   RO            9    i.ble_stack_init    main.o
    0x00020c18   0x0000000c   Code   RO          420    i.bsp_board_button_idx_to_pin  boards.o
    0x00020c24   0x00000020   Code   RO          421    i.bsp_board_button_state_get  boards.o
    0x00020c44   0x00000024   Code   RO          424    i.bsp_board_led_invert  boards.o
    0x00020c68   0x00000010   Code   RO          425    i.bsp_board_led_off  boards.o
    0x00020c78   0x00000010   Code   RO          426    i.bsp_board_led_on  boards.o
    0x00020c88   0x00000020   Code   RO          427    i.bsp_board_led_state_get  boards.o
    0x00020ca8   0x0000002c   Code   RO          428    i.bsp_board_leds_init  boards.o
    0x00020cd4   0x00000012   Code   RO          429    i.bsp_board_leds_off  boards.o
    0x00020ce6   0x00000012   Code   RO          430    i.bsp_board_leds_on  boards.o
    0x00020cf8   0x00000024   Code   RO          431    i.bsp_board_pin_to_button_idx  boards.o
    0x00020d1c   0x00000038   Code   RO          655    i.bsp_btn_ble_init  bsp_btn_ble.o
    0x00020d54   0x00000070   Code   RO          656    i.bsp_btn_ble_on_ble_evt  bsp_btn_ble.o
    0x00020dc4   0x0000001e   Code   RO          657    i.bsp_btn_ble_sleep_mode_prepare  bsp_btn_ble.o
    0x00020de2   0x00000002   PAD
    0x00020de4   0x00000094   Code   RO          540    i.bsp_button_event_handler  bsp.o
    0x00020e78   0x00000004   Code   RO          541    i.bsp_button_is_pressed  bsp.o
    0x00020e7c   0x00000078   Code   RO           10    i.bsp_event_handler  main.o
    0x00020ef4   0x00000044   Code   RO          544    i.bsp_event_to_button_action_assign  bsp.o
    0x00020f38   0x00000018   Code   RO          545    i.bsp_indication_set  bsp.o
    0x00020f50   0x00000098   Code   RO          546    i.bsp_init          bsp.o
    0x00020fe8   0x00000174   Code   RO          547    i.bsp_led_indication  bsp.o
    0x0002115c   0x00000010   Code   RO          549    i.bsp_wakeup_button_enable  bsp.o
    0x0002116c   0x00000012   Code   RO         4511    i.buf_len_update    nrf_log_backend_serial.o
    0x0002117e   0x00000002   PAD
    0x00021180   0x00000068   Code   RO         4606    i.buf_prealloc      nrf_log_frontend.o
    0x000211e8   0x00000014   Code   RO         4607    i.buffer_is_empty   nrf_log_frontend.o
    0x000211fc   0x00000008   Code   RO          550    i.button_timer_handler  bsp.o
    0x00021204   0x0000001c   Code   RO         2845    i.channel_free      nrf_drv_gpiote.o
    0x00021220   0x00000048   Code   RO         2846    i.channel_port_alloc  nrf_drv_gpiote.o
    0x00021268   0x00000010   Code   RO         2847    i.channel_port_get  nrf_drv_gpiote.o
    0x00021278   0x00000020   Code   RO         3938    i.check_config      fstorage.o
    0x00021298   0x00000028   Code   RO         2628    i.clock_clk_started_notify  nrf_drv_clock.o
    0x000212c0   0x000000ac   Code   RO         3676    i.compare_reg_update  app_timer.o
    0x0002136c   0x00000088   Code   RO          739    i.conn_int_encode   ble_advdata.o
    0x000213f4   0x00000004   Code   RO           11    i.conn_params_error_handler  main.o
    0x000213f8   0x0000005c   Code   RO          904    i.conn_params_negotiation  ble_conn_params.o
    0x00021454   0x0000009c   Code   RO         4147    i.delete_execute    fds.o
    0x000214f0   0x00000060   Code   RO         3461    i.detection_delay_timeout_handler  app_button.o
    0x00021550   0x00000040   Code   RO         3677    i.elapsed_ticks_acquire  app_timer.o
    0x00021590   0x0000006a   Code   RO         4148    i.event_prepare     fds.o
    0x000215fa   0x00000002   PAD
    0x000215fc   0x00000020   Code   RO         4149    i.event_send        fds.o
    0x0002161c   0x00000010   Code   RO         4169    i.flag_clear        fds.o
    0x0002162c   0x00000010   Code   RO         4170    i.flag_set          fds.o
    0x0002163c   0x00000074   Code   RO         3939    i.fs_erase          fstorage.o
    0x000216b0   0x00000006   Code   RO         4171    i.fs_event_handler  fds.o
    0x000216b6   0x00000002   PAD
    0x000216b8   0x00000014   Code   RO         3944    i.fs_queued_op_count_get  fstorage.o
    0x000216cc   0x00000080   Code   RO         3945    i.fs_store          fstorage.o
    0x0002174c   0x00000070   Code   RO         4172    i.gc_execute        fds.o
    0x000217bc   0x00000048   Code   RO         4173    i.gc_next_page      fds.o
    0x00021804   0x0000004c   Code   RO         4174    i.gc_page_erase     fds.o
    0x00021850   0x00000034   Code   RO         4175    i.gc_record_copy    fds.o
    0x00021884   0x00000024   Code   RO         4176    i.gc_record_find_next  fds.o
    0x000218a8   0x00000080   Code   RO         4177    i.gc_state_advance  fds.o
    0x00021928   0x00000058   Code   RO         3462    i.gpiote_event_handler  app_button.o
    0x00021980   0x00000016   Code   RO         4178    i.header_is_valid   fds.o
    0x00021996   0x00000002   PAD
    0x00021998   0x00000024   Code   RO           12    i.init_data         main.o
    0x000219bc   0x000000c0   Code   RO         4179    i.init_execute      fds.o
    0x00021a7c   0x00000078   Code   RO         4897    i.intern_softdevice_events_execute  softdevice_handler.o
    0x00021af4   0x00000078   Code   RO         3086    i.interrupts_enable  nrf_drv_uart.o
    0x00021b6c   0x0000014e   Code   RO         3317    i.irq_handler_twim  nrf_drv_twi.o
    0x00021cba   0x00000002   PAD
    0x00021cbc   0x0000001c   Code   RO          905    i.is_conn_params_ok  ble_conn_params.o
    0x00021cd8   0x0000000c   Code   RO         4180    i.is_word_aligned   fds.o
    0x00021ce4   0x00000014   Code   RO          551    i.leds_timer_handler  bsp.o
    0x00021cf8   0x000000a8   Code   RO         3678    i.list_deletions_handler  app_timer.o
    0x00021da0   0x000000b8   Code   RO         3679    i.list_insertions_handler  app_timer.o
    0x00021e58   0x000001fc   Code   RO           13    i.main              main.o
    0x00022054   0x00000064   Code   RO          740    i.manuf_specific_data_encode  ble_advdata.o
    0x000220b8   0x0000009c   Code   RO          741    i.name_encode       ble_advdata.o
    0x00022154   0x00000010   Code   RO         2848    i.nrf_bitmask_bit_is_set  nrf_drv_gpiote.o
    0x00022164   0x0000000e   Code   RO         2632    i.nrf_clock_event_check  nrf_drv_clock.o
    0x00022172   0x00000010   Code   RO         2633    i.nrf_clock_event_clear  nrf_drv_clock.o
    0x00022182   0x00000002   PAD
    0x00022184   0x0000008c   Code   RO         3318    i.nrf_delay_us      nrf_drv_twi.o
    0x00022210   0x0000008c   Code   RO         3680    i.nrf_delay_us      app_timer.o
    0x0002229c   0x00000048   Code   RO         2640    i.nrf_drv_clock_init  nrf_drv_clock.o
    0x000222e4   0x00000030   Code   RO         2647    i.nrf_drv_clock_on_sd_enable  nrf_drv_clock.o
    0x00022314   0x0000000a   Code   RO         2648    i.nrf_drv_clock_on_soc_event  nrf_drv_clock.o
    0x0002231e   0x00000016   Code   RO         3087    i.nrf_drv_common_irq_disable  nrf_drv_uart.o
    0x00022334   0x00000038   Code   RO         2798    i.nrf_drv_common_irq_enable  nrf_drv_common.o
    0x0002236c   0x00000006   Code   RO         3088    i.nrf_drv_get_IRQn  nrf_drv_uart.o
    0x00022372   0x00000002   PAD
    0x00022374   0x000000a4   Code   RO         2853    i.nrf_drv_gpiote_in_event_enable  nrf_drv_gpiote.o
    0x00022418   0x000000b8   Code   RO         2854    i.nrf_drv_gpiote_in_init  nrf_drv_gpiote.o
    0x000224d0   0x00000014   Code   RO         2855    i.nrf_drv_gpiote_in_is_set  nrf_drv_gpiote.o
    0x000224e4   0x0000005c   Code   RO         2857    i.nrf_drv_gpiote_init  nrf_drv_gpiote.o
    0x00022540   0x00000014   Code   RO         2858    i.nrf_drv_gpiote_is_init  nrf_drv_gpiote.o
    0x00022554   0x00000010   Code   RO         3089    i.nrf_drv_is_in_RAM  nrf_drv_uart.o
    0x00022564   0x00000010   Code   RO         3319    i.nrf_drv_is_in_RAM  nrf_drv_twi.o
    0x00022574   0x00000020   Code   RO         3322    i.nrf_drv_twi_enable  nrf_drv_twi.o
    0x00022594   0x0000008c   Code   RO         3323    i.nrf_drv_twi_init  nrf_drv_twi.o
    0x00022620   0x00000024   Code   RO         3324    i.nrf_drv_twi_rx    nrf_drv_twi.o
    0x00022644   0x00000024   Code   RO         3327    i.nrf_drv_twi_tx    nrf_drv_twi.o
    0x00022668   0x00000024   Code   RO         3329    i.nrf_drv_twi_xfer  nrf_drv_twi.o
    0x0002268c   0x00000068   Code   RO         3091    i.nrf_drv_uart_init  nrf_drv_uart.o
    0x000226f4   0x0000010c   Code   RO         3098    i.nrf_drv_uart_tx   nrf_drv_uart.o
    0x00022800   0x00000018   Code   RO         3100    i.nrf_drv_uart_tx_in_progress  nrf_drv_uart.o
    0x00022818   0x00000054   Code   RO         3101    i.nrf_drv_uart_uninit  nrf_drv_uart.o
    0x0002286c   0x00000024   Code   RO          433    i.nrf_gpio_cfg      boards.o
    0x00022890   0x00000024   Code   RO         2872    i.nrf_gpio_cfg      nrf_drv_gpiote.o
    0x000228b4   0x00000024   Code   RO         3102    i.nrf_gpio_cfg      nrf_drv_uart.o
    0x000228d8   0x00000012   Code   RO         3103    i.nrf_gpio_cfg_default  nrf_drv_uart.o
    0x000228ea   0x00000012   Code   RO         3104    i.nrf_gpio_cfg_input  nrf_drv_uart.o
    0x000228fc   0x00000014   Code   RO         3105    i.nrf_gpio_cfg_output  nrf_drv_uart.o
    0x00022910   0x00000022   Code   RO          552    i.nrf_gpio_cfg_sense_set  bsp.o
    0x00022932   0x00000022   Code   RO         2874    i.nrf_gpio_cfg_sense_set  nrf_drv_gpiote.o
    0x00022954   0x0000000e   Code   RO         3330    i.nrf_gpio_pin_set  nrf_drv_twi.o
    0x00022962   0x00000016   Code   RO          434    i.nrf_gpio_pin_write  boards.o
    0x00022978   0x00000028   Code   RO         2875    i.nrf_gpio_ports_read  nrf_drv_gpiote.o
    0x000229a0   0x00000014   Code   RO         2876    i.nrf_gpiote_event_clear  nrf_drv_gpiote.o
    0x000229b4   0x00000010   Code   RO         2877    i.nrf_gpiote_event_is_set  nrf_drv_gpiote.o
    0x000229c4   0x00000008   Code   RO         4513    i.nrf_log_backend_hexdump_handler_get  nrf_log_backend_serial.o
    0x000229cc   0x00000070   Code   RO         4514    i.nrf_log_backend_init  nrf_log_backend_serial.o
    0x00022a3c   0x0000012e   Code   RO         4515    i.nrf_log_backend_serial_hexdump_handler  nrf_log_backend_serial.o
    0x00022b6a   0x00000114   Code   RO         4516    i.nrf_log_backend_serial_std_handler  nrf_log_backend_serial.o
    0x00022c7e   0x00000002   PAD
    0x00022c80   0x00000008   Code   RO         4517    i.nrf_log_backend_std_handler_get  nrf_log_backend_serial.o
    0x00022c88   0x00000006   Code   RO         4609    i.nrf_log_blocking_backend_set  nrf_log_frontend.o
    0x00022c8e   0x00000002   PAD
    0x00022c90   0x00000130   Code   RO         4610    i.nrf_log_frontend_dequeue  nrf_log_frontend.o
    0x00022dc0   0x00000014   Code   RO         4612    i.nrf_log_frontend_init  nrf_log_frontend.o
    0x00022dd4   0x0000004c   Code   RO         4613    i.nrf_log_frontend_std_0  nrf_log_frontend.o
    0x00022e20   0x00000058   Code   RO         4614    i.nrf_log_frontend_std_1  nrf_log_frontend.o
    0x00022e78   0x00000010   Code   RO         4621    i.nrf_log_handlers_set  nrf_log_frontend.o
    0x00022e88   0x00000024   Code   RO         4622    i.nrf_log_init      nrf_log_frontend.o
    0x00022eac   0x0000000a   Code   RO         3331    i.nrf_twim_event_check  nrf_drv_twi.o
    0x00022eb6   0x0000000c   Code   RO         3332    i.nrf_twim_event_clear  nrf_drv_twi.o
    0x00022ec2   0x0000000a   Code   RO         3106    i.nrf_uart_event_check  nrf_drv_uart.o
    0x00022ecc   0x0000000c   Code   RO         3107    i.nrf_uart_event_clear  nrf_drv_uart.o
    0x00022ed8   0x0000000c   Code   RO         3108    i.nrf_uart_int_enable_check  nrf_drv_uart.o
    0x00022ee4   0x0000000a   Code   RO         3109    i.nrf_uarte_event_check  nrf_drv_uart.o
    0x00022eee   0x0000000c   Code   RO         3110    i.nrf_uarte_event_clear  nrf_drv_uart.o
    0x00022efa   0x00000002   PAD
    0x00022efc   0x000001f8   Code   RO           14    i.nus_data_handler  main.o
    0x000230f4   0x000000f0   Code   RO           15    i.on_adv_evt        main.o
    0x000231e4   0x00000184   Code   RO           16    i.on_ble_evt        main.o
    0x00023368   0x0000001c   Code   RO           17    i.on_conn_params_evt  main.o
    0x00023384   0x00000012   Code   RO         4182    i.page_offsets_update  fds.o
    0x00023396   0x00000002   PAD
    0x00023398   0x0000001c   Code   RO         4184    i.page_tag_write_data  fds.o
    0x000233b4   0x00000024   Code   RO         4185    i.page_tag_write_swap  fds.o
    0x000233d8   0x00000018   Code   RO         2878    i.pin_in_use_by_port  nrf_drv_gpiote.o
    0x000233f0   0x00000018   Code   RO         2879    i.pin_in_use_by_te  nrf_drv_gpiote.o
    0x00023408   0x00000078   Code   RO         3111    i.pins_to_default   nrf_drv_uart.o
    0x00023480   0x0000011c   Code   RO           18    i.print_slave_data  main.o
    0x0002359c   0x00000038   Code   RO         3949    i.queue_get_next_free  fstorage.o
    0x000235d4   0x00000070   Code   RO         3950    i.queue_process     fstorage.o
    0x00023644   0x000000bc   Code   RO         4187    i.queue_process     fds.o
    0x00023700   0x0000001c   Code   RO         3951    i.queue_start       fstorage.o
    0x0002371c   0x00000010   Code   RO         4898    i.ram_end_address_get  softdevice_handler.o
    0x0002372c   0x00000088   Code   RO         4189    i.record_find       fds.o
    0x000237b4   0x0000009c   Code   RO         4190    i.record_find_by_desc  fds.o
    0x00023850   0x0000004c   Code   RO         4191    i.record_find_next  fds.o
    0x0002389c   0x00000024   Code   RO         4192    i.record_header_flag_dirty  fds.o
    0x000238c0   0x0000005c   Code   RO         4193    i.record_write_chunk  fds.o
    0x0002391c   0x0000003c   Code   RO         3681    i.rtc1_stop         app_timer.o
    0x00023958   0x00000032   Code   RO         3112    i.rx_byte           nrf_drv_uart.o
    0x0002398a   0x000000dc   Code   RO         2583    i.rx_char_add       ble_nus.o
    0x00023a66   0x00000018   Code   RO         3113    i.rx_done_event     nrf_drv_uart.o
    0x00023a7e   0x00000002   PAD
    0x00023a80   0x00000070   Code   RO         4900    i.sd_nvic_EnableIRQ  softdevice_handler.o
    0x00023af0   0x00000094   Code   RO           19    i.send_ack          main.o
    0x00023b84   0x000000cc   Code   RO           20    i.send_data         main.o
    0x00023c50   0x0000004c   Code   RO         3952    i.send_event        fstorage.o
    0x00023c9c   0x0000000c   Code   RO         4518    i.serial_is_busy    nrf_log_backend_serial.o
    0x00023ca8   0x0000002c   Code   RO         4519    i.serial_tx         nrf_log_backend_serial.o
    0x00023cd4   0x00000088   Code   RO          742    i.service_data_encode  ble_advdata.o
    0x00023d5c   0x00000048   Code   RO          821    i.set_adv_mode_fast  ble_advertising.o
    0x00023da4   0x00000044   Code   RO          822    i.set_adv_mode_slow  ble_advertising.o
    0x00023de8   0x00000028   Code   RO           21    i.sleep_mode_enter  main.o
    0x00023e10   0x00000014   Code   RO         4901    i.softdevice_ble_evt_handler_set  softdevice_handler.o
    0x00023e24   0x000000e0   Code   RO         4902    i.softdevice_enable  softdevice_handler.o
    0x00023f04   0x00000026   Code   RO         4903    i.softdevice_enable_get_default_config  softdevice_handler.o
    0x00023f2a   0x00000004   Code   RO         4904    i.softdevice_fault_handler  softdevice_handler.o
    0x00023f2e   0x00000002   PAD
    0x00023f30   0x00000064   Code   RO         4905    i.softdevice_handler_init  softdevice_handler.o
    0x00023f94   0x0000000c   Code   RO         4906    i.softdevice_handler_is_enabled  softdevice_handler.o
    0x00023fa0   0x00000070   Code   RO           22    i.thermostate       main.o
    0x00024010   0x000000bc   Code   RO           23    i.timer_handler     main.o
    0x000240cc   0x0000008c   Code   RO         3682    i.timer_list_handler  app_timer.o
    0x00024158   0x0000003c   Code   RO         3683    i.timer_list_insert  app_timer.o
    0x00024194   0x00000048   Code   RO         3684    i.timer_stop_op_schedule  app_timer.o
    0x000241dc   0x00000084   Code   RO         3685    i.timer_timeouts_check  app_timer.o
    0x00024260   0x00000034   Code   RO         4520    i.timestamp_process  nrf_log_backend_serial.o
    0x00024294   0x000000aa   Code   RO         3333    i.twi_clear_bus     nrf_drv_twi.o
    0x0002433e   0x00000002   PAD
    0x00024340   0x00000014   Code   RO           24    i.twi_handler       main.o
    0x00024354   0x00000030   Code   RO           25    i.twi_init          main.o
    0x00024384   0x00000240   Code   RO         3334    i.twim_xfer         nrf_drv_twi.o
    0x000245c4   0x00000020   Code   RO         3115    i.tx_byte           nrf_drv_uart.o
    0x000245e4   0x000000a0   Code   RO         2584    i.tx_char_add       ble_nus.o
    0x00024684   0x0000001c   Code   RO         3116    i.tx_done_event     nrf_drv_uart.o
    0x000246a0   0x00000010   Code   RO         4521    i.uart_event_handler  nrf_log_backend_serial.o
    0x000246b0   0x0000011e   Code   RO         3117    i.uart_irq_handler  nrf_drv_uart.o
    0x000247ce   0x000000f0   Code   RO         3118    i.uarte_irq_handler  nrf_drv_uart.o
    0x000248be   0x0000000a   Code   RO          743    i.uint16_encode     ble_advdata.o
    0x000248c8   0x00000080   Code   RO           26    i.update_priority   main.o
    0x00024948   0x00000040   Code   RO           27    i.update_state      main.o
    0x00024988   0x00000060   Code   RO          906    i.update_timeout_handler  ble_conn_params.o
    0x000249e8   0x00000030   Code   RO         3686    i.user_op_alloc     app_timer.o
    0x00024a18   0x00000030   Code   RO          744    i.uuid_list_encode  ble_advdata.o
    0x00024a48   0x0000009e   Code   RO          745    i.uuid_list_sized_encode  ble_advdata.o
    0x00024ae6   0x00000002   PAD
    0x00024ae8   0x000000e8   Code   RO         4195    i.write_execute     fds.o
    0x00024bd0   0x0000002c   Data   RO           31    .constdata          main.o
    0x00024bfc   0x00000008   Data   RO          435    .constdata          boards.o
    0x00024c04   0x0000002c   Data   RO          557    .constdata          bsp.o
    0x00024c30   0x00000004   Data   RO          909    .constdata          ble_conn_params.o
    0x00024c34   0x00000010   Data   RO         2585    .constdata          ble_nus.o
    0x00024c44   0x00000004   Data   RO         2881    .constdata          nrf_drv_gpiote.o
    0x00024c48   0x0000000c   Data   RO         3339    .constdata          nrf_drv_twi.o
    0x00024c54   0x00000008   Data   RO         3464    .constdata          app_button.o
    0x00024c5c   0x00000014   Data   RO         4199    .constdata          fds.o
    0x00024c70   0x00000020   Data   RO         4524    .constdata          nrf_log_backend_serial.o
    0x00024c90   0x00000024   Data   RO         4625    .constdata          nrf_log_frontend.o
    0x00024cb4   0x00000081   Data   RO         5085    .constdata          mc_w.l(ctype_o.o)
    0x00024d35   0x00000003   PAD
    0x00024d38   0x00000004   Data   RO         5086    .constdata          mc_w.l(ctype_o.o)
    0x00024d3c   0x0000000b   Data   RO         4626    .conststring        nrf_log_frontend.o
    0x00024d47   0x00000001   PAD
    0x00024d48   0x00000042   Data   RO         4912    .conststring        softdevice_handler.o
    0x00024d8a   0x00000002   PAD
    0x00024d8c   0x00000020   Data   RO         5424    Region$$Table       anon$$obj.o


    Execution Region RW_IRAM1 (Base: 0x20002128, Size: 0x00002b00, Max: 0x0000ded8, ABSOLUTE)

    Base Addr    Size         Type   Attr      Idx    E Section Name        Object

    0x20002128   0x00000011   Data   RW           32    .data               main.o
    0x20002139   0x00000003   PAD
    0x2000213c   0x00000014   Data   RW          558    .data               bsp.o
    0x20002150   0x00000008   Data   RW          658    .data               bsp_btn_ble.o
    0x20002158   0x0000001f   Data   RW          824    .data               ble_advertising.o
    0x20002177   0x00000001   PAD
    0x20002178   0x00000014   Data   RW          910    .data               ble_conn_params.o
    0x2000218c   0x00000014   Data   RW         3465    .data               app_button.o
    0x200021a0   0x00000020   Data   RW         3687    .data               app_timer.o
    0x200021c0   0x00000002   Data   RW         3954    .data               fstorage.o
    0x200021c2   0x00000002   PAD
    0x200021c4   0x00000018   Data   RW         4200    .data               fds.o
    0x200021dc   0x0000000c   Data   RW         4525    .data               nrf_log_backend_serial.o
    0x200021e8   0x00000004   Data   RW         4627    .data               nrf_log_frontend.o
    0x200021ec   0x00000014   Data   RW         4913    .data               softdevice_handler.o
    0x20002200   0x00000004   Data   RW         5050    .data               system_nrf52.o
    0x20002204   0x00000010   Data   RW         4201    fs_data             fds.o
    0x20002214   0x00000020   Zero   RW           28    .bss                main.o
    0x20002234   0x00000020   Zero   RW           29    .bss                main.o
    0x20002254   0x000000fc   Zero   RW           30    .bss                main.o
    0x20002350   0x00000020   Zero   RW          553    .bss                bsp.o
    0x20002370   0x00000020   Zero   RW          554    .bss                bsp.o
    0x20002390   0x0000000c   Zero   RW          555    .bss                bsp.o
    0x2000239c   0x00000020   Zero   RW          556    .bss                bsp.o
    0x200023bc   0x000000b3   Zero   RW          823    .bss                ble_advertising.o
    0x2000246f   0x00000001   PAD
    0x20002470   0x00000020   Zero   RW          907    .bss                ble_conn_params.o
    0x20002490   0x0000001c   Zero   RW          908    .bss                ble_conn_params.o
    0x200024ac   0x00000014   Zero   RW         2650    .bss                nrf_drv_clock.o
    0x200024c0   0x00000058   Zero   RW         2880    .bss                nrf_drv_gpiote.o
    0x20002518   0x00000020   Zero   RW         3119    .bss                nrf_drv_uart.o
    0x20002538   0x00000028   Zero   RW         3335    .bss                nrf_drv_twi.o
    0x20002560   0x00000020   Zero   RW         3463    .bss                app_button.o
    0x20002580   0x0000000c   Zero   RW         3890    .bss                app_util_platform.o
    0x2000258c   0x00000068   Zero   RW         3953    .bss                fstorage.o
    0x200025f4   0x0000011c   Zero   RW         4198    .bss                fds.o
    0x20002710   0x00000100   Zero   RW         4522    .bss                nrf_log_backend_serial.o
    0x20002810   0x00000418   Zero   RW         4624    .bss                nrf_log_frontend.o
    0x20002c28   0x00002000   Zero   RW         5038    STACK               arm_startup_nrf52.o


==============================================================================

Image component sizes


      Code (inc. data)   RO Data    RW Data    ZI Data      Debug   Object Name

       332         34          8         20         32       9762   app_button.o
        22          0          0          0          0       2141   app_error.o
        80         34          0          0          0      27325   app_error_weak.o
      1694        114          0         32          0      63315   app_timer.o
         0          0          0          0          0       5748   app_uart_fifo.o
       124         14          0          0         12       9258   app_util_platform.o
        36          8       1024          0       8192        876   arm_startup_nrf52.o
      1330          0          0          0          0      30140   ble_advdata.o
       928         64          0         31        179      10116   ble_advertising.o
       436         54          4         20         60       5504   ble_conn_params.o
       650          6         16          0          0       5550   ble_nus.o
         8          0          0          0          0       1358   ble_srv_common.o
       318         42          8          0          0      12628   boards.o
       852         78         44         20        108      14039   bsp.o
       252         10          0          8          0       4669   bsp_btn_ble.o
      2032        210         20         40        284      25927   fds.o
       568         42          0          2        104       9078   fstorage.o
      3396       1402         44         17        316     141738   main.o
       288         22          0          0         20      12204   nrf_drv_clock.o
        56          0          0          0          0      27507   nrf_drv_common.o
      1178         84          4          0         88      27480   nrf_drv_gpiote.o
      1568         42         12          0         40      27456   nrf_drv_twi.o
      1784         60          0          0         32      65599   nrf_drv_uart.o
       848         56         32         12        256      10623   nrf_log_backend_serial.o
       670         48         47          4       1048      10824   nrf_log_frontend.o
         0          0          0          0          0       2356   peer_data_storage.o
       762        190         66         20          0      42939   softdevice_handler.o
       668         58          0          4          0       2587   system_nrf52.o

    ----------------------------------------------------------------------
     20924       2672       1364        236      10772     608747   Object Totals
         0          0         32          0          0          0   (incl. Generated)
        44          0          3          6          1          0   (incl. Padding)

    ----------------------------------------------------------------------

      Code (inc. data)   RO Data    RW Data    ZI Data      Debug   Library Member Name

         8          4        133          0          0         68   ctype_o.o
         0          0          0          0          0          0   entry.o
         0          0          0          0          0          0   entry10a.o
         0          0          0          0          0          0   entry11a.o
         8          4          0          0          0          0   entry2.o
         4          0          0          0          0          0   entry5.o
         0          0          0          0          0          0   entry7b.o
         0          0          0          0          0          0   entry8b.o
         8          4          0          0          0          0   entry9a.o
        30          0          0          0          0          0   handlers.o
        36          8          0          0          0         68   init.o
        30          0          0          0          0         68   llshl.o
        32          0          0          0          0         68   llushr.o
        26          0          0          0          0         80   memcmp.o
        36          0          0          0          0         68   memcpya.o
        36          0          0          0          0        108   memseta.o
      1184         48          0          0          0        420   printf8.o
        14          0          0          0          0         68   strlen.o
        98          0          0          0          0         92   uldiv.o

    ----------------------------------------------------------------------
      1556         68        136          0          0       1108   Library Totals
         6          0          3          0          0          0   (incl. Padding)

    ----------------------------------------------------------------------

      Code (inc. data)   RO Data    RW Data    ZI Data      Debug   Library Name

      1550         68        133          0          0       1108   mc_w.l

    ----------------------------------------------------------------------
      1556         68        136          0          0       1108   Library Totals

    ----------------------------------------------------------------------

==============================================================================


      Code (inc. data)   RO Data    RW Data    ZI Data      Debug   

     22480       2740       1500        236      10772     586391   Grand Totals
     22480       2740       1500        236      10772     586391   ELF Image Totals
     22480       2740       1500        236          0          0   ROM Totals

==============================================================================

    Total RO  Size (Code + RO Data)                23980 (  23.42kB)
    Total RW  Size (RW Data + ZI Data)             11008 (  10.75kB)
    Total ROM Size (Code + RO Data + RW Data)      24216 (  23.65kB)

==============================================================================

