Component: ARM Compiler 5.06 update 2 (build 183) Tool: armlink [4d35b7]

==============================================================================

Section Cross References

    main.o(i.advertising_init) refers to memseta.o(.text) for __aeabi_memclr4
    main.o(i.advertising_init) refers to ble_advertising.o(i.ble_advertising_init) for ble_advertising_init
    main.o(i.advertising_init) refers to app_error.o(i.app_error_handler_bare) for app_error_handler_bare
    main.o(i.advertising_init) refers to main.o(.data) for .data
    main.o(i.advertising_init) refers to main.o(i.on_adv_evt) for on_adv_evt
    main.o(i.assert_nrf_callback) refers to app_error.o(i.app_error_handler) for app_error_handler
    main.o(i.ble_evt_dispatch) refers to ble_conn_params.o(i.ble_conn_params_on_ble_evt) for ble_conn_params_on_ble_evt
    main.o(i.ble_evt_dispatch) refers to peer_manager.o(i.pm_on_ble_evt) for pm_on_ble_evt
    main.o(i.ble_evt_dispatch) refers to ble_nus.o(i.ble_nus_on_ble_evt) for ble_nus_on_ble_evt
    main.o(i.ble_evt_dispatch) refers to main.o(i.on_ble_evt) for on_ble_evt
    main.o(i.ble_evt_dispatch) refers to ble_advertising.o(i.ble_advertising_on_ble_evt) for ble_advertising_on_ble_evt
    main.o(i.ble_evt_dispatch) refers to bsp_btn_ble.o(i.bsp_btn_ble_on_ble_evt) for bsp_btn_ble_on_ble_evt
    main.o(i.ble_evt_dispatch) refers to main.o(i.my_program) for my_program
    main.o(i.ble_evt_dispatch) refers to main.o(.bss) for .bss
    main.o(i.ble_stack_init) refers to softdevice_handler.o(i.softdevice_handler_init) for softdevice_handler_init
    main.o(i.ble_stack_init) refers to app_error.o(i.app_error_handler_bare) for app_error_handler_bare
    main.o(i.ble_stack_init) refers to softdevice_handler.o(i.softdevice_enable_get_default_config) for softdevice_enable_get_default_config
    main.o(i.ble_stack_init) refers to softdevice_handler.o(i.softdevice_enable) for softdevice_enable
    main.o(i.ble_stack_init) refers to softdevice_handler.o(i.softdevice_ble_evt_handler_set) for softdevice_ble_evt_handler_set
    main.o(i.ble_stack_init) refers to main.o(.constdata) for .constdata
    main.o(i.ble_stack_init) refers to main.o(.bss) for .bss
    main.o(i.ble_stack_init) refers to main.o(i.ble_evt_dispatch) for ble_evt_dispatch
    main.o(i.bsp_event_handler) refers to main.o(i.sleep_mode_enter) for sleep_mode_enter
    main.o(i.bsp_event_handler) refers to app_error.o(i.app_error_handler_bare) for app_error_handler_bare
    main.o(i.bsp_event_handler) refers to ble_advertising.o(i.ble_advertising_restart_without_whitelist) for ble_advertising_restart_without_whitelist
    main.o(i.bsp_event_handler) refers to main.o(.data) for .data
    main.o(i.conn_params_error_handler) refers to app_error.o(i.app_error_handler_bare) for app_error_handler_bare
    main.o(i.init_data) refers to main.o(.data) for .data
    main.o(i.main) refers to app_timer.o(i.app_timer_init) for app_timer_init
    main.o(i.main) refers to app_error.o(i.app_error_handler_bare) for app_error_handler_bare
    main.o(i.main) refers to app_timer.o(i.app_timer_create) for app_timer_create
    main.o(i.main) refers to app_timer.o(i.app_timer_start) for app_timer_start
    main.o(i.main) refers to memcpya.o(.text) for __aeabi_memcpy4
    main.o(i.main) refers to app_uart_fifo.o(i.app_uart_init) for app_uart_init
    main.o(i.main) refers to bsp.o(i.bsp_init) for bsp_init
    main.o(i.main) refers to bsp_btn_ble.o(i.bsp_btn_ble_init) for bsp_btn_ble_init
    main.o(i.main) refers to peer_manager.o(i.pm_init) for pm_init
    main.o(i.main) refers to peer_manager.o(i.pm_peers_delete) for pm_peers_delete
    main.o(i.main) refers to peer_manager.o(i.pm_register) for pm_register
    main.o(i.main) refers to main.o(i.ble_stack_init) for ble_stack_init
    main.o(i.main) refers to ble_nus.o(i.ble_nus_init) for ble_nus_init
    main.o(i.main) refers to main.o(i.advertising_init) for advertising_init
    main.o(i.main) refers to memseta.o(.text) for __aeabi_memclr4
    main.o(i.main) refers to ble_conn_params.o(i.ble_conn_params_init) for ble_conn_params_init
    main.o(i.main) refers to main.o(i.init_data) for init_data
    main.o(i.main) refers to printf1.o(i.__0printf$1) for __2printf
    main.o(i.main) refers to ble_advertising.o(i.ble_advertising_start) for ble_advertising_start
    main.o(i.main) refers to main.o(i.power_manage) for power_manage
    main.o(i.main) refers to main.o(.bss) for .bss
    main.o(i.main) refers to main.o(i.timer_handler) for timer_handler
    main.o(i.main) refers to main.o(.constdata) for .constdata
    main.o(i.main) refers to main.o(i.uart_event_handle) for uart_event_handle
    main.o(i.main) refers to main.o(i.bsp_event_handler) for bsp_event_handler
    main.o(i.main) refers to main.o(i.pm_evt_handler) for pm_evt_handler
    main.o(i.main) refers to main.o(i.nus_data_handler) for nus_data_handler
    main.o(i.main) refers to main.o(i.on_conn_params_evt) for on_conn_params_evt
[...]
    m_button_timer_id_data                   0x200025ec   Data          32  bsp.o(.bss)
    .bss                                     0x2000260c   Section      179  ble_advertising.o(.bss)
    m_adv_modes_config                       0x2000260c   Data          32  ble_advertising.o(.bss)
    m_advdata                                0x2000262c   Data          60  ble_advertising.o(.bss)
    m_manuf_specific_data                    0x20002668   Data          12  ble_advertising.o(.bss)
    m_manuf_data_array                       0x20002674   Data          31  ble_advertising.o(.bss)
    m_service_data                           0x20002694   Data          12  ble_advertising.o(.bss)
    m_service_data_array                     0x200026a0   Data          31  ble_advertising.o(.bss)
    .bss                                     0x200026c0   Section       32  ble_conn_params.o(.bss)
    m_conn_params_timer_id_data              0x200026c0   Data          32  ble_conn_params.o(.bss)
    .bss                                     0x200026e0   Section       28  ble_conn_params.o(.bss)
    m_conn_params_config                     0x200026e0   Data          28  ble_conn_params.o(.bss)
    .bss                                     0x200026fc   Section      112  id_manager.o(.bss)
    m_connections                            0x200026fc   Data          96  id_manager.o(.bss)
    m_wlisted_peers                          0x2000275c   Data          16  id_manager.o(.bss)
    .bss                                     0x2000276c   Section      816  peer_database.o(.bss)
    buffer_memory                            0x2000276c   Data         640  peer_database.o(.bss)
    m_write_buffer                           0x200029ec   Data          16  peer_database.o(.bss)
    m_write_buffer_records                   0x200029fc   Data         160  peer_database.o(.bss)
    .bss                                     0x20002a9c   Section       64  peer_id.o(.bss)
    m_pi                                     0x20002a9c   Data          64  peer_id.o(.bss)
    .bss                                     0x20002adc   Section       12  peer_manager.o(.bss)
    m_evt_handlers                           0x20002adc   Data          12  peer_manager.o(.bss)
    .bss                                     0x20002ae8   Section       64  security_dispatcher.o(.bss)
    m_peer_pk                                0x20002ae8   Data          64  security_dispatcher.o(.bss)
    .bss                                     0x20002b28   Section       52  ble_conn_state.o(.bss)
    m_bcs                                    0x20002b28   Data          52  ble_conn_state.o(.bss)
    .bss                                     0x20002b5c   Section       20  nrf_drv_clock.o(.bss)
    m_clock_cb                               0x20002b5c   Data          20  nrf_drv_clock.o(.bss)
    .bss                                     0x20002b70   Section       88  nrf_drv_gpiote.o(.bss)
    m_cb                                     0x20002b70   Data          88  nrf_drv_gpiote.o(.bss)
    .bss                                     0x20002bc8   Section       32  nrf_drv_uart.o(.bss)
    m_cb                                     0x20002bc8   Data          32  nrf_drv_uart.o(.bss)
    .bss                                     0x20002be8   Section       32  app_button.o(.bss)
    m_detection_delay_timer_id_data          0x20002be8   Data          32  app_button.o(.bss)
    .bss                                     0x20002c08   Section       32  app_uart_fifo.o(.bss)
    m_rx_fifo                                0x20002c08   Data          16  app_uart_fifo.o(.bss)
    m_tx_fifo                                0x20002c18   Data          16  app_uart_fifo.o(.bss)
    .bss                                     0x20002c28   Section       12  app_util_platform.o(.bss)
    .bss                                     0x20002c34   Section      104  fstorage.o(.bss)
    m_queue                                  0x20002c34   Data         104  fstorage.o(.bss)
    .bss                                     0x20002c9c   Section      284  fds.o(.bss)
    desc                                     0x20002c9c   Data          12  fds.o(.bss)
    m_cb_table                               0x20002ca8   Data          32  fds.o(.bss)
    m_op_queue                               0x20002cc8   Data         120  fds.o(.bss)
    m_chunk_queue                            0x20002d40   Data          72  fds.o(.bss)
    m_pages                                  0x20002d88   Data          32  fds.o(.bss)
    m_gc                                     0x20002da8   Data          16  fds.o(.bss)
    STACK                                    0x20002db8   Section     8192  arm_startup_nrf52.o(STACK)

    Global Symbols

    Symbol Name                              Value     Ov Type        Size  Object(Section)

    BuildAttributes$$THM_ISAv4$E$P$D$K$B$S$7EM$VFPi3$EXTD16$VFPS$VFMA$PE$A:L22UL41UL21$X:L11$S22US41US21$IEEE1$IW$USESV6$~STKCKD$USESV7$~SHL$OSPACE$ROPI$EBA8$MICROLIB$REQ8$PRES8$EABIv2 0x00000000   Number         0  anon$$obj.o ABSOLUTE
    __ARM_use_no_argv                        0x00000000   Number         0  main.o ABSOLUTE
    _printf_a                                0x00000000   Number         0  stubs.o ABSOLUTE
    _printf_c                                0x00000000   Number         0  stubs.o ABSOLUTE
    _printf_charcount                        0x00000000   Number         0  stubs.o ABSOLUTE
    _printf_d                                0x00000000   Number         0  stubs.o ABSOLUTE
    _printf_e                                0x00000000   Number         0  stubs.o ABSOLUTE
    _printf_f                                0x00000000   Number         0  stubs.o ABSOLUTE
    _printf_flags                            0x00000000   Number         0  stubs.o ABSOLUTE
    _printf_fp_dec                           0x00000000   Number         0  stubs.o ABSOLUTE
    _printf_fp_hex                           0x00000000   Number         0  stubs.o ABSOLUTE
    _printf_g                                0x00000000   Number         0  stubs.o ABSOLUTE
    _printf_i                                0x00000000   Number         0  stubs.o ABSOLUTE
    _printf_int_dec                          0x00000000   Number         0  stubs.o ABSOLUTE
    _printf_l                                0x00000000   Number         0  stubs.o ABSOLUTE
    _printf_lc                               0x00000000   Number         0  stubs.o ABSOLUTE
    _printf_ll                               0x00000000   Number         0  stubs.o ABSOLUTE
    _printf_lld                              0x00000000   Number         0  stubs.o ABSOLUTE
    _printf_lli                              0x00000000   Number         0  stubs.o ABSOLUTE
    _printf_llo                              0x00000000   Number         0  stubs.o ABSOLUTE
    _printf_llu                              0x00000000   Number         0  stubs.o ABSOLUTE
    _printf_llx                              0x00000000   Number         0  stubs.o ABSOLUTE
    _printf_longlong_dec                     0x00000000   Number         0  stubs.o ABSOLUTE
    _printf_longlong_hex                     0x00000000   Number         0  stubs.o ABSOLUTE
    _printf_longlong_oct                     0x00000000   Number         0  stubs.o ABSOLUTE
    _printf_ls                               0x00000000   Number         0  stubs.o ABSOLUTE
    _printf_mbtowc                           0x00000000   Number         0  stubs.o ABSOLUTE
    _printf_n                                0x00000000   Number         0  stubs.o ABSOLUTE
    _printf_o                                0x00000000   Number         0  stubs.o ABSOLUTE
    _printf_p                                0x00000000   Number         0  stubs.o ABSOLUTE
    _printf_percent                          0x00000000   Number         0  stubs.o ABSOLUTE
    _printf_pre_padding                      0x00000000   Number         0  stubs.o ABSOLUTE
    _printf_return_value                     0x00000000   Number         0  stubs.o ABSOLUTE
    _printf_s                                0x00000000   Number         0  stubs.o ABSOLUTE
    _printf_sizespec                         0x00000000   Number         0  stubs.o ABSOLUTE
    _printf_str                              0x00000000   Number         0  stubs.o ABSOLUTE
    _printf_truncate_signed                  0x00000000   Number         0  stubs.o ABSOLUTE
    _printf_truncate_unsigned                0x00000000   Number         0  stubs.o ABSOLUTE
    _printf_u                                0x00000000   Number         0  stubs.o ABSOLUTE
    _printf_wc                               0x00000000   Number         0  stubs.o ABSOLUTE
    _printf_wctomb                           0x00000000   Number         0  stubs.o ABSOLUTE
    _printf_widthprec                        0x00000000   Number         0  stubs.o ABSOLUTE
    _printf_x                                0x00000000   Number         0  stubs.o ABSOLUTE
    __cpp_initialize__aeabi_                  - Undefined Weak Reference
    __cxa_finalize                            - Undefined Weak Reference
    _clock_init                               - Undefined Weak Reference
    _microlib_exit                            - Undefined Weak Reference
    __Vectors_Size                           0x00000400   Number         0  arm_startup_nrf52.o ABSOLUTE
    __Vectors                                0x0001f000   Data           4  arm_startup_nrf52.o(RESET)
    __Vectors_End                            0x0001f400   Data           0  arm_startup_nrf52.o(RESET)
    __main                                   0x0001f401   Thumb Code     0  entry.o(.ARM.Collect$$$$00000000)
    _main_stk                                0x0001f401   Thumb Code     0  entry2.o(.ARM.Collect$$$$00000001)
    _main_scatterload                        0x0001f405   Thumb Code     0  entry5.o(.ARM.Collect$$$$00000004)
    __main_after_scatterload                 0x0001f409   Thumb Code     0  entry5.o(.ARM.Collect$$$$00000004)
    _main_clock                              0x0001f409   Thumb Code     0  entry7b.o(.ARM.Collect$$$$00000008)
    _main_cpp_init                           0x0001f409   Thumb Code     0  entry8b.o(.ARM.Collect$$$$0000000A)
    _main_init                               0x0001f409   Thumb Code     0  entry9a.o(.ARM.Collect$$$$0000000B)
    __rt_final_cpp                           0x0001f411   Thumb Code     0  entry10a.o(.ARM.Collect$$$$0000000D)
    __rt_final_exit                          0x0001f411   Thumb Code     0  entry11a.o(.ARM.Collect$$$$0000000F)
    Reset_Handler                            0x0001f415   Thumb Code     8  arm_startup_nrf52.o(.text)
    NMI_Handler                              0x0001f41d   Thumb Code     2  arm_startup_nrf52.o(.text)
    HardFault_Handler                        0x0001f41f   Thumb Code     2  arm_startup_nrf52.o(.text)
    MemoryManagement_Handler                 0x0001f421   Thumb Code     2  arm_startup_nrf52.o(.text)
    BusFault_Handler                         0x0001f423   Thumb Code     2  arm_startup_nrf52.o(.text)
    UsageFault_Handler                       0x0001f425   Thumb Code     2  arm_startup_nrf52.o(.text)
    SVC_Handler                              0x0001f427   Thumb Code     2  arm_startup_nrf52.o(.text)
    DebugMon_Handler                         0x0001f429   Thumb Code     2  arm_startup_nrf52.o(.text)
    PendSV_Handler                           0x0001f42b   Thumb Code     2  arm_startup_nrf52.o(.text)
    SysTick_Handler                          0x0001f42d   Thumb Code     2  arm_startup_nrf52.o(.text)
    CCM_AAR_IRQHandler                       0x0001f42f   Thumb Code     0  arm_startup_nrf52.o(.text)
    COMP_LPCOMP_IRQHandler                   0x0001f42f   Thumb Code     0  arm_startup_nrf52.o(.text)
    ECB_IRQHandler                           0x0001f42f   Thumb Code     0  arm_startup_nrf52.o(.text)
    FPU_IRQHandler                           0x0001f42f   Thumb Code     0  arm_startup_nrf52.o(.text)
    I2S_IRQHandler                           0x0001f42f   Thumb Code     0  arm_startup_nrf52.o(.text)
    MWU_IRQHandler                           0x0001f42f   Thumb Code     0  arm_startup_nrf52.o(.text)
    NFCT_IRQHandler                          0x0001f42f   Thumb Code     0  arm_startup_nrf52.o(.text)
    PDM_IRQHandler                           0x0001f42f   Thumb Code     0  arm_startup_nrf52.o(.text)
    PWM0_IRQHandler                          0x0001f42f   Thumb Code     0  arm_startup_nrf52.o(.text)
    PWM1_IRQHandler                          0x0001f42f   Thumb Code     0  arm_startup_nrf52.o(.text)
    PWM2_IRQHandler                          0x0001f42f   Thumb Code     0  arm_startup_nrf52.o(.text)
    QDEC_IRQHandler                          0x0001f42f   Thumb Code     0  arm_startup_nrf52.o(.text)
    RADIO_IRQHandler                         0x0001f42f   Thumb Code     0  arm_startup_nrf52.o(.text)
    RNG_IRQHandler                           0x0001f42f   Thumb Code     0  arm_startup_nrf52.o(.text)
    RTC0_IRQHandler                          0x0001f42f   Thumb Code     0  arm_startup_nrf52.o(.text)
    RTC2_IRQHandler                          0x0001f42f   Thumb Code     0  arm_startup_nrf52.o(.text)
    SAADC_IRQHandler                         0x0001f42f   Thumb Code     0  arm_startup_nrf52.o(.text)
    SPIM0_SPIS0_TWIM0_TWIS0_SPI0_TWI0_IRQHandler 0x0001f42f   Thumb Code     0  arm_startup_nrf52.o(.text)
    SPIM1_SPIS1_TWIM1_TWIS1_SPI1_TWI1_IRQHandler 0x0001f42f   Thumb Code     0  arm_startup_nrf52.o(.text)
    SPIM2_SPIS2_SPI2_IRQHandler              0x0001f42f   Thumb Code     0  arm_startup_nrf52.o(.text)
    SWI1_EGU1_IRQHandler                     0x0001f42f   Thumb Code     0  arm_startup_nrf52.o(.text)
    SWI3_EGU3_IRQHandler                     0x0001f42f   Thumb Code     0  arm_startup_nrf52.o(.text)
    SWI4_EGU4_IRQHandler                     0x0001f42f   Thumb Code     0  arm_startup_nrf52.o(.text)
    SWI5_EGU5_IRQHandler                     0x0001f42f   Thumb Code     0  arm_startup_nrf52.o(.text)
    TEMP_IRQHandler                          0x0001f42f   Thumb Code     0  arm_startup_nrf52.o(.text)
    TIMER0_IRQHandler                        0x0001f42f   Thumb Code     0  arm_startup_nrf52.o(.text)
    TIMER1_IRQHandler                        0x0001f42f   Thumb Code     0  arm_startup_nrf52.o(.text)
    TIMER2_IRQHandler                        0x0001f42f   Thumb Code     0  arm_startup_nrf52.o(.text)
    TIMER3_IRQHandler                        0x0001f42f   Thumb Code     0  arm_startup_nrf52.o(.text)
    TIMER4_IRQHandler                        0x0001f42f   Thumb Code     0  arm_startup_nrf52.o(.text)
    WDT_IRQHandler                           0x0001f42f   Thumb Code     0  arm_startup_nrf52.o(.text)
    __aeabi_memcpy                           0x0001f439   Thumb Code    36  memcpya.o(.text)
    __aeabi_memcpy4                          0x0001f439   Thumb Code     0  memcpya.o(.text)
    __aeabi_memcpy8                          0x0001f439   Thumb Code     0  memcpya.o(.text)
    __aeabi_memset                           0x0001f45d   Thumb Code    14  memseta.o(.text)
    __aeabi_memset4                          0x0001f45d   Thumb Code     0  memseta.o(.text)
    __aeabi_memset8                          0x0001f45d   Thumb Code     0  memseta.o(.text)
    __aeabi_memclr                           0x0001f46b   Thumb Code     4  memseta.o(.text)
    __aeabi_memclr4                          0x0001f46b   Thumb Code     0  memseta.o(.text)
    __aeabi_memclr8                          0x0001f46b   Thumb Code     0  memseta.o(.text)
    _memset$wrapper                          0x0001f46f   Thumb Code    18  memseta.o(.text)
    memcmp                                   0x0001f481   Thumb Code    26  memcmp.o(.text)
    __aeabi_uidiv                            0x0001f49b   Thumb Code     0  uidiv.o(.text)
    __aeabi_uidivmod                         0x0001f49b   Thumb Code    44  uidiv.o(.text)
    __scatterload                            0x0001f4c9   Thumb Code    28  init.o(.text)
    __scatterload_rt2                        0x0001f4c9   Thumb Code     0  init.o(.text)
    __decompress                             0x0001f4ed   Thumb Code     0  __dczerorl2.o(.text)
    __decompress1                            0x0001f4ed   Thumb Code    86  __dczerorl2.o(.text)
    GPIOTE_IRQHandler                        0x0001f545   Thumb Code   362  nrf_drv_gpiote.o(i.GPIOTE_IRQHandler)
    POWER_CLOCK_IRQHandler                   0x0001f749   Thumb Code    84  nrf_drv_clock.o(i.POWER_CLOCK_IRQHandler)
    RTC1_IRQHandler                          0x0001f7a1   Thumb Code    32  app_timer.o(i.RTC1_IRQHandler)
    SWI0_EGU0_IRQHandler                     0x0001f7c5   Thumb Code     4  app_timer.o(i.SWI0_EGU0_IRQHandler)
    SWI2_EGU2_IRQHandler                     0x0001f7c9   Thumb Code    32  softdevice_handler.o(i.SWI2_EGU2_IRQHandler)
    SystemInit                               0x0001f7ed   Thumb Code   610  system_nrf52.o(i.SystemInit)
    UARTE0_UART0_IRQHandler                  0x0001fa89   Thumb Code    20  nrf_drv_uart.o(i.UARTE0_UART0_IRQHandler)
    __0printf$1                              0x0001faa5   Thumb Code    22  printf1.o(i.__0printf$1)
    __1printf$1                              0x0001faa5   Thumb Code     0  printf1.o(i.__0printf$1)
    __2printf                                0x0001faa5   Thumb Code     0  printf1.o(i.__0printf$1)
    __scatterload_copy                       0x0001fac5   Thumb Code    14  handlers.o(i.__scatterload_copy)
    __scatterload_null                       0x0001fad3   Thumb Code     2  handlers.o(i.__scatterload_null)
    __scatterload_zeroinit                   0x0001fad5   Thumb Code    14  handlers.o(i.__scatterload_zeroinit)
    addr_compare                             0x0001fc5d   Thumb Code    38  id_manager.o(i.addr_compare)
    adv_data_encode                          0x0001fc83   Thumb Code   386  ble_advdata.o(i.adv_data_encode)
    ah                                       0x0001ff01   Thumb Code    82  id_manager.o(i.ah)
    app_button_enable                        0x0001ff59   Thumb Code    32  app_button.o(i.app_button_enable)
    app_button_init                          0x0001ff7d   Thumb Code    96  app_button.o(i.app_button_init)
    app_error_fault_handler                  0x0001ffed   Thumb Code    26  app_error_weak.o(i.app_error_fault_handler)
    app_error_handler_bare                   0x00020011   Thumb Code    22  app_error.o(i.app_error_handler_bare)
    app_fifo_get                             0x00020027   Thumb Code    22  app_fifo.o(i.app_fifo_get)
    app_fifo_init                            0x0002003d   Thumb Code    32  app_fifo.o(i.app_fifo_init)
    app_fifo_put                             0x0002005d   Thumb Code    26  app_fifo.o(i.app_fifo_put)
    app_timer_create                         0x00020079   Thumb Code    32  app_timer.o(i.app_timer_create)
    app_timer_init                           0x0002009d   Thumb Code   102  app_timer.o(i.app_timer_init)
    app_timer_start                          0x0002010d   Thumb Code   128  app_timer.o(i.app_timer_start)
    app_timer_stop                           0x00020195   Thumb Code    26  app_timer.o(i.app_timer_stop)
    app_uart_get                             0x000201b5   Thumb Code    42  app_uart_fifo.o(i.app_uart_get)
    app_uart_init                            0x000201e9   Thumb Code   164  app_uart_fifo.o(i.app_uart_init)
    app_uart_put                             0x0002029d   Thumb Code    52  app_uart_fifo.o(i.app_uart_put)
    app_util_critical_region_enter           0x000202d9   Thumb Code    64  app_util_platform.o(i.app_util_critical_region_enter)
    app_util_critical_region_exit            0x00020321   Thumb Code    46  app_util_platform.o(i.app_util_critical_region_exit)
    ble_advdata_set                          0x000204ad   Thumb Code   104  ble_advdata.o(i.ble_advdata_set)
    ble_advertising_init                     0x00020515   Thumb Code   278  ble_advertising.o(i.ble_advertising_init)
    ble_advertising_on_ble_evt               0x00020635   Thumb Code    88  ble_advertising.o(i.ble_advertising_on_ble_evt)
    ble_advertising_restart_without_whitelist 0x00020691   Thumb Code    50  ble_advertising.o(i.ble_advertising_restart_without_whitelist)
    ble_advertising_start                    0x000206cd   Thumb Code   250  ble_advertising.o(i.ble_advertising_start)
    ble_conn_params_init                     0x000207d1   Thumb Code    72  ble_conn_params.o(i.ble_conn_params_init)
    ble_conn_params_on_ble_evt               0x00020829   Thumb Code   120  ble_conn_params.o(i.ble_conn_params_on_ble_evt)
    ble_conn_state_conn_handles              0x000208ad   Thumb Code    10  ble_conn_state.o(i.ble_conn_state_conn_handles)
    ble_conn_state_encrypted                 0x000208bd   Thumb Code    12  ble_conn_state.o(i.ble_conn_state_encrypted)
    ble_conn_state_mitm_protected            0x000208cd   Thumb Code    12  ble_conn_state.o(i.ble_conn_state_mitm_protected)
    ble_conn_state_role                      0x000208dd   Thumb Code    42  ble_conn_state.o(i.ble_conn_state_role)
    ble_conn_state_user_flag_acquire         0x0002090d   Thumb Code    40  ble_conn_state.o(i.ble_conn_state_user_flag_acquire)
    ble_conn_state_user_flag_collection      0x00020939   Thumb Code    20  ble_conn_state.o(i.ble_conn_state_user_flag_collection)
    ble_conn_state_user_flag_get             0x00020951   Thumb Code    36  ble_conn_state.o(i.ble_conn_state_user_flag_get)
    ble_conn_state_user_flag_set             0x00020979   Thumb Code    40  ble_conn_state.o(i.ble_conn_state_user_flag_set)
    ble_nus_init                             0x00020a39   Thumb Code    94  ble_nus.o(i.ble_nus_init)
    ble_nus_on_ble_evt                       0x00020a9d   Thumb Code    92  ble_nus.o(i.ble_nus_on_ble_evt)
    ble_nus_string_send                      0x00020af9   Thumb Code    78  ble_nus.o(i.ble_nus_string_send)
    ble_srv_is_notification_enabled          0x00020b47   Thumb Code     8  ble_srv_common.o(i.ble_srv_is_notification_enabled)
    bsp_board_button_idx_to_pin              0x00020bad   Thumb Code     6  boards.o(i.bsp_board_button_idx_to_pin)
    bsp_board_button_state_get               0x00020bb9   Thumb Code    28  boards.o(i.bsp_board_button_state_get)
    bsp_board_led_invert                     0x00020bd9   Thumb Code    32  boards.o(i.bsp_board_led_invert)
    bsp_board_led_off                        0x00020bfd   Thumb Code    10  boards.o(i.bsp_board_led_off)
    bsp_board_led_on                         0x00020c0d   Thumb Code    10  boards.o(i.bsp_board_led_on)
    bsp_board_led_state_get                  0x00020c1d   Thumb Code    28  boards.o(i.bsp_board_led_state_get)
    bsp_board_leds_init                      0x00020c3d   Thumb Code    38  boards.o(i.bsp_board_leds_init)
    bsp_board_leds_off                       0x00020c69   Thumb Code    18  boards.o(i.bsp_board_leds_off)
    bsp_board_leds_on                        0x00020c7b   Thumb Code    18  boards.o(i.bsp_board_leds_on)
    bsp_board_pin_to_button_idx              0x00020c8d   Thumb Code    30  boards.o(i.bsp_board_pin_to_button_idx)
    bsp_btn_ble_init                         0x00020cb1   Thumb Code    52  bsp_btn_ble.o(i.bsp_btn_ble_init)
    bsp_btn_ble_on_ble_evt                   0x00020ce9   Thumb Code   106  bsp_btn_ble.o(i.bsp_btn_ble_on_ble_evt)
    bsp_btn_ble_sleep_mode_prepare           0x00020d59   Thumb Code    30  bsp_btn_ble.o(i.bsp_btn_ble_sleep_mode_prepare)
    bsp_button_is_pressed                    0x00020e0d   Thumb Code     4  bsp.o(i.bsp_button_is_pressed)
    bsp_event_handler                        0x00020e11   Thumb Code    64  main.o(i.bsp_event_handler)
    bsp_event_to_button_action_assign        0x00020e55   Thumb Code    64  bsp.o(i.bsp_event_to_button_action_assign)
    bsp_indication_set                       0x00020e99   Thumb Code    20  bsp.o(i.bsp_indication_set)
    bsp_init                                 0x00020eb1   Thumb Code   132  bsp.o(i.bsp_init)
    bsp_wakeup_button_enable                 0x000210bd   Thumb Code    16  bsp.o(i.bsp_wakeup_button_enable)
    chunk_queue_next                         0x00021169   Thumb Code    20  fds.o(i.chunk_queue_next)
    fds_file_delete                          0x00021715   Thumb Code    70  fds.o(i.fds_file_delete)
    fds_init                                 0x00021761   Thumb Code   136  fds.o(i.fds_init)
    fds_record_close                         0x000217ed   Thumb Code    54  fds.o(i.fds_record_close)
    fds_record_find                          0x00021829   Thumb Code    14  fds.o(i.fds_record_find)
    fds_record_find_by_key                   0x00021837   Thumb Code    16  fds.o(i.fds_record_find_by_key)
    fds_record_find_in_file                  0x00021847   Thumb Code    16  fds.o(i.fds_record_find_in_file)
    fds_record_id_from_desc                  0x00021857   Thumb Code    16  fds.o(i.fds_record_id_from_desc)
    fds_record_open                          0x00021869   Thumb Code    60  fds.o(i.fds_record_open)
    fds_record_update                        0x000218a9   Thumb Code    14  fds.o(i.fds_record_update)
    fds_record_write                         0x000218b7   Thumb Code     8  fds.o(i.fds_record_write)
    fds_record_write_reserved                0x000218bf   Thumb Code    12  fds.o(i.fds_record_write_reserved)
    fds_register                             0x000218cd   Thumb Code    26  fds.o(i.fds_register)
    fds_reserve                              0x000218f1   Thumb Code    46  fds.o(i.fds_reserve)
    fds_reserve_cancel                       0x00021925   Thumb Code    60  fds.o(i.fds_reserve_cancel)
    fputc                                    0x00021a41   Thumb Code    14  retarget.o(i.fputc)
    fs_erase                                 0x00021a51   Thumb Code   110  fstorage.o(i.fs_erase)
    fs_init                                  0x00021acd   Thumb Code   164  fstorage.o(i.fs_init)
    fs_queued_op_count_get                   0x00021b7d   Thumb Code    16  fstorage.o(i.fs_queued_op_count_get)
    fs_store                                 0x00021b91   Thumb Code   124  fstorage.o(i.fs_store)
    gcm_ble_evt_handler                      0x00021ded   Thumb Code   232  gatt_cache_manager.o(i.gcm_ble_evt_handler)
    gcm_gscm_evt_handler                     0x00021ed9   Thumb Code   102  gatt_cache_manager.o(i.gcm_gscm_evt_handler)
    gcm_im_evt_handler                       0x00021f45   Thumb Code    44  gatt_cache_manager.o(i.gcm_im_evt_handler)
    gcm_init                                 0x00021f75   Thumb Code    66  gatt_cache_manager.o(i.gcm_init)
    gcm_local_database_has_changed           0x00021fbd   Thumb Code    78  gatt_cache_manager.o(i.gcm_local_database_has_changed)
    gcm_smd_evt_handler                      0x00022011   Thumb Code    14  gatt_cache_manager.o(i.gcm_smd_evt_handler)
    get_connection_by_conn_handle            0x00022021   Thumb Code    48  id_manager.o(i.get_connection_by_conn_handle)
    get_free_connection                      0x00022059   Thumb Code    40  id_manager.o(i.get_free_connection)
    gscm_db_change_notification_done         0x000220e1   Thumb Code    22  gatts_cache_manager.o(i.gscm_db_change_notification_done)
    gscm_init                                0x000220fd   Thumb Code    16  gatts_cache_manager.o(i.gscm_init)
    gscm_local_database_has_changed          0x00022111   Thumb Code    22  gatts_cache_manager.o(i.gscm_local_database_has_changed)
    gscm_local_db_cache_apply                0x0002212d   Thumb Code   106  gatts_cache_manager.o(i.gscm_local_db_cache_apply)
    gscm_local_db_cache_update               0x00022197   Thumb Code   128  gatts_cache_manager.o(i.gscm_local_db_cache_update)
    gscm_pdb_evt_handler                     0x00022219   Thumb Code    78  gatts_cache_manager.o(i.gscm_pdb_evt_handler)
    gscm_service_changed_ind_needed          0x0002226d   Thumb Code    26  gatts_cache_manager.o(i.gscm_service_changed_ind_needed)
    gscm_service_changed_ind_send            0x00022289   Thumb Code    40  gatts_cache_manager.o(i.gscm_service_changed_ind_send)
    im_address_resolve                       0x000222cb   Thumb Code    70  id_manager.o(i.im_address_resolve)
    im_ble_addr_get                          0x00022311   Thumb Code    42  id_manager.o(i.im_ble_addr_get)
    im_ble_evt_handler                       0x00022341   Thumb Code   174  id_manager.o(i.im_ble_evt_handler)
    im_conn_handle_get                       0x000223f1   Thumb Code    40  id_manager.o(i.im_conn_handle_get)
    im_init                                  0x0002241d   Thumb Code    54  id_manager.o(i.im_init)
    im_is_duplicate_bonding_data             0x0002245d   Thumb Code    52  id_manager.o(i.im_is_duplicate_bonding_data)
    im_master_id_is_valid                    0x00022491   Thumb Code    24  id_manager.o(i.im_master_id_is_valid)
    im_master_ids_compare                    0x000224a9   Thumb Code    42  id_manager.o(i.im_master_ids_compare)
    im_new_peer_id                           0x000224d3   Thumb Code     4  id_manager.o(i.im_new_peer_id)
    im_pdb_evt_handler                       0x000224d7   Thumb Code   114  id_manager.o(i.im_pdb_evt_handler)
    im_peer_free                             0x00022549   Thumb Code    38  id_manager.o(i.im_peer_free)
    im_peer_id_get_by_conn_handle            0x00022571   Thumb Code    28  id_manager.o(i.im_peer_id_get_by_conn_handle)
    im_peer_id_get_by_master_id              0x00022591   Thumb Code    60  id_manager.o(i.im_peer_id_get_by_master_id)
    init_data                                0x000225cd   Thumb Code    26  main.o(i.init_data)
    intern_softdevice_events_execute         0x000226ad   Thumb Code   114  softdevice_handler.o(i.intern_softdevice_events_execute)
    is_valid_irk                             0x000227b9   Thumb Code    20  id_manager.o(i.is_valid_irk)
    main                                     0x00022d75   Thumb Code   366  main.o(i.main)
    my_program                               0x00022f95   Thumb Code    28  main.o(i.my_program)
    new_connection                           0x00023065   Thumb Code    80  id_manager.o(i.new_connection)
    next_id_get                              0x000230bd   Thumb Code    48  peer_id.o(i.next_id_get)
    nrf_drv_clock_init                       0x000231a9   Thumb Code    64  nrf_drv_clock.o(i.nrf_drv_clock_init)
    nrf_drv_clock_on_sd_enable               0x000231f1   Thumb Code    44  nrf_drv_clock.o(i.nrf_drv_clock_on_sd_enable)
    nrf_drv_clock_on_soc_event               0x00023221   Thumb Code    10  nrf_drv_clock.o(i.nrf_drv_clock_on_soc_event)
    nrf_drv_common_irq_enable                0x0002322b   Thumb Code    56  nrf_drv_common.o(i.nrf_drv_common_irq_enable)
    nrf_drv_gpiote_in_event_enable           0x00023269   Thumb Code   156  nrf_drv_gpiote.o(i.nrf_drv_gpiote_in_event_enable)
    nrf_drv_gpiote_in_init                   0x0002330d   Thumb Code   172  nrf_drv_gpiote.o(i.nrf_drv_gpiote_in_init)
    nrf_drv_gpiote_in_is_set                 0x000233c5   Thumb Code    20  nrf_drv_gpiote.o(i.nrf_drv_gpiote_in_is_set)
    nrf_drv_gpiote_init                      0x000233d9   Thumb Code    84  nrf_drv_gpiote.o(i.nrf_drv_gpiote_init)
    nrf_drv_gpiote_is_init                   0x00023435   Thumb Code    14  nrf_drv_gpiote.o(i.nrf_drv_gpiote_is_init)
    nrf_drv_uart_init                        0x00023459   Thumb Code    98  nrf_drv_uart.o(i.nrf_drv_uart_init)
    nrf_drv_uart_rx                          0x000234c1   Thumb Code   170  nrf_drv_uart.o(i.nrf_drv_uart_rx)
    nrf_drv_uart_rx_enable                   0x00023571   Thumb Code    42  nrf_drv_uart.o(i.nrf_drv_uart_rx_enable)
    nrf_drv_uart_tx                          0x000236f9   Thumb Code   262  nrf_drv_uart.o(i.nrf_drv_uart_tx)
    nrf_drv_uart_tx_in_progress              0x00023805   Thumb Code    18  nrf_drv_uart.o(i.nrf_drv_uart_tx_in_progress)
    pdb_init                                 0x00023dd9   Thumb Code    66  peer_database.o(i.pdb_init)
    pdb_next_deleted_peer_id_get             0x00023e29   Thumb Code     4  peer_database.o(i.pdb_next_deleted_peer_id_get)
    pdb_next_peer_id_get                     0x00023e2d   Thumb Code     4  peer_database.o(i.pdb_next_peer_id_get)
    pdb_pds_evt_handler                      0x00023e31   Thumb Code   294  peer_database.o(i.pdb_pds_evt_handler)
    pdb_peer_allocate                        0x00023f61   Thumb Code     4  peer_database.o(i.pdb_peer_allocate)
    pdb_peer_data_ptr_get                    0x00023f65   Thumb Code     6  peer_database.o(i.pdb_peer_data_ptr_get)
    pdb_peer_free                            0x00023f6b   Thumb Code    68  peer_database.o(i.pdb_peer_free)
    pdb_raw_store                            0x00023faf   Thumb Code     8  peer_database.o(i.pdb_raw_store)
    pdb_write_buf_get                        0x00023fb9   Thumb Code   260  peer_database.o(i.pdb_write_buf_get)
    pdb_write_buf_release                    0x000240c1   Thumb Code    40  peer_database.o(i.pdb_write_buf_release)
    pdb_write_buf_store                      0x000240e9   Thumb Code   188  peer_database.o(i.pdb_write_buf_store)
    pdb_write_buf_store_prepare              0x000241ad   Thumb Code    98  peer_database.o(i.pdb_write_buf_store_prepare)
    pds_init                                 0x00024221   Thumb Code    98  peer_data_storage.o(i.pds_init)
    pds_next_deleted_peer_id_get             0x0002428d   Thumb Code     4  peer_data_storage.o(i.pds_next_deleted_peer_id_get)
    pds_next_peer_id_get                     0x00024291   Thumb Code     4  peer_data_storage.o(i.pds_next_peer_id_get)
    pds_peer_data_iterate                    0x00024295   Thumb Code    74  peer_data_storage.o(i.pds_peer_data_iterate)
    pds_peer_data_iterate_prepare            0x000242e5   Thumb Code    10  peer_data_storage.o(i.pds_peer_data_iterate_prepare)
    pds_peer_data_read                       0x000242f5   Thumb Code   104  peer_data_storage.o(i.pds_peer_data_read)
    pds_peer_data_store                      0x0002435d   Thumb Code   160  peer_data_storage.o(i.pds_peer_data_store)
    pds_peer_id_allocate                     0x000243fd   Thumb Code     8  peer_data_storage.o(i.pds_peer_id_allocate)
    pds_peer_id_free                         0x00024405   Thumb Code    22  peer_data_storage.o(i.pds_peer_id_free)
    pds_peer_id_is_allocated                 0x0002441b   Thumb Code     4  peer_data_storage.o(i.pds_peer_id_is_allocated)
    pds_space_reserve                        0x0002441f   Thumb Code    46  peer_data_storage.o(i.pds_space_reserve)
    pds_space_reserve_cancel                 0x0002444d   Thumb Code    16  peer_data_storage.o(i.pds_space_reserve_cancel)
    peer_id_allocate                         0x00024551   Thumb Code     6  peer_id.o(i.peer_id_allocate)
    peer_id_delete                           0x0002455d   Thumb Code    32  peer_id.o(i.peer_id_delete)
    peer_id_free                             0x00024581   Thumb Code    24  peer_id.o(i.peer_id_free)
    peer_id_get_next_deleted                 0x0002459d   Thumb Code     6  peer_id.o(i.peer_id_get_next_deleted)
    peer_id_get_next_used                    0x000245a9   Thumb Code    42  peer_id.o(i.peer_id_get_next_used)
    peer_id_init                             0x000245d9   Thumb Code    36  peer_id.o(i.peer_id_init)
    peer_id_is_allocated                     0x00024601   Thumb Code    16  peer_id.o(i.peer_id_is_allocated)
    peer_id_is_deleted                       0x00024615   Thumb Code    16  peer_id.o(i.peer_id_is_deleted)
    pm_buffer_block_acquire                  0x00024675   Thumb Code    92  pm_buffer.o(i.pm_buffer_block_acquire)
    pm_buffer_init                           0x000246d1   Thumb Code    64  pm_buffer.o(i.pm_buffer_init)
    pm_buffer_ptr_get                        0x00024711   Thumb Code    40  pm_buffer.o(i.pm_buffer_ptr_get)
    pm_buffer_release                        0x00024739   Thumb Code    46  pm_buffer.o(i.pm_buffer_release)
    pm_conn_secure                           0x00024769   Thumb Code    14  peer_manager.o(i.pm_conn_secure)
    pm_gcm_evt_handler                       0x000247cb   Thumb Code   136  peer_manager.o(i.pm_gcm_evt_handler)
    pm_im_evt_handler                        0x00024855   Thumb Code    74  peer_manager.o(i.pm_im_evt_handler)
    pm_init                                  0x000248a5   Thumb Code    96  peer_manager.o(i.pm_init)
    pm_local_database_has_changed            0x00024909   Thumb Code    14  peer_manager.o(i.pm_local_database_has_changed)
    pm_mutex_init                            0x0002491d   Thumb Code    14  pm_mutex.o(i.pm_mutex_init)
    pm_mutex_lock                            0x0002492b   Thumb Code    26  pm_mutex.o(i.pm_mutex_lock)
    pm_mutex_lock_first_available            0x00024945   Thumb Code    54  pm_mutex.o(i.pm_mutex_lock_first_available)
    pm_mutex_lock_status_get                 0x0002497b   Thumb Code    24  pm_mutex.o(i.pm_mutex_lock_status_get)
    pm_mutex_unlock                          0x00024993   Thumb Code    58  pm_mutex.o(i.pm_mutex_unlock)
    pm_on_ble_evt                            0x000249cd   Thumb Code    36  peer_manager.o(i.pm_on_ble_evt)
    pm_pdb_evt_handler                       0x000249f5   Thumb Code   338  peer_manager.o(i.pm_pdb_evt_handler)
    pm_peer_delete                           0x00024b4d   Thumb Code    14  peer_manager.o(i.pm_peer_delete)
    pm_peers_delete                          0x00024b61   Thumb Code    50  peer_manager.o(i.pm_peers_delete)
    pm_register                              0x00024b99   Thumb Code    34  peer_manager.o(i.pm_register)
    pm_sm_evt_handler                        0x00024bc5   Thumb Code   346  peer_manager.o(i.pm_sm_evt_handler)
    sdk_mapped_flags_bulk_update_by_key      0x000252d9   Thumb Code    68  sdk_mapped_flags.o(i.sdk_mapped_flags_bulk_update_by_key)
    sdk_mapped_flags_get_by_key              0x0002532d   Thumb Code    38  sdk_mapped_flags.o(i.sdk_mapped_flags_get_by_key)
    sdk_mapped_flags_key_list_get            0x00025353   Thumb Code    74  sdk_mapped_flags.o(i.sdk_mapped_flags_key_list_get)
    sdk_mapped_flags_update_by_key           0x0002539d   Thumb Code    14  sdk_mapped_flags.o(i.sdk_mapped_flags_update_by_key)
    send_data                                0x000254d1   Thumb Code    80  main.o(i.send_data)
    sm_ble_evt_handler                       0x0002581d   Thumb Code    18  security_manager.o(i.sm_ble_evt_handler)
    sm_init                                  0x00025835   Thumb Code    76  security_manager.o(i.sm_init)
    sm_link_secure                           0x00025885   Thumb Code    10  security_manager.o(i.sm_link_secure)
    sm_pdb_evt_handler                       0x00025891   Thumb Code    52  security_manager.o(i.sm_pdb_evt_handler)
    sm_smd_evt_handler                       0x000258c9   Thumb Code   116  security_manager.o(i.sm_smd_evt_handler)
    smd_ble_evt_handler                      0x00025941   Thumb Code   226  security_dispatcher.o(i.smd_ble_evt_handler)
    smd_init                                 0x00025a2d   Thumb Code    56  security_dispatcher.o(i.smd_init)
    smd_link_secure                          0x00025a69   Thumb Code    48  security_dispatcher.o(i.smd_link_secure)
    smd_params_reply                         0x00025a99   Thumb Code   262  security_dispatcher.o(i.smd_params_reply)
    smd_pdb_evt_handler                      0x00025c2d   Thumb Code    48  security_dispatcher.o(i.smd_pdb_evt_handler)
    softdevice_ble_evt_handler_set           0x00025c61   Thumb Code    14  softdevice_handler.o(i.softdevice_ble_evt_handler_set)
    softdevice_enable                        0x00025c75   Thumb Code    14  softdevice_handler.o(i.softdevice_enable)
    softdevice_enable_get_default_config     0x00025c89   Thumb Code    38  softdevice_handler.o(i.softdevice_enable_get_default_config)
    softdevice_fault_handler                 0x00025caf   Thumb Code     4  softdevice_handler.o(i.softdevice_fault_handler)
    softdevice_handler_init                  0x00025cb5   Thumb Code    92  softdevice_handler.o(i.softdevice_handler_init)
    softdevice_handler_is_enabled            0x00025d19   Thumb Code     6  softdevice_handler.o(i.softdevice_handler_is_enabled)
    uart_event_handle                        0x00025fb1   Thumb Code    84  main.o(i.uart_event_handle)
    update_temp                              0x000262c5   Thumb Code    12  main.o(i.update_temp)
    Region$$Table$$Base                      0x000268a8   Number         0  anon$$obj.o(Region$$Table)
    Region$$Table$$Limit                     0x000268c8   Number         0  anon$$obj.o(Region$$Table)
    Image$$RW_IRAM1$$Base                    0x20002128   Number         0  anon$$obj.o ABSOLUTE
    slave_data                               0x20002130   Data           7  main.o(.data)
    __stdout                                 0x2000222c   Data           4  retarget.o(.data)
    SystemCoreClock                          0x2000225c   Data           4  system_nrf52.o(.data)
    fs_data$$Base                            0x20002260   Number         0  fds.o(fs_data)
    fs_data$$Limit                           0x20002270   Number         0  fds.o(fs_data)
    nrf_nvic_state                           0x20002c28   Data          12  app_util_platform.o(.bss)
    __initial_sp                             0x20004db8   Data           0  arm_startup_nrf52.o(STACK)



==============================================================================

Memory Map of the image

  Image Entry point : 0x0001f401

  Load Region LR_IROM1 (Base: 0x0001f000, Size: 0x00007a10, Max: 0x00061000, ABSOLUTE, COMPRESSED[0x000078f4])

    Execution Region ER_IROM1 (Base: 0x0001f000, Size: 0x000078c8, Max: 0x00061000, ABSOLUTE)

    Base Addr    Size         Type   Attr      Idx    E Section Name        Object

    0x0001f000   0x00000400   Data   RO         4662    RESET               arm_startup_nrf52.o
    0x0001f400   0x00000000   Code   RO         4703  * .ARM.Collect$$$$00000000  mc_w.l(entry.o)
    0x0001f400   0x00000004   Code   RO         4979    .ARM.Collect$$$$00000001  mc_w.l(entry2.o)
    0x0001f404   0x00000004   Code   RO         4982    .ARM.Collect$$$$00000004  mc_w.l(entry5.o)
    0x0001f408   0x00000000   Code   RO         4984    .ARM.Collect$$$$00000008  mc_w.l(entry7b.o)
    0x0001f408   0x00000000   Code   RO         4986    .ARM.Collect$$$$0000000A  mc_w.l(entry8b.o)
    0x0001f408   0x00000008   Code   RO         4987    .ARM.Collect$$$$0000000B  mc_w.l(entry9a.o)
    0x0001f410   0x00000000   Code   RO         4989    .ARM.Collect$$$$0000000D  mc_w.l(entry10a.o)
    0x0001f410   0x00000000   Code   RO         4991    .ARM.Collect$$$$0000000F  mc_w.l(entry11a.o)
    0x0001f410   0x00000004   Code   RO         4980    .ARM.Collect$$$$00002712  mc_w.l(entry2.o)
    0x0001f414   0x00000024   Code   RO         4663    .text               arm_startup_nrf52.o
    0x0001f438   0x00000024   Code   RO         4706    .text               mc_w.l(memcpya.o)
    0x0001f45c   0x00000024   Code   RO         4708    .text               mc_w.l(memseta.o)
    0x0001f480   0x0000001a   Code   RO         4712    .text               mc_w.l(memcmp.o)
    0x0001f49a   0x0000002c   Code   RO         4993    .text               mc_w.l(uidiv.o)
    0x0001f4c6   0x00000002   PAD
    0x0001f4c8   0x00000024   Code   RO         5008    .text               mc_w.l(init.o)
    0x0001f4ec   0x00000056   Code   RO         5026    .text               mc_w.l(__dczerorl2.o)
    0x0001f542   0x00000002   PAD
    0x0001f544   0x00000174   Code   RO         2804    i.GPIOTE_IRQHandler  nrf_drv_gpiote.o
    0x0001f6b8   0x00000016   Code   RO         3485    i.NVIC_ClearPendingIRQ  app_timer.o
    0x0001f6ce   0x00000016   Code   RO         4521    i.NVIC_DisableIRQ   softdevice_handler.o
    0x0001f6e4   0x00000016   Code   RO         3486    i.NVIC_EnableIRQ    app_timer.o
    0x0001f6fa   0x00000016   Code   RO         4522    i.NVIC_EnableIRQ    softdevice_handler.o
    0x0001f710   0x00000016   Code   RO         3487    i.NVIC_SetPendingIRQ  app_timer.o
    0x0001f726   0x00000020   Code   RO         3488    i.NVIC_SetPriority  app_timer.o
    0x0001f746   0x00000002   PAD
    0x0001f748   0x00000058   Code   RO         2581    i.POWER_CLOCK_IRQHandler  nrf_drv_clock.o
    0x0001f7a0   0x00000024   Code   RO         3489    i.RTC1_IRQHandler   app_timer.o
    0x0001f7c4   0x00000004   Code   RO         3490    i.SWI0_EGU0_IRQHandler  app_timer.o
    0x0001f7c8   0x00000024   Code   RO         4523    i.SWI2_EGU2_IRQHandler  softdevice_handler.o
    0x0001f7ec   0x0000029c   Code   RO         4671    i.SystemInit        system_nrf52.o
    0x0001fa88   0x0000001c   Code   RO         3044    i.UARTE0_UART0_IRQHandler  nrf_drv_uart.o
    0x0001faa4   0x00000020   Code   RO         4763    i.__0printf$1       mc_w.l(printf1.o)
    0x0001fac4   0x0000000e   Code   RO         5020    i.__scatterload_copy  mc_w.l(handlers.o)
    0x0001fad2   0x00000002   Code   RO         5021    i.__scatterload_null  mc_w.l(handlers.o)
    0x0001fad4   0x0000000e   Code   RO         5022    i.__scatterload_zeroinit  mc_w.l(handlers.o)
    0x0001fae2   0x00000002   PAD
    0x0001fae4   0x00000024   Code   RO         4524    i.__sd_nvic_app_accessible_irq  softdevice_handler.o
    0x0001fb08   0x00000154   Code   RO         4770    i._printf_core      mc_w.l(printf1.o)
    0x0001fc5c   0x00000026   Code   RO          976    i.addr_compare      id_manager.o
    0x0001fc82   0x00000182   Code   RO          678    i.adv_data_encode   ble_advdata.o
    0x0001fe04   0x00000058   Code   RO          758    i.adv_mode_next_avail_get  ble_advertising.o
    0x0001fe5c   0x00000036   Code   RO          596    i.advertising_buttons_configure  bsp_btn_ble.o
    0x0001fe92   0x00000002   PAD
    0x0001fe94   0x0000006c   Code   RO            4    i.advertising_init  main.o
    0x0001ff00   0x00000052   Code   RO          977    i.ah                id_manager.o
    0x0001ff52   0x00000006   Code   RO          481    i.alert_timer_handler  bsp.o
    0x0001ff58   0x00000024   Code   RO         3277    i.app_button_enable  app_button.o
    0x0001ff7c   0x00000070   Code   RO         3278    i.app_button_init   app_button.o
    0x0001ffec   0x00000024   Code   RO         3381    i.app_error_fault_handler  app_error_weak.o
    0x00020010   0x00000016   Code   RO         3339    i.app_error_handler_bare  app_error.o
    0x00020026   0x00000016   Code   RO         3413    i.app_fifo_get      app_fifo.o
    0x0002003c   0x00000020   Code   RO         3414    i.app_fifo_init     app_fifo.o
    0x0002005c   0x0000001a   Code   RO         3416    i.app_fifo_put      app_fifo.o
    0x00020076   0x00000002   PAD
    0x00020078   0x00000024   Code   RO         3493    i.app_timer_create  app_timer.o
    0x0002009c   0x00000070   Code   RO         3494    i.app_timer_init    app_timer.o
    0x0002010c   0x00000088   Code   RO         3495    i.app_timer_start   app_timer.o
    0x00020194   0x00000020   Code   RO         3496    i.app_timer_stop    app_timer.o
    0x000201b4   0x00000034   Code   RO         3647    i.app_uart_get      app_uart_fifo.o
    0x000201e8   0x000000b4   Code   RO         3648    i.app_uart_init     app_uart_fifo.o
    0x0002029c   0x0000003c   Code   RO         3649    i.app_uart_put      app_uart_fifo.o
    0x000202d8   0x00000048   Code   RO         3711    i.app_util_critical_region_enter  app_util_platform.o
    0x00020320   0x00000034   Code   RO         3712    i.app_util_critical_region_exit  app_util_platform.o
    0x00020354   0x000000b8   Code   RO         3045    i.apply_config      nrf_drv_uart.o
    0x0002040c   0x000000a0   Code   RO         1933    i.auth_status_success_process  security_dispatcher.o
    0x000204ac   0x00000068   Code   RO          679    i.ble_advdata_set   ble_advdata.o
    0x00020514   0x00000120   Code   RO          759    i.ble_advertising_init  ble_advertising.o
    0x00020634   0x0000005c   Code   RO          760    i.ble_advertising_on_ble_evt  ble_advertising.o
    0x00020690   0x0000003c   Code   RO          763    i.ble_advertising_restart_without_whitelist  ble_advertising.o
    0x000206cc   0x00000104   Code   RO          764    i.ble_advertising_start  ble_advertising.o
    0x000207d0   0x00000058   Code   RO          849    i.ble_conn_params_init  ble_conn_params.o
    0x00020828   0x00000084   Code   RO          850    i.ble_conn_params_on_ble_evt  ble_conn_params.o
    0x000208ac   0x00000010   Code   RO         2403    i.ble_conn_state_conn_handles  ble_conn_state.o
    0x000208bc   0x00000010   Code   RO         2404    i.ble_conn_state_encrypted  ble_conn_state.o
    0x000208cc   0x00000010   Code   RO         2406    i.ble_conn_state_mitm_protected  ble_conn_state.o
    0x000208dc   0x00000030   Code   RO         2412    i.ble_conn_state_role  ble_conn_state.o
    0x0002090c   0x0000002c   Code   RO         2414    i.ble_conn_state_user_flag_acquire  ble_conn_state.o
    0x00020938   0x00000018   Code   RO         2415    i.ble_conn_state_user_flag_collection  ble_conn_state.o
    0x00020950   0x00000028   Code   RO         2416    i.ble_conn_state_user_flag_get  ble_conn_state.o
    0x00020978   0x0000002c   Code   RO         2417    i.ble_conn_state_user_flag_set  ble_conn_state.o
    0x000209a4   0x00000060   Code   RO          680    i.ble_device_addr_encode  ble_advdata.o
    0x00020a04   0x00000034   Code   RO            6    i.ble_evt_dispatch  main.o
    0x00020a38   0x00000064   Code   RO         2534    i.ble_nus_init      ble_nus.o
    0x00020a9c   0x0000005c   Code   RO         2535    i.ble_nus_on_ble_evt  ble_nus.o
    0x00020af8   0x0000004e   Code   RO         2536    i.ble_nus_string_send  ble_nus.o
    0x00020b46   0x00000008   Code   RO          919    i.ble_srv_is_notification_enabled  ble_srv_common.o
    0x00020b4e   0x00000002   PAD
    0x00020b50   0x0000005c   Code   RO            7    i.ble_stack_init    main.o
    0x00020bac   0x0000000c   Code   RO          365    i.bsp_board_button_idx_to_pin  boards.o
    0x00020bb8   0x00000020   Code   RO          366    i.bsp_board_button_state_get  boards.o
    0x00020bd8   0x00000024   Code   RO          369    i.bsp_board_led_invert  boards.o
    0x00020bfc   0x00000010   Code   RO          370    i.bsp_board_led_off  boards.o
    0x00020c0c   0x00000010   Code   RO          371    i.bsp_board_led_on  boards.o
    0x00020c1c   0x00000020   Code   RO          372    i.bsp_board_led_state_get  boards.o
    0x00020c3c   0x0000002c   Code   RO          373    i.bsp_board_leds_init  boards.o
    0x00020c68   0x00000012   Code   RO          374    i.bsp_board_leds_off  boards.o
    0x00020c7a   0x00000012   Code   RO          375    i.bsp_board_leds_on  boards.o
    0x00020c8c   0x00000024   Code   RO          376    i.bsp_board_pin_to_button_idx  boards.o
    0x00020cb0   0x00000038   Code   RO          597    i.bsp_btn_ble_init  bsp_btn_ble.o
    0x00020ce8   0x00000070   Code   RO          598    i.bsp_btn_ble_on_ble_evt  bsp_btn_ble.o
    0x00020d58   0x0000001e   Code   RO          599    i.bsp_btn_ble_sleep_mode_prepare  bsp_btn_ble.o
    0x00020d76   0x00000002   PAD
    0x00020d78   0x00000094   Code   RO          482    i.bsp_button_event_handler  bsp.o
    0x00020e0c   0x00000004   Code   RO          483    i.bsp_button_is_pressed  bsp.o
    0x00020e10   0x00000044   Code   RO            8    i.bsp_event_handler  main.o
    0x00020e54   0x00000044   Code   RO          486    i.bsp_event_to_button_action_assign  bsp.o
    0x00020e98   0x00000018   Code   RO          487    i.bsp_indication_set  bsp.o
    0x00020eb0   0x00000098   Code   RO          488    i.bsp_init          bsp.o
    0x00020f48   0x00000174   Code   RO          489    i.bsp_led_indication  bsp.o
    0x000210bc   0x00000010   Code   RO          491    i.bsp_wakeup_button_enable  bsp.o
    0x000210cc   0x00000008   Code   RO          492    i.button_timer_handler  bsp.o
    0x000210d4   0x0000001c   Code   RO         2805    i.channel_free      nrf_drv_gpiote.o
    0x000210f0   0x00000048   Code   RO         2806    i.channel_port_alloc  nrf_drv_gpiote.o
    0x00021138   0x00000010   Code   RO         2807    i.channel_port_get  nrf_drv_gpiote.o
    0x00021148   0x00000020   Code   RO         3763    i.check_config      fstorage.o
    0x00021168   0x00000018   Code   RO         3960    i.chunk_queue_next  fds.o
    0x00021180   0x00000038   Code   RO         1447    i.claim             peer_id.o
    0x000211b8   0x00000028   Code   RO         2582    i.clock_clk_started_notify  nrf_drv_clock.o
    0x000211e0   0x000000ac   Code   RO         3498    i.compare_reg_update  app_timer.o
    0x0002128c   0x00000088   Code   RO          681    i.conn_int_encode   ble_advdata.o
    0x00021314   0x00000004   Code   RO            9    i.conn_params_error_handler  main.o
    0x00021318   0x0000005c   Code   RO          852    i.conn_params_negotiation  ble_conn_params.o
    0x00021374   0x0000009c   Code   RO         3961    i.delete_execute    fds.o
    0x00021410   0x00000060   Code   RO         3280    i.detection_delay_timeout_handler  app_button.o
    0x00021470   0x00000040   Code   RO         3499    i.elapsed_ticks_acquire  app_timer.o
    0x000214b0   0x00000030   Code   RO         1934    i.encryption_failure  security_dispatcher.o
    0x000214e0   0x0000006a   Code   RO         3962    i.event_prepare     fds.o
    0x0002154a   0x00000002   PAD
    0x0002154c   0x00000020   Code   RO         3963    i.event_send        fds.o
    0x0002156c   0x00000034   Code   RO         1807    i.events_send_from_err_code  security_manager.o
    0x000215a0   0x0000001c   Code   RO          978    i.evt_send          id_manager.o
    0x000215bc   0x0000000c   Code   RO         1181    i.evt_send          gatt_cache_manager.o
    0x000215c8   0x0000002c   Code   RO         1540    i.evt_send          peer_manager.o
    0x000215f4   0x0000000c   Code   RO         1808    i.evt_send          security_manager.o
    0x00021600   0x0000001c   Code   RO         1935    i.evt_send          security_dispatcher.o
    0x0002161c   0x000000f8   Code   RO         2143    i.fds_evt_handler   peer_data_storage.o
    0x00021714   0x0000004c   Code   RO         3965    i.fds_file_delete   fds.o
    0x00021760   0x0000008c   Code   RO         3967    i.fds_init          fds.o
    0x000217ec   0x0000003c   Code   RO         3968    i.fds_record_close  fds.o
    0x00021828   0x0000000e   Code   RO         3970    i.fds_record_find   fds.o
    0x00021836   0x00000010   Code   RO         3971    i.fds_record_find_by_key  fds.o
    0x00021846   0x00000010   Code   RO         3972    i.fds_record_find_in_file  fds.o
    0x00021856   0x00000010   Code   RO         3973    i.fds_record_id_from_desc  fds.o
    0x00021866   0x00000002   PAD
    0x00021868   0x00000040   Code   RO         3975    i.fds_record_open   fds.o
    0x000218a8   0x0000000e   Code   RO         3976    i.fds_record_update  fds.o
    0x000218b6   0x00000008   Code   RO         3977    i.fds_record_write  fds.o
    0x000218be   0x0000000c   Code   RO         3978    i.fds_record_write_reserved  fds.o
    0x000218ca   0x00000002   PAD
    0x000218cc   0x00000024   Code   RO         3979    i.fds_register      fds.o
    0x000218f0   0x00000034   Code   RO         3980    i.fds_reserve       fds.o
    0x00021924   0x00000044   Code   RO         3981    i.fds_reserve_cancel  fds.o
    0x00021968   0x00000014   Code   RO         3419    i.fifo_get          app_fifo.o
    0x0002197c   0x00000012   Code   RO         3420    i.fifo_put          app_fifo.o
    0x0002198e   0x00000014   Code   RO         2144    i.file_id_within_pm_range  peer_data_storage.o
    0x000219a2   0x00000002   PAD
    0x000219a4   0x00000010   Code   RO         3983    i.flag_clear        fds.o
    0x000219b4   0x00000012   Code   RO         1809    i.flag_id_init      security_manager.o
    0x000219c6   0x00000012   Code   RO         1936    i.flag_id_init      security_dispatcher.o
    0x000219d8   0x00000010   Code   RO         3984    i.flag_set          fds.o
    0x000219e8   0x00000058   Code   RO         1810    i.flags_set_from_err_code  security_manager.o
    0x00021a40   0x0000000e   Code   RO         3917    i.fputc             retarget.o
    0x00021a4e   0x00000002   PAD
    0x00021a50   0x00000074   Code   RO         3764    i.fs_erase          fstorage.o
    0x00021ac4   0x00000006   Code   RO         3985    i.fs_event_handler  fds.o
    0x00021aca   0x00000002   PAD
    0x00021acc   0x000000b0   Code   RO         3766    i.fs_init           fstorage.o
    0x00021b7c   0x00000014   Code   RO         3769    i.fs_queued_op_count_get  fstorage.o
    0x00021b90   0x00000080   Code   RO         3770    i.fs_store          fstorage.o
    0x00021c10   0x00000070   Code   RO         3986    i.gc_execute        fds.o
    0x00021c80   0x00000048   Code   RO         3987    i.gc_next_page      fds.o
    0x00021cc8   0x0000004c   Code   RO         3988    i.gc_page_erase     fds.o
    0x00021d14   0x00000034   Code   RO         3989    i.gc_record_copy    fds.o
    0x00021d48   0x00000024   Code   RO         3990    i.gc_record_find_next  fds.o
    0x00021d6c   0x00000080   Code   RO         3991    i.gc_state_advance  fds.o
    0x00021dec   0x000000ec   Code   RO         1182    i.gcm_ble_evt_handler  gatt_cache_manager.o
    0x00021ed8   0x0000006c   Code   RO         1183    i.gcm_gscm_evt_handler  gatt_cache_manager.o
    0x00021f44   0x00000030   Code   RO         1184    i.gcm_im_evt_handler  gatt_cache_manager.o
    0x00021f74   0x00000048   Code   RO         1185    i.gcm_init          gatt_cache_manager.o
    0x00021fbc   0x00000054   Code   RO         1186    i.gcm_local_database_has_changed  gatt_cache_manager.o
    0x00022010   0x0000000e   Code   RO         1189    i.gcm_smd_evt_handler  gatt_cache_manager.o
    0x0002201e   0x00000002   PAD
    0x00022020   0x00000038   Code   RO          979    i.get_connection_by_conn_handle  id_manager.o
    0x00022058   0x00000030   Code   RO          980    i.get_free_connection  id_manager.o
    0x00022088   0x00000058   Code   RO         3281    i.gpiote_event_handler  app_button.o
    0x000220e0   0x0000001c   Code   RO         2319    i.gscm_db_change_notification_done  gatts_cache_manager.o
    0x000220fc   0x00000014   Code   RO         2320    i.gscm_init         gatts_cache_manager.o
    0x00022110   0x0000001c   Code   RO         2321    i.gscm_local_database_has_changed  gatts_cache_manager.o
    0x0002212c   0x0000006a   Code   RO         2322    i.gscm_local_db_cache_apply  gatts_cache_manager.o
    0x00022196   0x00000080   Code   RO         2324    i.gscm_local_db_cache_update  gatts_cache_manager.o
    0x00022216   0x00000002   PAD
    0x00022218   0x00000054   Code   RO         2325    i.gscm_pdb_evt_handler  gatts_cache_manager.o
    0x0002226c   0x0000001a   Code   RO         2326    i.gscm_service_changed_ind_needed  gatts_cache_manager.o
    0x00022286   0x00000002   PAD
    0x00022288   0x0000002c   Code   RO         2327    i.gscm_service_changed_ind_send  gatts_cache_manager.o
    0x000222b4   0x00000016   Code   RO         3992    i.header_is_valid   fds.o
    0x000222ca   0x00000046   Code   RO          981    i.im_address_resolve  id_manager.o
    0x00022310   0x00000030   Code   RO          982    i.im_ble_addr_get   id_manager.o
    0x00022340   0x000000ae   Code   RO          983    i.im_ble_evt_handler  id_manager.o
    0x000223ee   0x00000002   PAD
    0x000223f0   0x0000002c   Code   RO          984    i.im_conn_handle_get  id_manager.o
    0x0002241c   0x00000040   Code   RO          988    i.im_init           id_manager.o
    0x0002245c   0x00000034   Code   RO          989    i.im_is_duplicate_bonding_data  id_manager.o
    0x00022490   0x00000018   Code   RO          990    i.im_master_id_is_valid  id_manager.o
    0x000224a8   0x0000002a   Code   RO          991    i.im_master_ids_compare  id_manager.o
    0x000224d2   0x00000004   Code   RO          992    i.im_new_peer_id    id_manager.o
    0x000224d6   0x00000072   Code   RO          993    i.im_pdb_evt_handler  id_manager.o
    0x00022548   0x00000026   Code   RO          994    i.im_peer_free      id_manager.o
    0x0002256e   0x00000002   PAD
    0x00022570   0x00000020   Code   RO          995    i.im_peer_id_get_by_conn_handle  id_manager.o
    0x00022590   0x0000003c   Code   RO          996    i.im_peer_id_get_by_master_id  id_manager.o
    0x000225cc   0x00000020   Code   RO           10    i.init_data         main.o
    0x000225ec   0x000000c0   Code   RO         3993    i.init_execute      fds.o
    0x000226ac   0x00000078   Code   RO         4525    i.intern_softdevice_events_execute  softdevice_handler.o
    0x00022724   0x00000078   Code   RO         3046    i.interrupts_enable  nrf_drv_uart.o
    0x0002279c   0x0000001c   Code   RO          853    i.is_conn_params_ok  ble_conn_params.o
    0x000227b8   0x00000014   Code   RO         1001    i.is_valid_irk      id_manager.o
    0x000227cc   0x0000000c   Code   RO         3994    i.is_word_aligned   fds.o
    0x000227d8   0x00000014   Code   RO          493    i.leds_timer_handler  bsp.o
    0x000227ec   0x00000098   Code   RO         1811    i.link_secure       security_manager.o
    0x00022884   0x00000086   Code   RO         1937    i.link_secure_central  security_dispatcher.o
    0x0002290a   0x000000c8   Code   RO         1938    i.link_secure_central_existing_peer  security_dispatcher.o
    0x000229d2   0x0000006c   Code   RO         1939    i.link_secure_central_new_peer  security_dispatcher.o
    0x00022a3e   0x00000002   PAD
    0x00022a40   0x00000058   Code   RO         1940    i.link_secure_failure  security_dispatcher.o
    0x00022a98   0x0000005c   Code   RO         1812    i.link_secure_pending_process  security_manager.o
    0x00022af4   0x000000a8   Code   RO         3500    i.list_deletions_handler  app_timer.o
    0x00022b9c   0x000000b8   Code   RO         3501    i.list_insertions_handler  app_timer.o
    0x00022c54   0x00000074   Code   RO         1190    i.local_db_apply_in_evt  gatt_cache_manager.o
    0x00022cc8   0x00000078   Code   RO         1191    i.local_db_update_in_evt  gatt_cache_manager.o
    0x00022d40   0x00000032   Code   RO         2090    i.lock_by_mask      pm_mutex.o
    0x00022d72   0x00000002   PAD
    0x00022d74   0x000001bc   Code   RO           11    i.main              main.o
    0x00022f30   0x00000064   Code   RO          682    i.manuf_specific_data_encode  ble_advdata.o
    0x00022f94   0x00000034   Code   RO           12    i.my_program        main.o
    0x00022fc8   0x0000009c   Code   RO          683    i.name_encode       ble_advdata.o
    0x00023064   0x00000058   Code   RO         1002    i.new_connection    id_manager.o
    0x000230bc   0x00000030   Code   RO         1448    i.next_id_get       peer_id.o
    0x000230ec   0x00000010   Code   RO         2808    i.nrf_bitmask_bit_is_set  nrf_drv_gpiote.o
    0x000230fc   0x0000000e   Code   RO         2586    i.nrf_clock_event_check  nrf_drv_clock.o
    0x0002310a   0x00000010   Code   RO         2587    i.nrf_clock_event_clear  nrf_drv_clock.o
    0x0002311a   0x00000002   PAD
    0x0002311c   0x0000008c   Code   RO         3502    i.nrf_delay_us      app_timer.o
    0x000231a8   0x00000048   Code   RO         2594    i.nrf_drv_clock_init  nrf_drv_clock.o
    0x000231f0   0x00000030   Code   RO         2601    i.nrf_drv_clock_on_sd_enable  nrf_drv_clock.o
    0x00023220   0x0000000a   Code   RO         2602    i.nrf_drv_clock_on_soc_event  nrf_drv_clock.o
    0x0002322a   0x00000038   Code   RO         2758    i.nrf_drv_common_irq_enable  nrf_drv_common.o
    0x00023262   0x00000006   Code   RO         3048    i.nrf_drv_get_IRQn  nrf_drv_uart.o
    0x00023268   0x000000a4   Code   RO         2813    i.nrf_drv_gpiote_in_event_enable  nrf_drv_gpiote.o
    0x0002330c   0x000000b8   Code   RO         2814    i.nrf_drv_gpiote_in_init  nrf_drv_gpiote.o
    0x000233c4   0x00000014   Code   RO         2815    i.nrf_drv_gpiote_in_is_set  nrf_drv_gpiote.o
    0x000233d8   0x0000005c   Code   RO         2817    i.nrf_drv_gpiote_init  nrf_drv_gpiote.o
    0x00023434   0x00000014   Code   RO         2818    i.nrf_drv_gpiote_is_init  nrf_drv_gpiote.o
    0x00023448   0x00000010   Code   RO         3049    i.nrf_drv_is_in_RAM  nrf_drv_uart.o
    0x00023458   0x00000068   Code   RO         3051    i.nrf_drv_uart_init  nrf_drv_uart.o
    0x000234c0   0x000000b0   Code   RO         3052    i.nrf_drv_uart_rx   nrf_drv_uart.o
    0x00023570   0x00000030   Code   RO         3055    i.nrf_drv_uart_rx_enable  nrf_drv_uart.o
    0x000235a0   0x000000a8   Code   RO         3056    i.nrf_drv_uart_rx_for_uart  nrf_drv_uart.o
    0x00023648   0x000000b0   Code   RO         3057    i.nrf_drv_uart_rx_for_uarte  nrf_drv_uart.o
    0x000236f8   0x0000010c   Code   RO         3058    i.nrf_drv_uart_tx   nrf_drv_uart.o
    0x00023804   0x00000018   Code   RO         3060    i.nrf_drv_uart_tx_in_progress  nrf_drv_uart.o
    0x0002381c   0x00000024   Code   RO          378    i.nrf_gpio_cfg      boards.o
    0x00023840   0x00000024   Code   RO         2832    i.nrf_gpio_cfg      nrf_drv_gpiote.o
    0x00023864   0x00000024   Code   RO         3062    i.nrf_gpio_cfg      nrf_drv_uart.o
    0x00023888   0x00000012   Code   RO         3064    i.nrf_gpio_cfg_input  nrf_drv_uart.o
    0x0002389a   0x00000014   Code   RO         3065    i.nrf_gpio_cfg_output  nrf_drv_uart.o
    0x000238ae   0x00000022   Code   RO          494    i.nrf_gpio_cfg_sense_set  bsp.o
    0x000238d0   0x00000022   Code   RO         2834    i.nrf_gpio_cfg_sense_set  nrf_drv_gpiote.o
    0x000238f2   0x00000016   Code   RO          379    i.nrf_gpio_pin_write  boards.o
    0x00023908   0x00000028   Code   RO         2835    i.nrf_gpio_ports_read  nrf_drv_gpiote.o
    0x00023930   0x00000014   Code   RO         2836    i.nrf_gpiote_event_clear  nrf_drv_gpiote.o
    0x00023944   0x00000010   Code   RO         2837    i.nrf_gpiote_event_is_set  nrf_drv_gpiote.o
    0x00023954   0x0000000a   Code   RO         3066    i.nrf_uart_event_check  nrf_drv_uart.o
    0x0002395e   0x0000000c   Code   RO         3067    i.nrf_uart_event_clear  nrf_drv_uart.o
    0x0002396a   0x0000000c   Code   RO         3068    i.nrf_uart_int_enable_check  nrf_drv_uart.o
    0x00023976   0x0000000a   Code   RO         3069    i.nrf_uarte_event_check  nrf_drv_uart.o
    0x00023980   0x0000000c   Code   RO         3070    i.nrf_uarte_event_clear  nrf_drv_uart.o
    0x0002398c   0x00000030   Code   RO           13    i.nus_data_handler  main.o
    0x000239bc   0x00000024   Code   RO           14    i.on_adv_evt        main.o
    0x000239e0   0x000000e8   Code   RO           15    i.on_ble_evt        main.o
    0x00023ac8   0x0000001c   Code   RO           16    i.on_conn_params_evt  main.o
    0x00023ae4   0x00000080   Code   RO         3995    i.op_enqueue        fds.o
    0x00023b64   0x00000012   Code   RO         3996    i.page_offsets_update  fds.o
    0x00023b76   0x00000002   PAD
    0x00023b78   0x00000064   Code   RO         3997    i.page_scan         fds.o
    0x00023bdc   0x0000001c   Code   RO         3998    i.page_tag_write_data  fds.o
    0x00023bf8   0x00000024   Code   RO         3999    i.page_tag_write_swap  fds.o
    0x00023c1c   0x000000f8   Code   RO         4000    i.pages_init        fds.o
    0x00023d14   0x0000006c   Code   RO         1941    i.pairing_failure   security_dispatcher.o
    0x00023d80   0x0000003c   Code   RO         1813    i.params_reply_pending_process  security_manager.o
    0x00023dbc   0x0000001c   Code   RO         1284    i.pdb_evt_send      peer_database.o
    0x00023dd8   0x00000050   Code   RO         1285    i.pdb_init          peer_database.o
    0x00023e28   0x00000004   Code   RO         1287    i.pdb_next_deleted_peer_id_get  peer_database.o
    0x00023e2c   0x00000004   Code   RO         1288    i.pdb_next_peer_id_get  peer_database.o
    0x00023e30   0x00000130   Code   RO         1289    i.pdb_pds_evt_handler  peer_database.o
    0x00023f60   0x00000004   Code   RO         1290    i.pdb_peer_allocate  peer_database.o
    0x00023f64   0x00000006   Code   RO         1292    i.pdb_peer_data_ptr_get  peer_database.o
    0x00023f6a   0x00000044   Code   RO         1293    i.pdb_peer_free     peer_database.o
    0x00023fae   0x00000008   Code   RO         1294    i.pdb_raw_store     peer_database.o
    0x00023fb6   0x00000002   PAD
    0x00023fb8   0x00000108   Code   RO         1295    i.pdb_write_buf_get  peer_database.o
    0x000240c0   0x00000028   Code   RO         1296    i.pdb_write_buf_release  peer_database.o
    0x000240e8   0x000000c4   Code   RO         1297    i.pdb_write_buf_store  peer_database.o
    0x000241ac   0x00000068   Code   RO         1298    i.pdb_write_buf_store_prepare  peer_database.o
    0x00024214   0x0000000c   Code   RO         2145    i.pds_evt_send      peer_data_storage.o
    0x00024220   0x0000006c   Code   RO         2146    i.pds_init          peer_data_storage.o
    0x0002428c   0x00000004   Code   RO         2147    i.pds_next_deleted_peer_id_get  peer_data_storage.o
    0x00024290   0x00000004   Code   RO         2148    i.pds_next_peer_id_get  peer_data_storage.o
    0x00024294   0x00000050   Code   RO         2151    i.pds_peer_data_iterate  peer_data_storage.o
    0x000242e4   0x00000010   Code   RO         2152    i.pds_peer_data_iterate_prepare  peer_data_storage.o
    0x000242f4   0x00000068   Code   RO         2153    i.pds_peer_data_read  peer_data_storage.o
    0x0002435c   0x000000a0   Code   RO         2154    i.pds_peer_data_store  peer_data_storage.o
    0x000243fc   0x00000008   Code   RO         2155    i.pds_peer_id_allocate  peer_data_storage.o
    0x00024404   0x00000016   Code   RO         2156    i.pds_peer_id_free  peer_data_storage.o
    0x0002441a   0x00000004   Code   RO         2157    i.pds_peer_id_is_allocated  peer_data_storage.o
    0x0002441e   0x0000002e   Code   RO         2158    i.pds_space_reserve  peer_data_storage.o
    0x0002444c   0x00000010   Code   RO         2159    i.pds_space_reserve_cancel  peer_data_storage.o
    0x0002445c   0x00000006   Code   RO         1299    i.peer_data_const_point_to_buffer  peer_database.o
    0x00024462   0x00000002   PAD
    0x00024464   0x00000080   Code   RO         2160    i.peer_data_delete  peer_data_storage.o
    0x000244e4   0x00000030   Code   RO         2161    i.peer_data_find    peer_data_storage.o
    0x00024514   0x00000020   Code   RO         2162    i.peer_data_id_is_valid  peer_data_storage.o
    0x00024534   0x0000001a   Code   RO         1300    i.peer_data_point_to_buffer  peer_database.o
    0x0002454e   0x00000002   PAD
    0x00024550   0x0000000c   Code   RO         1449    i.peer_id_allocate  peer_id.o
    0x0002455c   0x00000024   Code   RO         1450    i.peer_id_delete    peer_id.o
    0x00024580   0x0000001c   Code   RO         1451    i.peer_id_free      peer_id.o
    0x0002459c   0x0000000c   Code   RO         1452    i.peer_id_get_next_deleted  peer_id.o
    0x000245a8   0x00000030   Code   RO         1453    i.peer_id_get_next_used  peer_id.o
    0x000245d8   0x00000028   Code   RO         1454    i.peer_id_init      peer_id.o
    0x00024600   0x00000014   Code   RO         1455    i.peer_id_is_allocated  peer_id.o
    0x00024614   0x00000014   Code   RO         1456    i.peer_id_is_deleted  peer_id.o
    0x00024628   0x0000001c   Code   RO         1003    i.peer_id_set       id_manager.o
    0x00024644   0x00000018   Code   RO         2838    i.pin_in_use_by_port  nrf_drv_gpiote.o
    0x0002465c   0x00000018   Code   RO         2839    i.pin_in_use_by_te  nrf_drv_gpiote.o
    0x00024674   0x0000005c   Code   RO         2048    i.pm_buffer_block_acquire  pm_buffer.o
    0x000246d0   0x00000040   Code   RO         2049    i.pm_buffer_init    pm_buffer.o
    0x00024710   0x00000028   Code   RO         2050    i.pm_buffer_ptr_get  pm_buffer.o
    0x00024738   0x0000002e   Code   RO         2051    i.pm_buffer_release  pm_buffer.o
    0x00024766   0x00000002   PAD
    0x00024768   0x00000014   Code   RO         1544    i.pm_conn_secure    peer_manager.o
    0x0002477c   0x0000004e   Code   RO           17    i.pm_evt_handler    main.o
    0x000247ca   0x00000088   Code   RO         1546    i.pm_gcm_evt_handler  peer_manager.o
    0x00024852   0x00000002   PAD
    0x00024854   0x00000050   Code   RO         1549    i.pm_im_evt_handler  peer_manager.o
    0x000248a4   0x00000064   Code   RO         1550    i.pm_init           peer_manager.o
    0x00024908   0x00000014   Code   RO         1552    i.pm_local_database_has_changed  peer_manager.o
    0x0002491c   0x0000000e   Code   RO         2091    i.pm_mutex_init     pm_mutex.o
    0x0002492a   0x0000001a   Code   RO         2092    i.pm_mutex_lock     pm_mutex.o
    0x00024944   0x00000036   Code   RO         2093    i.pm_mutex_lock_first_available  pm_mutex.o
    0x0002497a   0x00000018   Code   RO         2094    i.pm_mutex_lock_status_get  pm_mutex.o
    0x00024992   0x0000003a   Code   RO         2095    i.pm_mutex_unlock   pm_mutex.o
    0x000249cc   0x00000028   Code   RO         1554    i.pm_on_ble_evt     peer_manager.o
    0x000249f4   0x00000158   Code   RO         1555    i.pm_pdb_evt_handler  peer_manager.o
    0x00024b4c   0x00000014   Code   RO         1566    i.pm_peer_delete    peer_manager.o
    0x00024b60   0x00000038   Code   RO         1571    i.pm_peers_delete   peer_manager.o
    0x00024b98   0x0000002c   Code   RO         1574    i.pm_register       peer_manager.o
    0x00024bc4   0x00000160   Code   RO         1577    i.pm_sm_evt_handler  peer_manager.o
    0x00024d24   0x0000000c   Code   RO           18    i.power_manage      main.o
    0x00024d30   0x00000038   Code   RO         3774    i.queue_get_next_free  fstorage.o
    0x00024d68   0x00000070   Code   RO         3775    i.queue_process     fstorage.o
    0x00024dd8   0x000000bc   Code   RO         4001    i.queue_process     fds.o
    0x00024e94   0x0000001c   Code   RO         3776    i.queue_start       fstorage.o
    0x00024eb0   0x00000020   Code   RO         4002    i.queue_start       fds.o
    0x00024ed0   0x00000088   Code   RO         4003    i.record_find       fds.o
    0x00024f58   0x0000009c   Code   RO         4004    i.record_find_by_desc  fds.o
    0x00024ff4   0x0000004c   Code   RO         4005    i.record_find_next  fds.o
    0x00025040   0x00000024   Code   RO         4006    i.record_header_flag_dirty  fds.o
    0x00025064   0x00000014   Code   RO         2163    i.record_key_within_pm_range  peer_data_storage.o
    0x00025078   0x0000005c   Code   RO         4007    i.record_write_chunk  fds.o
    0x000250d4   0x00000010   Code   RO         1458    i.release           peer_id.o
    0x000250e4   0x0000003c   Code   RO         3503    i.rtc1_stop         app_timer.o
    0x00025120   0x00000032   Code   RO         3072    i.rx_byte           nrf_drv_uart.o
    0x00025152   0x000000dc   Code   RO         2537    i.rx_char_add       ble_nus.o
    0x0002522e   0x00000018   Code   RO         3073    i.rx_done_event     nrf_drv_uart.o
    0x00025246   0x00000020   Code   RO         3074    i.rx_enable         nrf_drv_uart.o
    0x00025266   0x00000002   PAD
    0x00025268   0x00000070   Code   RO         4527    i.sd_nvic_EnableIRQ  softdevice_handler.o
    0x000252d8   0x00000044   Code   RO         4266    i.sdk_mapped_flags_bulk_update_by_key  sdk_mapped_flags.o
    0x0002531c   0x00000010   Code   RO         4268    i.sdk_mapped_flags_get_by_index  sdk_mapped_flags.o
    0x0002532c   0x00000026   Code   RO         4269    i.sdk_mapped_flags_get_by_key  sdk_mapped_flags.o
    0x00025352   0x0000004a   Code   RO         4270    i.sdk_mapped_flags_key_list_get  sdk_mapped_flags.o
    0x0002539c   0x0000000e   Code   RO         4272    i.sdk_mapped_flags_update_by_key  sdk_mapped_flags.o
    0x000253aa   0x000000b2   Code   RO         1942    i.sec_info_request_process  security_dispatcher.o
    0x0002545c   0x00000054   Code   RO         1943    i.sec_proc_start    security_dispatcher.o
    0x000254b0   0x00000020   Code   RO         1944    i.sec_start_send    security_dispatcher.o
    0x000254d0   0x00000094   Code   RO           19    i.send_data         main.o
    0x00025564   0x0000004c   Code   RO         3777    i.send_event        fstorage.o
    0x000255b0   0x00000058   Code   RO         1192    i.service_changed_pending_flags_check  gatt_cache_manager.o
    0x00025608   0x00000044   Code   RO         2328    i.service_changed_pending_set  gatts_cache_manager.o
    0x0002564c   0x00000094   Code   RO         1193    i.service_changed_send_in_evt  gatt_cache_manager.o
    0x000256e0   0x00000088   Code   RO          684    i.service_data_encode  ble_advdata.o
    0x00025768   0x00000048   Code   RO          766    i.set_adv_mode_fast  ble_advertising.o
    0x000257b0   0x00000044   Code   RO          767    i.set_adv_mode_slow  ble_advertising.o
    0x000257f4   0x00000028   Code   RO           20    i.sleep_mode_enter  main.o
    0x0002581c   0x00000018   Code   RO         1815    i.sm_ble_evt_handler  security_manager.o
    0x00025834   0x00000050   Code   RO         1817    i.sm_init           security_manager.o
    0x00025884   0x0000000a   Code   RO         1819    i.sm_link_secure    security_manager.o
    0x0002588e   0x00000002   PAD
    0x00025890   0x00000038   Code   RO         1820    i.sm_pdb_evt_handler  security_manager.o
    0x000258c8   0x00000078   Code   RO         1823    i.sm_smd_evt_handler  security_manager.o
    0x00025940   0x000000ec   Code   RO         1945    i.smd_ble_evt_handler  security_dispatcher.o
    0x00025a2c   0x0000003c   Code   RO         1946    i.smd_init          security_dispatcher.o
    0x00025a68   0x00000030   Code   RO         1947    i.smd_link_secure   security_dispatcher.o
    0x00025a98   0x0000010c   Code   RO         1948    i.smd_params_reply  security_dispatcher.o
    0x00025ba4   0x00000088   Code   RO         1824    i.smd_params_reply_perform  security_manager.o
    0x00025c2c   0x00000034   Code   RO         1949    i.smd_pdb_evt_handler  security_dispatcher.o
    0x00025c60   0x00000014   Code   RO         4528    i.softdevice_ble_evt_handler_set  softdevice_handler.o
    0x00025c74   0x00000014   Code   RO         4529    i.softdevice_enable  softdevice_handler.o
    0x00025c88   0x00000026   Code   RO         4530    i.softdevice_enable_get_default_config  softdevice_handler.o
    0x00025cae   0x00000004   Code   RO         4531    i.softdevice_fault_handler  softdevice_handler.o
    0x00025cb2   0x00000002   PAD
    0x00025cb4   0x00000064   Code   RO         4532    i.softdevice_handler_init  softdevice_handler.o
    0x00025d18   0x0000000c   Code   RO         4533    i.softdevice_handler_is_enabled  softdevice_handler.o
    0x00025d24   0x0000001c   Code   RO           21    i.timer_handler     main.o
    0x00025d40   0x0000008c   Code   RO         3504    i.timer_list_handler  app_timer.o
    0x00025dcc   0x0000003c   Code   RO         3505    i.timer_list_insert  app_timer.o
    0x00025e08   0x00000048   Code   RO         3506    i.timer_stop_op_schedule  app_timer.o
    0x00025e50   0x00000084   Code   RO         3507    i.timer_timeouts_check  app_timer.o
    0x00025ed4   0x00000020   Code   RO         3075    i.tx_byte           nrf_drv_uart.o
    0x00025ef4   0x000000a0   Code   RO         2538    i.tx_char_add       ble_nus.o
    0x00025f94   0x0000001c   Code   RO         3076    i.tx_done_event     nrf_drv_uart.o
    0x00025fb0   0x0000005c   Code   RO           22    i.uart_event_handle  main.o
    0x0002600c   0x000000a0   Code   RO         3650    i.uart_event_handler  app_uart_fifo.o
    0x000260ac   0x0000011e   Code   RO         3077    i.uart_irq_handler  nrf_drv_uart.o
    0x000261ca   0x000000f0   Code   RO         3078    i.uarte_irq_handler  nrf_drv_uart.o
    0x000262ba   0x0000000a   Code   RO          685    i.uint16_encode     ble_advdata.o
    0x000262c4   0x00000010   Code   RO           23    i.update_temp       main.o
    0x000262d4   0x00000060   Code   RO          854    i.update_timeout_handler  ble_conn_params.o
    0x00026334   0x00000018   Code   RO         2419    i.user_flag_is_acquired  ble_conn_state.o
    0x0002634c   0x00000030   Code   RO         3508    i.user_op_alloc     app_timer.o
    0x0002637c   0x00000030   Code   RO          686    i.uuid_list_encode  ble_advdata.o
    0x000263ac   0x0000009e   Code   RO          687    i.uuid_list_sized_encode  ble_advdata.o
    0x0002644a   0x00000024   Code   RO         1301    i.write_buf_length_words_set  peer_database.o
    0x0002646e   0x00000024   Code   RO         1302    i.write_buffer_record_find  peer_database.o
    0x00026492   0x00000002   PAD
    0x00026494   0x0000002c   Code   RO         1303    i.write_buffer_record_find_next  peer_database.o
    0x000264c0   0x0000001e   Code   RO         1304    i.write_buffer_record_invalidate  peer_database.o
    0x000264de   0x00000002   PAD
    0x000264e0   0x0000002c   Code   RO         1305    i.write_buffer_record_release  peer_database.o
    0x0002650c   0x00000124   Code   RO         4008    i.write_enqueue     fds.o
    0x00026630   0x000000e8   Code   RO         4009    i.write_execute     fds.o
    0x00026718   0x00000014   Code   RO         4010    i.write_space_free  fds.o
    0x0002672c   0x00000054   Code   RO         4011    i.write_space_reserve  fds.o
    0x00026780   0x00000020   Data   RO           26    .constdata          main.o
    0x000267a0   0x00000008   Data   RO          380    .constdata          boards.o
    0x000267a8   0x0000002c   Data   RO          499    .constdata          bsp.o
    0x000267d4   0x00000004   Data   RO          857    .constdata          ble_conn_params.o
    0x000267d8   0x00000008   Data   RO         1006    .constdata          id_manager.o
    0x000267e0   0x00000014   Data   RO         1307    .constdata          peer_database.o
    0x000267f4   0x00000004   Data   RO         1825    .constdata          security_manager.o
    0x000267f8   0x00000044   Data   RO         1951    .constdata          security_dispatcher.o
    0x0002683c   0x00000004   Data   RO         2164    .constdata          peer_data_storage.o
    0x00026840   0x00000004   Data   RO         2329    .constdata          gatts_cache_manager.o
    0x00026844   0x00000010   Data   RO         2330    .constdata          gatts_cache_manager.o
    0x00026854   0x00000004   Data   RO         2331    .constdata          gatts_cache_manager.o
    0x00026858   0x00000010   Data   RO         2539    .constdata          ble_nus.o
    0x00026868   0x00000004   Data   RO         2841    .constdata          nrf_drv_gpiote.o
    0x0002686c   0x00000008   Data   RO         3283    .constdata          app_button.o
    0x00026874   0x00000020   Data   RO         3652    .constdata          app_uart_fifo.o
    0x00026894   0x00000014   Data   RO         4013    .constdata          fds.o
    0x000268a8   0x00000020   Data   RO         5018    Region$$Table       anon$$obj.o


    Execution Region RW_IRAM1 (Base: 0x20002128, Size: 0x00002c90, Max: 0x0000ded8, ABSOLUTE, COMPRESSED[0x0000002c])

    Base Addr    Size         Type   Attr      Idx    E Section Name        Object

    0x20002128   0x0000000f   Data   RW           27    .data               main.o
    0x20002137   0x00000001   PAD
    0x20002138   0x00000014   Data   RW          500    .data               bsp.o
    0x2000214c   0x00000008   Data   RW          600    .data               bsp_btn_ble.o
    0x20002154   0x0000001f   Data   RW          769    .data               ble_advertising.o
    0x20002173   0x00000001   PAD
    0x20002174   0x00000014   Data   RW          858    .data               ble_conn_params.o
    0x20002188   0x00000003   Data   RW         1007    .data               id_manager.o
    0x2000218b   0x00000001   PAD
    0x2000218c   0x0000000c   Data   RW         1194    .data               gatt_cache_manager.o
    0x20002198   0x00000008   Data   RW         1308    .data               peer_database.o
    0x200021a0   0x00000010   Data   RW         1582    .data               peer_manager.o
    0x200021b0   0x00000015   Data   RW         1826    .data               security_manager.o
    0x200021c5   0x00000004   Data   RW         1952    .data               security_dispatcher.o
    0x200021c9   0x00000003   PAD
    0x200021cc   0x0000000c   Data   RW         2165    .data               peer_data_storage.o
    0x200021d8   0x0000000c   Data   RW         2332    .data               gatts_cache_manager.o
    0x200021e4   0x00000014   Data   RW         3284    .data               app_button.o
    0x200021f8   0x00000020   Data   RW         3509    .data               app_timer.o
    0x20002218   0x00000010   Data   RW         3653    .data               app_uart_fifo.o
    0x20002228   0x00000002   Data   RW         3779    .data               fstorage.o
    0x2000222a   0x00000002   PAD
    0x2000222c   0x00000004   Data   RW         3918    .data               retarget.o
    0x20002230   0x00000018   Data   RW         4014    .data               fds.o
    0x20002248   0x00000014   Data   RW         4539    .data               softdevice_handler.o
    0x2000225c   0x00000004   Data   RW         4672    .data               system_nrf52.o
    0x20002260   0x00000010   Data   RW         4015    fs_data             fds.o
    0x20002270   0x00000020   Zero   RW           24    .bss                main.o
    0x20002290   0x00000310   Zero   RW           25    .bss                main.o
    0x200025a0   0x00000020   Zero   RW          495    .bss                bsp.o
    0x200025c0   0x00000020   Zero   RW          496    .bss                bsp.o
    0x200025e0   0x0000000c   Zero   RW          497    .bss                bsp.o
    0x200025ec   0x00000020   Zero   RW          498    .bss                bsp.o
    0x2000260c   0x000000b3   Zero   RW          768    .bss                ble_advertising.o
    0x200026bf   0x00000001   PAD
    0x200026c0   0x00000020   Zero   RW          855    .bss                ble_conn_params.o
    0x200026e0   0x0000001c   Zero   RW          856    .bss                ble_conn_params.o
    0x200026fc   0x00000070   Zero   RW         1005    .bss                id_manager.o
    0x2000276c   0x00000330   Zero   RW         1306    .bss                peer_database.o
    0x20002a9c   0x00000040   Zero   RW         1459    .bss                peer_id.o
    0x20002adc   0x0000000c   Zero   RW         1580    .bss                peer_manager.o
    0x20002ae8   0x00000040   Zero   RW         1950    .bss                security_dispatcher.o
    0x20002b28   0x00000034   Zero   RW         2420    .bss                ble_conn_state.o
    0x20002b5c   0x00000014   Zero   RW         2604    .bss                nrf_drv_clock.o
    0x20002b70   0x00000058   Zero   RW         2840    .bss                nrf_drv_gpiote.o
    0x20002bc8   0x00000020   Zero   RW         3079    .bss                nrf_drv_uart.o
    0x20002be8   0x00000020   Zero   RW         3282    .bss                app_button.o
    0x20002c08   0x00000020   Zero   RW         3651    .bss                app_uart_fifo.o
    0x20002c28   0x0000000c   Zero   RW         3715    .bss                app_util_platform.o
    0x20002c34   0x00000068   Zero   RW         3778    .bss                fstorage.o
    0x20002c9c   0x0000011c   Zero   RW         4012    .bss                fds.o
    0x20002db8   0x00002000   Zero   RW         4660    STACK               arm_startup_nrf52.o


==============================================================================

Image component sizes


      Code (inc. data)   RO Data    RW Data    ZI Data      Debug   Object Name

       332         34          8         20         32       9762   app_button.o
        22          0          0          0          0       2141   app_error.o
        36         10          0          0          0      27305   app_error_weak.o
       118          0          0          0          0       4662   app_fifo.o
      1694        114          0         32          0      63315   app_timer.o
       452         42         32         16         32      10462   app_uart_fifo.o
       124         14          0          0         12       9258   app_util_platform.o
        36          8       1024          0       8192        876   arm_startup_nrf52.o
      1330          0          0          0          0      30140   ble_advdata.o
       928         64          0         31        179      10116   ble_advertising.o
       436         54          4         20         60       5504   ble_conn_params.o
       272         40          0          0         52       8101   ble_conn_state.o
       650          6         16          0          0       5550   ble_nus.o
         8          0          0          0          0       1358   ble_srv_common.o
       318         42          8          0          0      12628   boards.o
       852         78         44         20        108      14039   bsp.o
       252         10          0          8          0       4669   bsp_btn_ble.o
      3552        322         20         40        284      43705   fds.o
       744         54          0          2        104      10424   fstorage.o
      1046         52          0         12          0      14496   gatt_cache_manager.o
       532         36         24         12          0       9079   gatts_cache_manager.o
      1154         56          8          3        112      22749   id_manager.o
      1610        254         32         15        816     148485   main.o
       288         22          0          0         20      12204   nrf_drv_clock.o
        56          0          0          0          0      27507   nrf_drv_common.o
      1178         84          4          0         88      27480   nrf_drv_gpiote.o
      2140         66          0          0         32      40725   nrf_drv_uart.o
      1080         42          4         12          0      19016   peer_data_storage.o
      1332         66         20          8        816      22519   peer_database.o
       336         38          0          0         64       8471   peer_id.o
      1256        102          0         16         12      12134   peer_manager.o
       242          0          0          0          0       4227   pm_buffer.o
       226          0          0          0          0       5025   pm_mutex.o
        14          0          0          4          0       2722   retarget.o
       210          0          0          0          0       5213   sdk_mapped_flags.o
      1850         66         68          4         64      20088   security_dispatcher.o
       900         62          4         21          0      14614   security_manager.o
       542         46          0         20          0      42335   softdevice_handler.o
       668         58          0          4          0       2587   system_nrf52.o

    ----------------------------------------------------------------------
     28876       1942       1352        328      11080     735691   Object Totals
         0          0         32          0          0          0   (incl. Generated)
        60          0          0          8          1          0   (incl. Padding)

    ----------------------------------------------------------------------

      Code (inc. data)   RO Data    RW Data    ZI Data      Debug   Library Member Name

        86          0          0          0          0          0   __dczerorl2.o
         0          0          0          0          0          0   entry.o
         0          0          0          0          0          0   entry10a.o
         0          0          0          0          0          0   entry11a.o
         8          4          0          0          0          0   entry2.o
         4          0          0          0          0          0   entry5.o
         0          0          0          0          0          0   entry7b.o
         0          0          0          0          0          0   entry8b.o
         8          4          0          0          0          0   entry9a.o
        30          0          0          0          0          0   handlers.o
        36          8          0          0          0         68   init.o
        26          0          0          0          0         80   memcmp.o
        36          0          0          0          0         68   memcpya.o
        36          0          0          0          0        108   memseta.o
       372         14          0          0          0        184   printf1.o
        44          0          0          0          0         80   uidiv.o

    ----------------------------------------------------------------------
       692         30          0          0          0        588   Library Totals
         6          0          0          0          0          0   (incl. Padding)

    ----------------------------------------------------------------------

      Code (inc. data)   RO Data    RW Data    ZI Data      Debug   Library Name

       686         30          0          0          0        588   mc_w.l

    ----------------------------------------------------------------------
       692         30          0          0          0        588   Library Totals

    ----------------------------------------------------------------------

==============================================================================


      Code (inc. data)   RO Data    RW Data    ZI Data      Debug   

     29568       1972       1352        328      11080     697855   Grand Totals
     29568       1972       1352         44      11080     697855   ELF Image Totals (compressed)
     29568       1972       1352         44          0          0   ROM Totals

==============================================================================

    Total RO  Size (Code + RO Data)                30920 (  30.20kB)
    Total RW  Size (RW Data + ZI Data)             11408 (  11.14kB)
    Total ROM Size (Code + RO Data + RW Data)      30964 (  30.24kB)

==============================================================================

